/home/intel/example_ws/install/learning_gazebo_harmonic/lib/python3.12/site-packages/learning_gazebo_harmonic/__init__.py
/home/intel/example_ws/install/learning_gazebo_harmonic/lib/python3.12/site-packages/learning_gazebo_harmonic/__pycache__/__init__.cpython-312.pyc
/home/intel/example_ws/install/learning_gazebo_harmonic/share/ament_index/resource_index/packages/learning_gazebo_harmonic
/home/intel/example_ws/install/learning_gazebo_harmonic/share/learning_gazebo_harmonic/package.xml
/home/intel/example_ws/install/learning_gazebo_harmonic/share/learning_gazebo_harmonic/launch/load_urdf_into_gazebo_harmonic.launch.py
/home/intel/example_ws/install/learning_gazebo_harmonic/share/learning_gazebo_harmonic/launch/load_mbot_rgbd_into_maze_gazebo_harmonic.launch.py
/home/intel/example_ws/install/learning_gazebo_harmonic/share/learning_gazebo_harmonic/launch/load_mbot_lidar_into_gazebo_harmonic.launch.py
/home/intel/example_ws/install/learning_gazebo_harmonic/share/learning_gazebo_harmonic/launch/load_mbot_rgbd_into_gazebo_harmonic.launch.py
/home/intel/example_ws/install/learning_gazebo_harmonic/share/learning_gazebo_harmonic/launch/load_mbot_lidar_into_maze_gazebo_harmonic.launch.py
/home/intel/example_ws/install/learning_gazebo_harmonic/share/learning_gazebo_harmonic/launch/load_mbot_camera_into_gazebo_harmonic.launch.py
/home/intel/example_ws/install/learning_gazebo_harmonic/share/learning_gazebo_harmonic/urdf/mbot_with_lidar.sdf
/home/intel/example_ws/install/learning_gazebo_harmonic/share/learning_gazebo_harmonic/urdf/mbot_with_rgbd_gazebo_harmonic.xacro
/home/intel/example_ws/install/learning_gazebo_harmonic/share/learning_gazebo_harmonic/urdf/mbot_with_camera_gazebo_harmonic.xacro
/home/intel/example_ws/install/learning_gazebo_harmonic/share/learning_gazebo_harmonic/urdf/mbot_base_gazebo_harmonic.xacro
/home/intel/example_ws/install/learning_gazebo_harmonic/share/learning_gazebo_harmonic/urdf/mbot_with_lidar_gazebo_harmonic.xacro
/home/intel/example_ws/install/learning_gazebo_harmonic/share/learning_gazebo_harmonic/urdf/mbot_gazebo_harmonic.xacro
/home/intel/example_ws/install/learning_gazebo_harmonic/share/learning_gazebo_harmonic/urdf/sensors/camera_gazebo_harmonic.xacro
/home/intel/example_ws/install/learning_gazebo_harmonic/share/learning_gazebo_harmonic/urdf/sensors/rgbd_gazebo_harmonic.xacro
/home/intel/example_ws/install/learning_gazebo_harmonic/share/learning_gazebo_harmonic/urdf/sensors/lidar_gazebo_harmonic.xacro
/home/intel/example_ws/install/learning_gazebo_harmonic/share/learning_gazebo_harmonic/worlds/empty.sdf
/home/intel/example_ws/install/learning_gazebo_harmonic/share/learning_gazebo_harmonic/worlds/maze.sdf
/home/intel/example_ws/install/learning_gazebo_harmonic/share/learning_gazebo_harmonic/worlds/depot.sdf
/home/intel/example_ws/install/learning_gazebo_harmonic/share/learning_gazebo_harmonic/rviz
/home/intel/example_ws/install/learning_gazebo_harmonic/share/learning_gazebo_harmonic/config/ros_gz_bridge_mbot_rgbd.yaml
/home/intel/example_ws/install/learning_gazebo_harmonic/share/learning_gazebo_harmonic/config/ros_gz_bridge_mbot_camera.yaml
/home/intel/example_ws/install/learning_gazebo_harmonic/share/learning_gazebo_harmonic/config/ros_gz_bridge_mbot_lidar.yaml
/home/intel/example_ws/install/learning_gazebo_harmonic/share/learning_gazebo_harmonic/config/ros_gz_bridge_mbot.yaml
/home/intel/example_ws/install/learning_gazebo_harmonic/lib/python3.12/site-packages/learning_gazebo_harmonic-0.0.0-py3.12.egg-info/dependency_links.txt
/home/intel/example_ws/install/learning_gazebo_harmonic/lib/python3.12/site-packages/learning_gazebo_harmonic-0.0.0-py3.12.egg-info/requires.txt
/home/intel/example_ws/install/learning_gazebo_harmonic/lib/python3.12/site-packages/learning_gazebo_harmonic-0.0.0-py3.12.egg-info/PKG-INFO
/home/intel/example_ws/install/learning_gazebo_harmonic/lib/python3.12/site-packages/learning_gazebo_harmonic-0.0.0-py3.12.egg-info/zip-safe
/home/intel/example_ws/install/learning_gazebo_harmonic/lib/python3.12/site-packages/learning_gazebo_harmonic-0.0.0-py3.12.egg-info/SOURCES.txt
/home/intel/example_ws/install/learning_gazebo_harmonic/lib/python3.12/site-packages/learning_gazebo_harmonic-0.0.0-py3.12.egg-info/top_level.txt
