[1.073s] Invoking command in '/home/intel/example_ws/src/ros2_21_tutorials/learning_action': AMENT_PREFIX_PATH=/home/intel/example_ws/install/learning_interface:${AMENT_PREFIX_PATH} CMAKE_PREFIX_PATH=/home/intel/example_ws/install/learning_interface:${CMAKE_PREFIX_PATH} DEBUGINFOD_URLS=https://debuginfod.ubuntu.com LD_LIBRARY_PATH=/home/intel/example_ws/install/learning_interface/lib:${LD_LIBRARY_PATH} PYTHONPATH=/home/intel/example_ws/build/learning_action/prefix_override:/usr/lib/python3/dist-packages/colcon_core/task/python/colcon_distutils_commands:/home/intel/example_ws/install/learning_action/lib/python3.12/site-packages:/home/intel/example_ws/install/learning_interface/lib/python3.12/site-packages:${PYTHONPATH} /usr/bin/python3 -W ignore:setup.py install is deprecated -W ignore:easy_install command is deprecated setup.py egg_info --egg-base ../../../build/learning_action build --build-base /home/intel/example_ws/build/learning_action/build install --record /home/intel/example_ws/build/learning_action/install.log --single-version-externally-managed install_data
[1.227s] running egg_info
[1.227s] creating ../../../build/learning_action/learning_action.egg-info
[1.238s] writing ../../../build/learning_action/learning_action.egg-info/PKG-INFO
[1.238s] writing dependency_links to ../../../build/learning_action/learning_action.egg-info/dependency_links.txt
[1.238s] writing entry points to ../../../build/learning_action/learning_action.egg-info/entry_points.txt
[1.238s] writing requirements to ../../../build/learning_action/learning_action.egg-info/requires.txt
[1.238s] writing top-level names to ../../../build/learning_action/learning_action.egg-info/top_level.txt
[1.238s] writing manifest file '../../../build/learning_action/learning_action.egg-info/SOURCES.txt'
[1.259s] reading manifest file '../../../build/learning_action/learning_action.egg-info/SOURCES.txt'
[1.260s] writing manifest file '../../../build/learning_action/learning_action.egg-info/SOURCES.txt'
[1.260s] running build
[1.260s] running build_py
[1.260s] creating /home/intel/example_ws/build/learning_action/build
[1.260s] creating /home/intel/example_ws/build/learning_action/build/lib
[1.260s] creating /home/intel/example_ws/build/learning_action/build/lib/learning_action
[1.260s] copying learning_action/action_move_client.py -> /home/intel/example_ws/build/learning_action/build/lib/learning_action
[1.260s] copying learning_action/__init__.py -> /home/intel/example_ws/build/learning_action/build/lib/learning_action
[1.261s] copying learning_action/action_move_server.py -> /home/intel/example_ws/build/learning_action/build/lib/learning_action
[1.261s] running install
[1.264s] running install_lib
[1.275s] creating /home/intel/example_ws/install/learning_action/lib/python3.12/site-packages/learning_action
[1.275s] copying /home/intel/example_ws/build/learning_action/build/lib/learning_action/action_move_client.py -> /home/intel/example_ws/install/learning_action/lib/python3.12/site-packages/learning_action
[1.275s] copying /home/intel/example_ws/build/learning_action/build/lib/learning_action/__init__.py -> /home/intel/example_ws/install/learning_action/lib/python3.12/site-packages/learning_action
[1.275s] copying /home/intel/example_ws/build/learning_action/build/lib/learning_action/action_move_server.py -> /home/intel/example_ws/install/learning_action/lib/python3.12/site-packages/learning_action
[1.276s] byte-compiling /home/intel/example_ws/install/learning_action/lib/python3.12/site-packages/learning_action/action_move_client.py to action_move_client.cpython-312.pyc
[1.276s] byte-compiling /home/intel/example_ws/install/learning_action/lib/python3.12/site-packages/learning_action/__init__.py to __init__.cpython-312.pyc
[1.276s] byte-compiling /home/intel/example_ws/install/learning_action/lib/python3.12/site-packages/learning_action/action_move_server.py to action_move_server.cpython-312.pyc
[1.277s] running install_data
[1.277s] creating /home/intel/example_ws/install/learning_action/share/ament_index
[1.277s] creating /home/intel/example_ws/install/learning_action/share/ament_index/resource_index
[1.277s] creating /home/intel/example_ws/install/learning_action/share/ament_index/resource_index/packages
[1.277s] copying resource/learning_action -> /home/intel/example_ws/install/learning_action/share/ament_index/resource_index/packages
[1.277s] copying package.xml -> /home/intel/example_ws/install/learning_action/share/learning_action
[1.277s] running install_egg_info
[1.288s] Copying ../../../build/learning_action/learning_action.egg-info to /home/intel/example_ws/install/learning_action/lib/python3.12/site-packages/learning_action-0.0.0-py3.12.egg-info
[1.288s] running install_scripts
[1.361s] Installing action_move_client script to /home/intel/example_ws/install/learning_action/lib/learning_action
[1.361s] Installing action_move_server script to /home/intel/example_ws/install/learning_action/lib/learning_action
[1.361s] writing list of installed files to '/home/intel/example_ws/build/learning_action/install.log'
[1.389s] Invoked command in '/home/intel/example_ws/src/ros2_21_tutorials/learning_action' returned '0': AMENT_PREFIX_PATH=/home/intel/example_ws/install/learning_interface:${AMENT_PREFIX_PATH} CMAKE_PREFIX_PATH=/home/intel/example_ws/install/learning_interface:${CMAKE_PREFIX_PATH} DEBUGINFOD_URLS=https://debuginfod.ubuntu.com LD_LIBRARY_PATH=/home/intel/example_ws/install/learning_interface/lib:${LD_LIBRARY_PATH} PYTHONPATH=/home/intel/example_ws/build/learning_action/prefix_override:/usr/lib/python3/dist-packages/colcon_core/task/python/colcon_distutils_commands:/home/intel/example_ws/install/learning_action/lib/python3.12/site-packages:/home/intel/example_ws/install/learning_interface/lib/python3.12/site-packages:${PYTHONPATH} /usr/bin/python3 -W ignore:setup.py install is deprecated -W ignore:easy_install command is deprecated setup.py egg_info --egg-base ../../../build/learning_action build --build-base /home/intel/example_ws/build/learning_action/build install --record /home/intel/example_ws/build/learning_action/install.log --single-version-externally-managed install_data
