running develop
running egg_info
creating my_robot.egg-info
writing my_robot.egg-info/PKG-INFO
writing dependency_links to my_robot.egg-info/dependency_links.txt
writing requirements to my_robot.egg-info/requires.txt
writing top-level names to my_robot.egg-info/top_level.txt
writing manifest file 'my_robot.egg-info/SOURCES.txt'
reading manifest file 'my_robot.egg-info/SOURCES.txt'
writing manifest file 'my_robot.egg-info/SOURCES.txt'
running build_ext
Creating /home/intel/example_ws/install/my_robot/lib/python3.12/site-packages/my-robot.egg-link (link to .)

Installed /home/intel/example_ws/build/my_robot
running symlink_data
creating /home/intel/example_ws/install/my_robot/share/ament_index
creating /home/intel/example_ws/install/my_robot/share/ament_index/resource_index
creating /home/intel/example_ws/install/my_robot/share/ament_index/resource_index/packages
symbolically linking /home/intel/example_ws/build/my_robot/resource/my_robot -> /home/intel/example_ws/install/my_robot/share/ament_index/resource_index/packages
symbolically linking /home/intel/example_ws/build/my_robot/package.xml -> /home/intel/example_ws/install/my_robot/share/my_robot
creating /home/intel/example_ws/install/my_robot/share/my_robot/urdf
symbolically linking /home/intel/example_ws/build/my_robot/urdf/my_robot.urdf.xacro -> /home/intel/example_ws/install/my_robot/share/my_robot/urdf
creating /home/intel/example_ws/install/my_robot/share/my_robot/worlds
symbolically linking /home/intel/example_ws/build/my_robot/worlds/empty.sdf -> /home/intel/example_ws/install/my_robot/share/my_robot/worlds
creating /home/intel/example_ws/install/my_robot/share/my_robot/launch
symbolically linking /home/intel/example_ws/build/my_robot/launch/sim.launch.py -> /home/intel/example_ws/install/my_robot/share/my_robot/launch
