[0.457s] Invoking command in '/home/intel/example_ws/build/my_robot': DEBUGINFOD_URLS=https://debuginfod.ubuntu.com PYTHONPATH=/home/intel/example_ws/build/my_robot/prefix_override:/usr/lib/python3/dist-packages/colcon_core/task/python/colcon_distutils_commands:/home/intel/example_ws/install/my_robot/lib/python3.12/site-packages:${PYTHONPATH} /usr/bin/python3 -W ignore:setup.py install is deprecated -W ignore:easy_install command is deprecated setup.py develop --editable --build-directory /home/intel/example_ws/build/my_robot/build --no-deps symlink_data
[0.644s] running develop
[0.741s] running egg_info
[0.741s] creating my_robot.egg-info
[0.750s] writing my_robot.egg-info/PKG-INFO
[0.750s] writing dependency_links to my_robot.egg-info/dependency_links.txt
[0.751s] writing requirements to my_robot.egg-info/requires.txt
[0.751s] writing top-level names to my_robot.egg-info/top_level.txt
[0.751s] writing manifest file 'my_robot.egg-info/SOURCES.txt'
[0.770s] reading manifest file 'my_robot.egg-info/SOURCES.txt'
[0.770s] writing manifest file 'my_robot.egg-info/SOURCES.txt'
[0.780s] running build_ext
[0.781s] Creating /home/intel/example_ws/install/my_robot/lib/python3.12/site-packages/my-robot.egg-link (link to .)
[0.781s] 
[0.781s] Installed /home/intel/example_ws/build/my_robot
[0.781s] running symlink_data
[0.781s] creating /home/intel/example_ws/install/my_robot/share/ament_index
[0.782s] creating /home/intel/example_ws/install/my_robot/share/ament_index/resource_index
[0.782s] creating /home/intel/example_ws/install/my_robot/share/ament_index/resource_index/packages
[0.782s] symbolically linking /home/intel/example_ws/build/my_robot/resource/my_robot -> /home/intel/example_ws/install/my_robot/share/ament_index/resource_index/packages
[0.782s] symbolically linking /home/intel/example_ws/build/my_robot/package.xml -> /home/intel/example_ws/install/my_robot/share/my_robot
[0.782s] creating /home/intel/example_ws/install/my_robot/share/my_robot/urdf
[0.782s] symbolically linking /home/intel/example_ws/build/my_robot/urdf/my_robot.urdf.xacro -> /home/intel/example_ws/install/my_robot/share/my_robot/urdf
[0.783s] creating /home/intel/example_ws/install/my_robot/share/my_robot/worlds
[0.783s] symbolically linking /home/intel/example_ws/build/my_robot/worlds/empty.sdf -> /home/intel/example_ws/install/my_robot/share/my_robot/worlds
[0.783s] creating /home/intel/example_ws/install/my_robot/share/my_robot/launch
[0.783s] symbolically linking /home/intel/example_ws/build/my_robot/launch/sim.launch.py -> /home/intel/example_ws/install/my_robot/share/my_robot/launch
[0.807s] Invoked command in '/home/intel/example_ws/build/my_robot' returned '0': DEBUGINFOD_URLS=https://debuginfod.ubuntu.com PYTHONPATH=/home/intel/example_ws/build/my_robot/prefix_override:/usr/lib/python3/dist-packages/colcon_core/task/python/colcon_distutils_commands:/home/intel/example_ws/install/my_robot/lib/python3.12/site-packages:${PYTHONPATH} /usr/bin/python3 -W ignore:setup.py install is deprecated -W ignore:easy_install command is deprecated setup.py develop --editable --build-directory /home/intel/example_ws/build/my_robot/build --no-deps symlink_data
