/home/intel/example_ws/install/learning_node/lib/python3.12/site-packages/learning_node/node_helloworld_class.py
/home/intel/example_ws/install/learning_node/lib/python3.12/site-packages/learning_node/node_object_webcam.py
/home/intel/example_ws/install/learning_node/lib/python3.12/site-packages/learning_node/__init__.py
/home/intel/example_ws/install/learning_node/lib/python3.12/site-packages/learning_node/node_object.py
/home/intel/example_ws/install/learning_node/lib/python3.12/site-packages/learning_node/node_helloworld.py
/home/intel/example_ws/install/learning_node/lib/python3.12/site-packages/learning_node/__pycache__/node_helloworld_class.cpython-312.pyc
/home/intel/example_ws/install/learning_node/lib/python3.12/site-packages/learning_node/__pycache__/node_object_webcam.cpython-312.pyc
/home/intel/example_ws/install/learning_node/lib/python3.12/site-packages/learning_node/__pycache__/__init__.cpython-312.pyc
/home/intel/example_ws/install/learning_node/lib/python3.12/site-packages/learning_node/__pycache__/node_object.cpython-312.pyc
/home/intel/example_ws/install/learning_node/lib/python3.12/site-packages/learning_node/__pycache__/node_helloworld.cpython-312.pyc
/home/intel/example_ws/install/learning_node/share/ament_index/resource_index/packages/learning_node
/home/intel/example_ws/install/learning_node/share/learning_node/package.xml
/home/intel/example_ws/install/learning_node/lib/python3.12/site-packages/learning_node-0.0.0-py3.12.egg-info/dependency_links.txt
/home/intel/example_ws/install/learning_node/lib/python3.12/site-packages/learning_node-0.0.0-py3.12.egg-info/requires.txt
/home/intel/example_ws/install/learning_node/lib/python3.12/site-packages/learning_node-0.0.0-py3.12.egg-info/PKG-INFO
/home/intel/example_ws/install/learning_node/lib/python3.12/site-packages/learning_node-0.0.0-py3.12.egg-info/entry_points.txt
/home/intel/example_ws/install/learning_node/lib/python3.12/site-packages/learning_node-0.0.0-py3.12.egg-info/zip-safe
/home/intel/example_ws/install/learning_node/lib/python3.12/site-packages/learning_node-0.0.0-py3.12.egg-info/SOURCES.txt
/home/intel/example_ws/install/learning_node/lib/python3.12/site-packages/learning_node-0.0.0-py3.12.egg-info/top_level.txt
/home/intel/example_ws/install/learning_node/lib/learning_node/node_helloworld
/home/intel/example_ws/install/learning_node/lib/learning_node/node_helloworld_class
/home/intel/example_ws/install/learning_node/lib/learning_node/node_object
/home/intel/example_ws/install/learning_node/lib/learning_node/node_object_webcam
