[2.047s] Invoking command in '/home/intel/example_ws/src/ros2_21_tutorials/learning_qos': DEBUGINFOD_URLS=https://debuginfod.ubuntu.com PYTHONPATH=/home/intel/example_ws/build/learning_qos/prefix_override:/usr/lib/python3/dist-packages/colcon_core/task/python/colcon_distutils_commands:/home/intel/example_ws/install/learning_qos/lib/python3.12/site-packages:${PYTHONPATH} /usr/bin/python3 -W ignore:setup.py install is deprecated -W ignore:easy_install command is deprecated setup.py egg_info --egg-base ../../../build/learning_qos build --build-base /home/intel/example_ws/build/learning_qos/build install --record /home/intel/example_ws/build/learning_qos/install.log --single-version-externally-managed install_data
[2.567s] running egg_info
[2.567s] creating ../../../build/learning_qos/learning_qos.egg-info
[2.567s] writing ../../../build/learning_qos/learning_qos.egg-info/PKG-INFO
[2.567s] writing dependency_links to ../../../build/learning_qos/learning_qos.egg-info/dependency_links.txt
[2.567s] writing entry points to ../../../build/learning_qos/learning_qos.egg-info/entry_points.txt
[2.568s] writing requirements to ../../../build/learning_qos/learning_qos.egg-info/requires.txt
[2.568s] writing top-level names to ../../../build/learning_qos/learning_qos.egg-info/top_level.txt
[2.569s] writing manifest file '../../../build/learning_qos/learning_qos.egg-info/SOURCES.txt'
[2.569s] reading manifest file '../../../build/learning_qos/learning_qos.egg-info/SOURCES.txt'
[2.569s] writing manifest file '../../../build/learning_qos/learning_qos.egg-info/SOURCES.txt'
[2.569s] running build
[2.569s] running build_py
[2.569s] creating /home/intel/example_ws/build/learning_qos/build
[2.569s] creating /home/intel/example_ws/build/learning_qos/build/lib
[2.569s] creating /home/intel/example_ws/build/learning_qos/build/lib/learning_qos
[2.569s] copying learning_qos/qos_helloworld_pub.py -> /home/intel/example_ws/build/learning_qos/build/lib/learning_qos
[2.569s] copying learning_qos/qos_helloworld_sub.py -> /home/intel/example_ws/build/learning_qos/build/lib/learning_qos
[2.569s] copying learning_qos/__init__.py -> /home/intel/example_ws/build/learning_qos/build/lib/learning_qos
[2.569s] running install
[2.569s] running install_lib
[2.569s] creating /home/intel/example_ws/install/learning_qos/lib/python3.12/site-packages/learning_qos
[2.569s] copying /home/intel/example_ws/build/learning_qos/build/lib/learning_qos/qos_helloworld_pub.py -> /home/intel/example_ws/install/learning_qos/lib/python3.12/site-packages/learning_qos
[2.570s] copying /home/intel/example_ws/build/learning_qos/build/lib/learning_qos/qos_helloworld_sub.py -> /home/intel/example_ws/install/learning_qos/lib/python3.12/site-packages/learning_qos
[2.570s] copying /home/intel/example_ws/build/learning_qos/build/lib/learning_qos/__init__.py -> /home/intel/example_ws/install/learning_qos/lib/python3.12/site-packages/learning_qos
[2.570s] byte-compiling /home/intel/example_ws/install/learning_qos/lib/python3.12/site-packages/learning_qos/qos_helloworld_pub.py to qos_helloworld_pub.cpython-312.pyc
[2.570s] byte-compiling /home/intel/example_ws/install/learning_qos/lib/python3.12/site-packages/learning_qos/qos_helloworld_sub.py to qos_helloworld_sub.cpython-312.pyc
[2.570s] byte-compiling /home/intel/example_ws/install/learning_qos/lib/python3.12/site-packages/learning_qos/__init__.py to __init__.cpython-312.pyc
[2.570s] running install_data
[2.570s] creating /home/intel/example_ws/install/learning_qos/share/ament_index
[2.570s] creating /home/intel/example_ws/install/learning_qos/share/ament_index/resource_index
[2.570s] creating /home/intel/example_ws/install/learning_qos/share/ament_index/resource_index/packages
[2.570s] copying resource/learning_qos -> /home/intel/example_ws/install/learning_qos/share/ament_index/resource_index/packages
[2.570s] copying package.xml -> /home/intel/example_ws/install/learning_qos/share/learning_qos
[2.570s] running install_egg_info
[2.570s] Copying ../../../build/learning_qos/learning_qos.egg-info to /home/intel/example_ws/install/learning_qos/lib/python3.12/site-packages/learning_qos-0.0.0-py3.12.egg-info
[2.571s] running install_scripts
[2.614s] Installing qos_helloworld_pub script to /home/intel/example_ws/install/learning_qos/lib/learning_qos
[2.614s] Installing qos_helloworld_sub script to /home/intel/example_ws/install/learning_qos/lib/learning_qos
[2.615s] writing list of installed files to '/home/intel/example_ws/build/learning_qos/install.log'
[2.687s] Invoked command in '/home/intel/example_ws/src/ros2_21_tutorials/learning_qos' returned '0': DEBUGINFOD_URLS=https://debuginfod.ubuntu.com PYTHONPATH=/home/intel/example_ws/build/learning_qos/prefix_override:/usr/lib/python3/dist-packages/colcon_core/task/python/colcon_distutils_commands:/home/intel/example_ws/install/learning_qos/lib/python3.12/site-packages:${PYTHONPATH} /usr/bin/python3 -W ignore:setup.py install is deprecated -W ignore:easy_install command is deprecated setup.py egg_info --egg-base ../../../build/learning_qos build --build-base /home/intel/example_ws/build/learning_qos/build install --record /home/intel/example_ws/build/learning_qos/install.log --single-version-externally-managed install_data
