[0.764s] Invoking command in '/home/intel/example_ws/build/learning_pkg_c': CMAKE_PREFIX_PATH=${CMAKE_PREFIX_PATH}:/opt/ros/jazzy DEBUGINFOD_URLS=https://debuginfod.ubuntu.com /usr/bin/cmake /home/intel/example_ws/src/ros2_21_tutorials/learning_pkg_c -DCMAKE_INSTALL_PREFIX=/home/intel/example_ws/install/learning_pkg_c
[1.216s] -- The C compiler identification is GNU 13.3.0
[1.216s] -- The CXX compiler identification is GNU 13.3.0
[1.216s] -- Detecting C compiler ABI info
[1.217s] -- Detecting C compiler ABI info - done
[1.217s] -- Check for working C compiler: /usr/bin/cc - skipped
[1.217s] -- Detecting C compile features
[1.217s] -- Detecting C compile features - done
[1.217s] -- Detecting CXX compiler ABI info
[1.217s] -- Detecting CXX compiler ABI info - done
[1.217s] -- Check for working CXX compiler: /usr/bin/c++ - skipped
[1.217s] -- Detecting CXX compile features
[1.217s] -- Detecting CXX compile features - done
[1.217s] -- Found ament_cmake: 2.5.6 (/opt/ros/jazzy/share/ament_cmake/cmake)
[1.217s] -- Found Python3: /usr/bin/python3 (found version "3.12.3") found components: Interpreter 
[1.371s] -- Found ament_lint_auto: 0.17.5 (/opt/ros/jazzy/share/ament_lint_auto/cmake)
[1.562s] -- Added test 'lint_cmake' to check CMake code style
[1.565s] -- Added test 'xmllint' to check XML markup files
[1.567s] -- Configuring done (0.8s)
[1.571s] -- Generating done (0.0s)
[1.574s] -- Build files have been written to: /home/intel/example_ws/build/learning_pkg_c
[1.579s] Invoked command in '/home/intel/example_ws/build/learning_pkg_c' returned '0': CMAKE_PREFIX_PATH=${CMAKE_PREFIX_PATH}:/opt/ros/jazzy DEBUGINFOD_URLS=https://debuginfod.ubuntu.com /usr/bin/cmake /home/intel/example_ws/src/ros2_21_tutorials/learning_pkg_c -DCMAKE_INSTALL_PREFIX=/home/intel/example_ws/install/learning_pkg_c
[1.581s] Invoking command in '/home/intel/example_ws/build/learning_pkg_c': CMAKE_PREFIX_PATH=${CMAKE_PREFIX_PATH}:/opt/ros/jazzy DEBUGINFOD_URLS=https://debuginfod.ubuntu.com /usr/bin/cmake --build /home/intel/example_ws/build/learning_pkg_c -- -j14 -l14
[1.628s] Invoked command in '/home/intel/example_ws/build/learning_pkg_c' returned '0': CMAKE_PREFIX_PATH=${CMAKE_PREFIX_PATH}:/opt/ros/jazzy DEBUGINFOD_URLS=https://debuginfod.ubuntu.com /usr/bin/cmake --build /home/intel/example_ws/build/learning_pkg_c -- -j14 -l14
[1.639s] Invoking command in '/home/intel/example_ws/build/learning_pkg_c': CMAKE_PREFIX_PATH=${CMAKE_PREFIX_PATH}:/opt/ros/jazzy DEBUGINFOD_URLS=https://debuginfod.ubuntu.com /usr/bin/cmake --install /home/intel/example_ws/build/learning_pkg_c
[1.648s] -- Install configuration: ""
[1.648s] -- Installing: /home/intel/example_ws/install/learning_pkg_c/share/ament_index/resource_index/package_run_dependencies/learning_pkg_c
[1.648s] -- Installing: /home/intel/example_ws/install/learning_pkg_c/share/ament_index/resource_index/parent_prefix_path/learning_pkg_c
[1.648s] -- Installing: /home/intel/example_ws/install/learning_pkg_c/share/learning_pkg_c/environment/ament_prefix_path.sh
[1.648s] -- Installing: /home/intel/example_ws/install/learning_pkg_c/share/learning_pkg_c/environment/ament_prefix_path.dsv
[1.648s] -- Installing: /home/intel/example_ws/install/learning_pkg_c/share/learning_pkg_c/environment/path.sh
[1.648s] -- Installing: /home/intel/example_ws/install/learning_pkg_c/share/learning_pkg_c/environment/path.dsv
[1.648s] -- Installing: /home/intel/example_ws/install/learning_pkg_c/share/learning_pkg_c/local_setup.bash
[1.648s] -- Installing: /home/intel/example_ws/install/learning_pkg_c/share/learning_pkg_c/local_setup.sh
[1.649s] -- Installing: /home/intel/example_ws/install/learning_pkg_c/share/learning_pkg_c/local_setup.zsh
[1.649s] -- Installing: /home/intel/example_ws/install/learning_pkg_c/share/learning_pkg_c/local_setup.dsv
[1.649s] -- Installing: /home/intel/example_ws/install/learning_pkg_c/share/learning_pkg_c/package.dsv
[1.649s] -- Installing: /home/intel/example_ws/install/learning_pkg_c/share/ament_index/resource_index/packages/learning_pkg_c
[1.649s] -- Installing: /home/intel/example_ws/install/learning_pkg_c/share/learning_pkg_c/cmake/learning_pkg_cConfig.cmake
[1.649s] -- Installing: /home/intel/example_ws/install/learning_pkg_c/share/learning_pkg_c/cmake/learning_pkg_cConfig-version.cmake
[1.649s] -- Installing: /home/intel/example_ws/install/learning_pkg_c/share/learning_pkg_c/package.xml
[1.651s] Invoked command in '/home/intel/example_ws/build/learning_pkg_c' returned '0': CMAKE_PREFIX_PATH=${CMAKE_PREFIX_PATH}:/opt/ros/jazzy DEBUGINFOD_URLS=https://debuginfod.ubuntu.com /usr/bin/cmake --install /home/intel/example_ws/build/learning_pkg_c
