-- The C compiler identification is GNU 13.3.0
-- The CXX compiler identification is GNU 13.3.0
-- Detecting C compiler ABI info
-- Detecting C compiler ABI info - done
-- Check for working C compiler: /usr/bin/cc - skipped
-- Detecting C compile features
-- Detecting C compile features - done
-- Detecting CXX compiler ABI info
-- Detecting CXX compiler ABI info - done
-- Check for working CXX compiler: /usr/bin/c++ - skipped
-- Detecting CXX compile features
-- Detecting CXX compile features - done
-- Found ament_cmake: 2.5.6 (/opt/ros/jazzy/share/ament_cmake/cmake)
-- Found Python3: /usr/bin/python3 (found version "3.12.3") found components: Interpreter 
-- Found rosidl_default_generators: 1.6.0 (/opt/ros/jazzy/share/rosidl_default_generators/cmake)
-- Using all available rosidl_typesupport_c: rosidl_typesupport_fastrtps_c;rosidl_typesupport_introspection_c
-- Using all available rosidl_typesupport_cpp: rosidl_typesupport_fastrtps_cpp;rosidl_typesupport_introspection_cpp
-- Found rosidl_adapter: 4.6.7 (/opt/ros/jazzy/share/rosidl_adapter/cmake)
-- Found ament_cmake_ros: 0.12.0 (/opt/ros/jazzy/share/ament_cmake_ros/cmake)
-- Using all available rosidl_typesupport_c: rosidl_typesupport_fastrtps_c;rosidl_typesupport_introspection_c
-- Using all available rosidl_typesupport_cpp: rosidl_typesupport_fastrtps_cpp;rosidl_typesupport_introspection_cpp
-- Found python_cmake_module: 0.11.1 (/opt/ros/jazzy/share/python_cmake_module/cmake)
-- Found PythonExtra: /usr/bin/python3  
-- Found Python3: /usr/bin/python3 (found version "3.12.3") found components: Interpreter Development NumPy Development.Module Development.Embed 
-- Found Python3: /usr/bin/python3 (found version "3.12.3") found components: Interpreter 
-- Found ament_lint_auto: 0.17.5 (/opt/ros/jazzy/share/ament_lint_auto/cmake)
-- Added test 'copyright' to check source files copyright and LICENSE
-- Added test 'lint_cmake' to check CMake code style
-- Added test 'xmllint' to check XML markup files
-- Configuring done (3.8s)
-- Generating done (0.0s)
-- Build files have been written to: /home/intel/example_ws/build/learning_interface
[  1%] [34m[1mGenerating Rust code for ROS interfaces[0m
[  3%] [34m[1mGenerating type hashes for ROS interfaces[0m
[  3%] Built target ament_cmake_python_copy_learning_interface
running egg_info
creating learning_interface.egg-info
writing learning_interface.egg-info/PKG-INFO
writing dependency_links to learning_interface.egg-info/dependency_links.txt
writing top-level names to learning_interface.egg-info/top_level.txt
writing manifest file 'learning_interface.egg-info/SOURCES.txt'
[  3%] Built target learning_interface__rosidl_generator_type_description
[  4%] [34m[1mGenerating C code for ROS interfaces[0m
reading manifest file 'learning_interface.egg-info/SOURCES.txt'
writing manifest file 'learning_interface.egg-info/SOURCES.txt'
[  6%] [34m[1mGenerating C++ code for ROS interfaces[0m
[  6%] Built target ament_cmake_python_build_learning_interface_egg
[  6%] Built target learning_interface__rs
[  7%] [32mBuilding C object CMakeFiles/learning_interface__rosidl_generator_c.dir/rosidl_generator_c/learning_interface/msg/detail/object_position__functions.c.o[0m
[ 10%] [32mBuilding C object CMakeFiles/learning_interface__rosidl_generator_c.dir/rosidl_generator_c/learning_interface/msg/detail/object_position__description.c.o[0m
[ 10%] [32mBuilding C object CMakeFiles/learning_interface__rosidl_generator_c.dir/rosidl_generator_c/learning_interface/srv/detail/add_two_ints__description.c.o[0m
[ 12%] [32mBuilding C object CMakeFiles/learning_interface__rosidl_generator_c.dir/rosidl_generator_c/learning_interface/srv/detail/add_two_ints__functions.c.o[0m
[ 13%] [32mBuilding C object CMakeFiles/learning_interface__rosidl_generator_c.dir/rosidl_generator_c/learning_interface/srv/detail/add_two_ints__type_support.c.o[0m
[ 16%] [32mBuilding C object CMakeFiles/learning_interface__rosidl_generator_c.dir/rosidl_generator_c/learning_interface/srv/detail/get_object_position__functions.c.o[0m
[ 16%] [32mBuilding C object CMakeFiles/learning_interface__rosidl_generator_c.dir/rosidl_generator_c/learning_interface/srv/detail/get_object_position__description.c.o[0m
[ 20%] [32mBuilding C object CMakeFiles/learning_interface__rosidl_generator_c.dir/rosidl_generator_c/learning_interface/action/detail/move_circle__functions.c.o[0m
[ 20%] [32mBuilding C object CMakeFiles/learning_interface__rosidl_generator_c.dir/rosidl_generator_c/learning_interface/action/detail/move_circle__description.c.o[0m
[ 21%] [32mBuilding C object CMakeFiles/learning_interface__rosidl_generator_c.dir/rosidl_generator_c/learning_interface/msg/detail/object_position__type_support.c.o[0m
[ 23%] [32mBuilding C object CMakeFiles/learning_interface__rosidl_generator_c.dir/rosidl_generator_c/learning_interface/srv/detail/get_object_position__type_support.c.o[0m
[ 24%] [32mBuilding C object CMakeFiles/learning_interface__rosidl_generator_c.dir/rosidl_generator_c/learning_interface/action/detail/move_circle__type_support.c.o[0m
[ 24%] Built target learning_interface__cpp
[ 26%] [32m[1mLinking C shared library liblearning_interface__rosidl_generator_c.so[0m
[ 26%] Built target learning_interface__rosidl_generator_c
[ 32%] [34m[1mGenerating C++ type support for eProsima Fast-RTPS[0m
[ 32%] [34m[1mGenerating C type support for eProsima Fast-RTPS[0m
[ 32%] [34m[1mGenerating C++ type support dispatch for ROS interfaces[0m
[ 32%] [34m[1mGenerating C introspection for ROS interfaces[0m
[ 33%] [34m[1mGenerating C++ introspection for ROS interfaces[0m
[ 35%] [34m[1mGenerating C type support dispatch for ROS interfaces[0m
[ 36%] [32mBuilding CXX object CMakeFiles/learning_interface__rosidl_typesupport_cpp.dir/rosidl_typesupport_cpp/learning_interface/srv/add_two_ints__type_support.cpp.o[0m
[ 38%] [32mBuilding CXX object CMakeFiles/learning_interface__rosidl_typesupport_cpp.dir/rosidl_typesupport_cpp/learning_interface/srv/get_object_position__type_support.cpp.o[0m
[ 40%] [32mBuilding CXX object CMakeFiles/learning_interface__rosidl_typesupport_cpp.dir/rosidl_typesupport_cpp/learning_interface/action/move_circle__type_support.cpp.o[0m
[ 41%] [32mBuilding CXX object CMakeFiles/learning_interface__rosidl_typesupport_cpp.dir/rosidl_typesupport_cpp/learning_interface/msg/object_position__type_support.cpp.o[0m
[ 43%] [32mBuilding CXX object CMakeFiles/learning_interface__rosidl_typesupport_introspection_cpp.dir/rosidl_typesupport_introspection_cpp/learning_interface/srv/detail/add_two_ints__type_support.cpp.o[0m
[ 44%] [32mBuilding CXX object CMakeFiles/learning_interface__rosidl_typesupport_introspection_cpp.dir/rosidl_typesupport_introspection_cpp/learning_interface/msg/detail/object_position__type_support.cpp.o[0m
[ 46%] [32mBuilding CXX object CMakeFiles/learning_interface__rosidl_typesupport_introspection_cpp.dir/rosidl_typesupport_introspection_cpp/learning_interface/srv/detail/get_object_position__type_support.cpp.o[0m
[ 47%] [32mBuilding CXX object CMakeFiles/learning_interface__rosidl_typesupport_introspection_cpp.dir/rosidl_typesupport_introspection_cpp/learning_interface/action/detail/move_circle__type_support.cpp.o[0m
[ 49%] [32mBuilding C object CMakeFiles/learning_interface__rosidl_typesupport_introspection_c.dir/rosidl_typesupport_introspection_c/learning_interface/srv/detail/get_object_position__type_support.c.o[0m
[ 50%] [32mBuilding C object CMakeFiles/learning_interface__rosidl_typesupport_introspection_c.dir/rosidl_typesupport_introspection_c/learning_interface/srv/detail/add_two_ints__type_support.c.o[0m
[ 52%] [32mBuilding C object CMakeFiles/learning_interface__rosidl_typesupport_introspection_c.dir/rosidl_typesupport_introspection_c/learning_interface/msg/detail/object_position__type_support.c.o[0m
[ 53%] [32mBuilding C object CMakeFiles/learning_interface__rosidl_typesupport_introspection_c.dir/rosidl_typesupport_introspection_c/learning_interface/action/detail/move_circle__type_support.c.o[0m
[ 55%] [32mBuilding CXX object CMakeFiles/learning_interface__rosidl_typesupport_c.dir/rosidl_typesupport_c/learning_interface/msg/object_position__type_support.cpp.o[0m
[ 56%] [32mBuilding CXX object CMakeFiles/learning_interface__rosidl_typesupport_c.dir/rosidl_typesupport_c/learning_interface/srv/get_object_position__type_support.cpp.o[0m
[ 58%] [32mBuilding CXX object CMakeFiles/learning_interface__rosidl_typesupport_c.dir/rosidl_typesupport_c/learning_interface/srv/add_two_ints__type_support.cpp.o[0m
[ 60%] [32mBuilding CXX object CMakeFiles/learning_interface__rosidl_typesupport_c.dir/rosidl_typesupport_c/learning_interface/action/move_circle__type_support.cpp.o[0m
[ 61%] [32m[1mLinking C shared library liblearning_interface__rosidl_typesupport_introspection_c.so[0m
[ 63%] [32mBuilding CXX object CMakeFiles/learning_interface__rosidl_typesupport_fastrtps_c.dir/rosidl_typesupport_fastrtps_c/learning_interface/msg/detail/object_position__type_support_c.cpp.o[0m
[ 64%] [32m[1mLinking CXX shared library liblearning_interface__rosidl_typesupport_c.so[0m
[ 66%] [32mBuilding CXX object CMakeFiles/learning_interface__rosidl_typesupport_fastrtps_c.dir/rosidl_typesupport_fastrtps_c/learning_interface/srv/detail/add_two_ints__type_support_c.cpp.o[0m
[ 66%] Built target learning_interface__rosidl_typesupport_introspection_c
[ 67%] [32mBuilding CXX object CMakeFiles/learning_interface__rosidl_typesupport_fastrtps_c.dir/rosidl_typesupport_fastrtps_c/learning_interface/srv/detail/get_object_position__type_support_c.cpp.o[0m
[ 69%] [32mBuilding CXX object CMakeFiles/learning_interface__rosidl_typesupport_fastrtps_c.dir/rosidl_typesupport_fastrtps_c/learning_interface/action/detail/move_circle__type_support_c.cpp.o[0m
[ 70%] [32mBuilding CXX object CMakeFiles/learning_interface__rosidl_typesupport_fastrtps_cpp.dir/rosidl_typesupport_fastrtps_cpp/learning_interface/srv/detail/dds_fastrtps/add_two_ints__type_support.cpp.o[0m
[ 72%] [32mBuilding CXX object CMakeFiles/learning_interface__rosidl_typesupport_fastrtps_cpp.dir/rosidl_typesupport_fastrtps_cpp/learning_interface/msg/detail/dds_fastrtps/object_position__type_support.cpp.o[0m
[ 73%] [32mBuilding CXX object CMakeFiles/learning_interface__rosidl_typesupport_fastrtps_cpp.dir/rosidl_typesupport_fastrtps_cpp/learning_interface/srv/detail/dds_fastrtps/get_object_position__type_support.cpp.o[0m
[ 73%] Built target learning_interface__rosidl_typesupport_c
[ 75%] [32mBuilding CXX object CMakeFiles/learning_interface__rosidl_typesupport_fastrtps_cpp.dir/rosidl_typesupport_fastrtps_cpp/learning_interface/action/detail/dds_fastrtps/move_circle__type_support.cpp.o[0m
[ 76%] [32m[1mLinking CXX shared library liblearning_interface__rosidl_typesupport_cpp.so[0m
[ 78%] [32m[1mLinking CXX shared library liblearning_interface__rosidl_typesupport_introspection_cpp.so[0m
[ 78%] Built target learning_interface__rosidl_typesupport_cpp
[ 78%] Built target learning_interface__rosidl_typesupport_introspection_cpp
[ 80%] [32m[1mLinking CXX shared library liblearning_interface__rosidl_typesupport_fastrtps_c.so[0m
[ 80%] Built target learning_interface__rosidl_typesupport_fastrtps_c
[ 81%] [32m[1mLinking CXX shared library liblearning_interface__rosidl_typesupport_fastrtps_cpp.so[0m
[ 81%] Built target learning_interface__rosidl_typesupport_fastrtps_cpp
[ 81%] Built target learning_interface
[ 83%] [34m[1mGenerating Python code for ROS interfaces[0m
[ 83%] Built target learning_interface__py
[ 84%] [32mBuilding C object CMakeFiles/learning_interface__rosidl_generator_py.dir/rosidl_generator_py/learning_interface/srv/_get_object_position_s.c.o[0m
[ 89%] [32mBuilding C object CMakeFiles/learning_interface__rosidl_generator_py.dir/rosidl_generator_py/learning_interface/srv/_add_two_ints_s.c.o[0m
[ 89%] [32mBuilding C object CMakeFiles/learning_interface__rosidl_generator_py.dir/rosidl_generator_py/learning_interface/action/_move_circle_s.c.o[0m
[ 89%] [32mBuilding C object CMakeFiles/learning_interface__rosidl_generator_py.dir/rosidl_generator_py/learning_interface/msg/_object_position_s.c.o[0m
[ 90%] [32m[1mLinking C shared library liblearning_interface__rosidl_generator_py.so[0m
[ 90%] Built target learning_interface__rosidl_generator_py
[ 92%] [32mBuilding C object CMakeFiles/learning_interface_s__rosidl_typesupport_fastrtps_c.dir/rosidl_generator_py/learning_interface/_learning_interface_s.ep.rosidl_typesupport_fastrtps_c.c.o[0m
[ 93%] [32mBuilding C object CMakeFiles/learning_interface_s__rosidl_typesupport_c.dir/rosidl_generator_py/learning_interface/_learning_interface_s.ep.rosidl_typesupport_c.c.o[0m
[ 95%] [32mBuilding C object CMakeFiles/learning_interface_s__rosidl_typesupport_introspection_c.dir/rosidl_generator_py/learning_interface/_learning_interface_s.ep.rosidl_typesupport_introspection_c.c.o[0m
[ 96%] [32m[1mLinking C shared module rosidl_generator_py/learning_interface/learning_interface_s__rosidl_typesupport_introspection_c.so[0m
[ 98%] [32m[1mLinking C shared module rosidl_generator_py/learning_interface/learning_interface_s__rosidl_typesupport_fastrtps_c.so[0m
[ 98%] Built target learning_interface_s__rosidl_typesupport_introspection_c
[100%] [32m[1mLinking C shared module rosidl_generator_py/learning_interface/learning_interface_s__rosidl_typesupport_c.so[0m
[100%] Built target learning_interface_s__rosidl_typesupport_fastrtps_c
[100%] Built target learning_interface_s__rosidl_typesupport_c
-- Install configuration: ""
-- Installing: /home/intel/example_ws/install/learning_interface/share/ament_index/resource_index/rosidl_interfaces/learning_interface
-- Installing: /home/intel/example_ws/install/learning_interface/share/learning_interface/msg/ObjectPosition.json
-- Installing: /home/intel/example_ws/install/learning_interface/share/learning_interface/srv/AddTwoInts.json
-- Installing: /home/intel/example_ws/install/learning_interface/share/learning_interface/srv/GetObjectPosition.json
-- Installing: /home/intel/example_ws/install/learning_interface/share/learning_interface/action/MoveCircle.json
-- Installing: /home/intel/example_ws/install/learning_interface/include/learning_interface/learning_interface
-- Installing: /home/intel/example_ws/install/learning_interface/include/learning_interface/learning_interface/srv
-- Installing: /home/intel/example_ws/install/learning_interface/include/learning_interface/learning_interface/srv/detail
-- Installing: /home/intel/example_ws/install/learning_interface/include/learning_interface/learning_interface/srv/detail/add_two_ints__functions.c
-- Installing: /home/intel/example_ws/install/learning_interface/include/learning_interface/learning_interface/srv/detail/add_two_ints__type_support.c
-- Installing: /home/intel/example_ws/install/learning_interface/include/learning_interface/learning_interface/srv/detail/add_two_ints__description.c
-- Installing: /home/intel/example_ws/install/learning_interface/include/learning_interface/learning_interface/srv/detail/get_object_position__type_support.c
-- Installing: /home/intel/example_ws/install/learning_interface/include/learning_interface/learning_interface/srv/detail/add_two_ints__functions.h
-- Installing: /home/intel/example_ws/install/learning_interface/include/learning_interface/learning_interface/srv/detail/get_object_position__struct.h
-- Installing: /home/intel/example_ws/install/learning_interface/include/learning_interface/learning_interface/srv/detail/get_object_position__functions.c
-- Installing: /home/intel/example_ws/install/learning_interface/include/learning_interface/learning_interface/srv/detail/add_two_ints__type_support.h
-- Installing: /home/intel/example_ws/install/learning_interface/include/learning_interface/learning_interface/srv/detail/add_two_ints__struct.h
-- Installing: /home/intel/example_ws/install/learning_interface/include/learning_interface/learning_interface/srv/detail/get_object_position__description.c
-- Installing: /home/intel/example_ws/install/learning_interface/include/learning_interface/learning_interface/srv/detail/get_object_position__type_support.h
-- Installing: /home/intel/example_ws/install/learning_interface/include/learning_interface/learning_interface/srv/detail/get_object_position__functions.h
-- Installing: /home/intel/example_ws/install/learning_interface/include/learning_interface/learning_interface/srv/get_object_position.h
-- Installing: /home/intel/example_ws/install/learning_interface/include/learning_interface/learning_interface/srv/add_two_ints.h
-- Installing: /home/intel/example_ws/install/learning_interface/include/learning_interface/learning_interface/msg
-- Installing: /home/intel/example_ws/install/learning_interface/include/learning_interface/learning_interface/msg/detail
-- Installing: /home/intel/example_ws/install/learning_interface/include/learning_interface/learning_interface/msg/detail/object_position__type_support.c
-- Installing: /home/intel/example_ws/install/learning_interface/include/learning_interface/learning_interface/msg/detail/object_position__type_support.h
-- Installing: /home/intel/example_ws/install/learning_interface/include/learning_interface/learning_interface/msg/detail/object_position__description.c
-- Installing: /home/intel/example_ws/install/learning_interface/include/learning_interface/learning_interface/msg/detail/object_position__struct.h
-- Installing: /home/intel/example_ws/install/learning_interface/include/learning_interface/learning_interface/msg/detail/object_position__functions.c
-- Installing: /home/intel/example_ws/install/learning_interface/include/learning_interface/learning_interface/msg/detail/object_position__functions.h
-- Installing: /home/intel/example_ws/install/learning_interface/include/learning_interface/learning_interface/msg/rosidl_generator_c__visibility_control.h
-- Installing: /home/intel/example_ws/install/learning_interface/include/learning_interface/learning_interface/msg/object_position.h
-- Installing: /home/intel/example_ws/install/learning_interface/include/learning_interface/learning_interface/action
-- Installing: /home/intel/example_ws/install/learning_interface/include/learning_interface/learning_interface/action/detail
-- Installing: /home/intel/example_ws/install/learning_interface/include/learning_interface/learning_interface/action/detail/move_circle__description.c
-- Installing: /home/intel/example_ws/install/learning_interface/include/learning_interface/learning_interface/action/detail/move_circle__type_support.c
-- Installing: /home/intel/example_ws/install/learning_interface/include/learning_interface/learning_interface/action/detail/move_circle__functions.c
-- Installing: /home/intel/example_ws/install/learning_interface/include/learning_interface/learning_interface/action/detail/move_circle__struct.h
-- Installing: /home/intel/example_ws/install/learning_interface/include/learning_interface/learning_interface/action/detail/move_circle__type_support.h
-- Installing: /home/intel/example_ws/install/learning_interface/include/learning_interface/learning_interface/action/detail/move_circle__functions.h
-- Installing: /home/intel/example_ws/install/learning_interface/include/learning_interface/learning_interface/action/move_circle.h
-- Installing: /home/intel/example_ws/install/learning_interface/share/learning_interface/environment/library_path.sh
-- Installing: /home/intel/example_ws/install/learning_interface/share/learning_interface/environment/library_path.dsv
-- Installing: /home/intel/example_ws/install/learning_interface/lib/liblearning_interface__rosidl_generator_c.so
-- Set non-toolchain portion of runtime path of "/home/intel/example_ws/install/learning_interface/lib/liblearning_interface__rosidl_generator_c.so" to ""
-- Up-to-date: /home/intel/example_ws/install/learning_interface/include/learning_interface/learning_interface
-- Up-to-date: /home/intel/example_ws/install/learning_interface/include/learning_interface/learning_interface/srv
-- Up-to-date: /home/intel/example_ws/install/learning_interface/include/learning_interface/learning_interface/srv/detail
-- Installing: /home/intel/example_ws/install/learning_interface/include/learning_interface/learning_interface/srv/detail/add_two_ints__rosidl_typesupport_fastrtps_c.h
-- Installing: /home/intel/example_ws/install/learning_interface/include/learning_interface/learning_interface/srv/detail/get_object_position__rosidl_typesupport_fastrtps_c.h
-- Up-to-date: /home/intel/example_ws/install/learning_interface/include/learning_interface/learning_interface/msg
-- Up-to-date: /home/intel/example_ws/install/learning_interface/include/learning_interface/learning_interface/msg/detail
-- Installing: /home/intel/example_ws/install/learning_interface/include/learning_interface/learning_interface/msg/detail/object_position__rosidl_typesupport_fastrtps_c.h
-- Installing: /home/intel/example_ws/install/learning_interface/include/learning_interface/learning_interface/msg/rosidl_typesupport_fastrtps_c__visibility_control.h
-- Up-to-date: /home/intel/example_ws/install/learning_interface/include/learning_interface/learning_interface/action
-- Up-to-date: /home/intel/example_ws/install/learning_interface/include/learning_interface/learning_interface/action/detail
-- Installing: /home/intel/example_ws/install/learning_interface/include/learning_interface/learning_interface/action/detail/move_circle__rosidl_typesupport_fastrtps_c.h
-- Installing: /home/intel/example_ws/install/learning_interface/lib/liblearning_interface__rosidl_typesupport_fastrtps_c.so
-- Set non-toolchain portion of runtime path of "/home/intel/example_ws/install/learning_interface/lib/liblearning_interface__rosidl_typesupport_fastrtps_c.so" to ""
-- Up-to-date: /home/intel/example_ws/install/learning_interface/include/learning_interface/learning_interface
-- Up-to-date: /home/intel/example_ws/install/learning_interface/include/learning_interface/learning_interface/srv
-- Up-to-date: /home/intel/example_ws/install/learning_interface/include/learning_interface/learning_interface/srv/detail
-- Installing: /home/intel/example_ws/install/learning_interface/include/learning_interface/learning_interface/srv/detail/add_two_ints__type_support.c
-- Installing: /home/intel/example_ws/install/learning_interface/include/learning_interface/learning_interface/srv/detail/get_object_position__type_support.c
-- Installing: /home/intel/example_ws/install/learning_interface/include/learning_interface/learning_interface/srv/detail/add_two_ints__rosidl_typesupport_introspection_c.h
-- Installing: /home/intel/example_ws/install/learning_interface/include/learning_interface/learning_interface/srv/detail/get_object_position__rosidl_typesupport_introspection_c.h
-- Up-to-date: /home/intel/example_ws/install/learning_interface/include/learning_interface/learning_interface/msg
-- Up-to-date: /home/intel/example_ws/install/learning_interface/include/learning_interface/learning_interface/msg/detail
-- Installing: /home/intel/example_ws/install/learning_interface/include/learning_interface/learning_interface/msg/detail/object_position__type_support.c
-- Installing: /home/intel/example_ws/install/learning_interface/include/learning_interface/learning_interface/msg/detail/object_position__rosidl_typesupport_introspection_c.h
-- Installing: /home/intel/example_ws/install/learning_interface/include/learning_interface/learning_interface/msg/rosidl_typesupport_introspection_c__visibility_control.h
-- Up-to-date: /home/intel/example_ws/install/learning_interface/include/learning_interface/learning_interface/action
-- Up-to-date: /home/intel/example_ws/install/learning_interface/include/learning_interface/learning_interface/action/detail
-- Installing: /home/intel/example_ws/install/learning_interface/include/learning_interface/learning_interface/action/detail/move_circle__type_support.c
-- Installing: /home/intel/example_ws/install/learning_interface/include/learning_interface/learning_interface/action/detail/move_circle__rosidl_typesupport_introspection_c.h
-- Installing: /home/intel/example_ws/install/learning_interface/lib/liblearning_interface__rosidl_typesupport_introspection_c.so
-- Set non-toolchain portion of runtime path of "/home/intel/example_ws/install/learning_interface/lib/liblearning_interface__rosidl_typesupport_introspection_c.so" to ""
-- Installing: /home/intel/example_ws/install/learning_interface/lib/liblearning_interface__rosidl_typesupport_c.so
-- Set non-toolchain portion of runtime path of "/home/intel/example_ws/install/learning_interface/lib/liblearning_interface__rosidl_typesupport_c.so" to ""
-- Up-to-date: /home/intel/example_ws/install/learning_interface/include/learning_interface/learning_interface
-- Up-to-date: /home/intel/example_ws/install/learning_interface/include/learning_interface/learning_interface/srv
-- Up-to-date: /home/intel/example_ws/install/learning_interface/include/learning_interface/learning_interface/srv/detail
-- Installing: /home/intel/example_ws/install/learning_interface/include/learning_interface/learning_interface/srv/detail/add_two_ints__traits.hpp
-- Installing: /home/intel/example_ws/install/learning_interface/include/learning_interface/learning_interface/srv/detail/get_object_position__traits.hpp
-- Installing: /home/intel/example_ws/install/learning_interface/include/learning_interface/learning_interface/srv/detail/get_object_position__struct.hpp
-- Installing: /home/intel/example_ws/install/learning_interface/include/learning_interface/learning_interface/srv/detail/get_object_position__type_support.hpp
-- Installing: /home/intel/example_ws/install/learning_interface/include/learning_interface/learning_interface/srv/detail/add_two_ints__builder.hpp
-- Installing: /home/intel/example_ws/install/learning_interface/include/learning_interface/learning_interface/srv/detail/add_two_ints__struct.hpp
-- Installing: /home/intel/example_ws/install/learning_interface/include/learning_interface/learning_interface/srv/detail/get_object_position__builder.hpp
-- Installing: /home/intel/example_ws/install/learning_interface/include/learning_interface/learning_interface/srv/detail/add_two_ints__type_support.hpp
-- Installing: /home/intel/example_ws/install/learning_interface/include/learning_interface/learning_interface/srv/get_object_position.hpp
-- Installing: /home/intel/example_ws/install/learning_interface/include/learning_interface/learning_interface/srv/add_two_ints.hpp
-- Up-to-date: /home/intel/example_ws/install/learning_interface/include/learning_interface/learning_interface/msg
-- Up-to-date: /home/intel/example_ws/install/learning_interface/include/learning_interface/learning_interface/msg/detail
-- Installing: /home/intel/example_ws/install/learning_interface/include/learning_interface/learning_interface/msg/detail/object_position__traits.hpp
-- Installing: /home/intel/example_ws/install/learning_interface/include/learning_interface/learning_interface/msg/detail/object_position__struct.hpp
-- Installing: /home/intel/example_ws/install/learning_interface/include/learning_interface/learning_interface/msg/detail/object_position__type_support.hpp
-- Installing: /home/intel/example_ws/install/learning_interface/include/learning_interface/learning_interface/msg/detail/object_position__builder.hpp
-- Installing: /home/intel/example_ws/install/learning_interface/include/learning_interface/learning_interface/msg/object_position.hpp
-- Installing: /home/intel/example_ws/install/learning_interface/include/learning_interface/learning_interface/msg/rosidl_generator_cpp__visibility_control.hpp
-- Up-to-date: /home/intel/example_ws/install/learning_interface/include/learning_interface/learning_interface/action
-- Up-to-date: /home/intel/example_ws/install/learning_interface/include/learning_interface/learning_interface/action/detail
-- Installing: /home/intel/example_ws/install/learning_interface/include/learning_interface/learning_interface/action/detail/move_circle__type_support.hpp
-- Installing: /home/intel/example_ws/install/learning_interface/include/learning_interface/learning_interface/action/detail/move_circle__builder.hpp
-- Installing: /home/intel/example_ws/install/learning_interface/include/learning_interface/learning_interface/action/detail/move_circle__struct.hpp
-- Installing: /home/intel/example_ws/install/learning_interface/include/learning_interface/learning_interface/action/detail/move_circle__traits.hpp
-- Installing: /home/intel/example_ws/install/learning_interface/include/learning_interface/learning_interface/action/move_circle.hpp
-- Up-to-date: /home/intel/example_ws/install/learning_interface/include/learning_interface/learning_interface
-- Up-to-date: /home/intel/example_ws/install/learning_interface/include/learning_interface/learning_interface/srv
-- Up-to-date: /home/intel/example_ws/install/learning_interface/include/learning_interface/learning_interface/srv/detail
-- Installing: /home/intel/example_ws/install/learning_interface/include/learning_interface/learning_interface/srv/detail/add_two_ints__rosidl_typesupport_fastrtps_cpp.hpp
-- Installing: /home/intel/example_ws/install/learning_interface/include/learning_interface/learning_interface/srv/detail/get_object_position__rosidl_typesupport_fastrtps_cpp.hpp
-- Installing: /home/intel/example_ws/install/learning_interface/include/learning_interface/learning_interface/srv/detail/dds_fastrtps
-- Up-to-date: /home/intel/example_ws/install/learning_interface/include/learning_interface/learning_interface/msg
-- Up-to-date: /home/intel/example_ws/install/learning_interface/include/learning_interface/learning_interface/msg/detail
-- Installing: /home/intel/example_ws/install/learning_interface/include/learning_interface/learning_interface/msg/detail/object_position__rosidl_typesupport_fastrtps_cpp.hpp
-- Installing: /home/intel/example_ws/install/learning_interface/include/learning_interface/learning_interface/msg/detail/dds_fastrtps
-- Installing: /home/intel/example_ws/install/learning_interface/include/learning_interface/learning_interface/msg/rosidl_typesupport_fastrtps_cpp__visibility_control.h
-- Up-to-date: /home/intel/example_ws/install/learning_interface/include/learning_interface/learning_interface/action
-- Up-to-date: /home/intel/example_ws/install/learning_interface/include/learning_interface/learning_interface/action/detail
-- Installing: /home/intel/example_ws/install/learning_interface/include/learning_interface/learning_interface/action/detail/move_circle__rosidl_typesupport_fastrtps_cpp.hpp
-- Installing: /home/intel/example_ws/install/learning_interface/include/learning_interface/learning_interface/action/detail/dds_fastrtps
-- Installing: /home/intel/example_ws/install/learning_interface/lib/liblearning_interface__rosidl_typesupport_fastrtps_cpp.so
-- Set non-toolchain portion of runtime path of "/home/intel/example_ws/install/learning_interface/lib/liblearning_interface__rosidl_typesupport_fastrtps_cpp.so" to ""
-- Up-to-date: /home/intel/example_ws/install/learning_interface/include/learning_interface/learning_interface
-- Up-to-date: /home/intel/example_ws/install/learning_interface/include/learning_interface/learning_interface/srv
-- Up-to-date: /home/intel/example_ws/install/learning_interface/include/learning_interface/learning_interface/srv/detail
-- Installing: /home/intel/example_ws/install/learning_interface/include/learning_interface/learning_interface/srv/detail/add_two_ints__rosidl_typesupport_introspection_cpp.hpp
-- Installing: /home/intel/example_ws/install/learning_interface/include/learning_interface/learning_interface/srv/detail/get_object_position__type_support.cpp
-- Installing: /home/intel/example_ws/install/learning_interface/include/learning_interface/learning_interface/srv/detail/add_two_ints__type_support.cpp
-- Installing: /home/intel/example_ws/install/learning_interface/include/learning_interface/learning_interface/srv/detail/get_object_position__rosidl_typesupport_introspection_cpp.hpp
-- Up-to-date: /home/intel/example_ws/install/learning_interface/include/learning_interface/learning_interface/msg
-- Up-to-date: /home/intel/example_ws/install/learning_interface/include/learning_interface/learning_interface/msg/detail
-- Installing: /home/intel/example_ws/install/learning_interface/include/learning_interface/learning_interface/msg/detail/object_position__rosidl_typesupport_introspection_cpp.hpp
-- Installing: /home/intel/example_ws/install/learning_interface/include/learning_interface/learning_interface/msg/detail/object_position__type_support.cpp
-- Up-to-date: /home/intel/example_ws/install/learning_interface/include/learning_interface/learning_interface/action
-- Up-to-date: /home/intel/example_ws/install/learning_interface/include/learning_interface/learning_interface/action/detail
-- Installing: /home/intel/example_ws/install/learning_interface/include/learning_interface/learning_interface/action/detail/move_circle__type_support.cpp
-- Installing: /home/intel/example_ws/install/learning_interface/include/learning_interface/learning_interface/action/detail/move_circle__rosidl_typesupport_introspection_cpp.hpp
-- Installing: /home/intel/example_ws/install/learning_interface/lib/liblearning_interface__rosidl_typesupport_introspection_cpp.so
-- Set non-toolchain portion of runtime path of "/home/intel/example_ws/install/learning_interface/lib/liblearning_interface__rosidl_typesupport_introspection_cpp.so" to ""
-- Installing: /home/intel/example_ws/install/learning_interface/lib/liblearning_interface__rosidl_typesupport_cpp.so
-- Set non-toolchain portion of runtime path of "/home/intel/example_ws/install/learning_interface/lib/liblearning_interface__rosidl_typesupport_cpp.so" to ""
-- Installing: /home/intel/example_ws/install/learning_interface/share/learning_interface/environment/pythonpath.sh
-- Installing: /home/intel/example_ws/install/learning_interface/share/learning_interface/environment/pythonpath.dsv
-- Installing: /home/intel/example_ws/install/learning_interface/lib/python3.12/site-packages/learning_interface-0.0.0-py3.12.egg-info
-- Installing: /home/intel/example_ws/install/learning_interface/lib/python3.12/site-packages/learning_interface-0.0.0-py3.12.egg-info/dependency_links.txt
-- Installing: /home/intel/example_ws/install/learning_interface/lib/python3.12/site-packages/learning_interface-0.0.0-py3.12.egg-info/PKG-INFO
-- Installing: /home/intel/example_ws/install/learning_interface/lib/python3.12/site-packages/learning_interface-0.0.0-py3.12.egg-info/SOURCES.txt
-- Installing: /home/intel/example_ws/install/learning_interface/lib/python3.12/site-packages/learning_interface-0.0.0-py3.12.egg-info/top_level.txt
-- Installing: /home/intel/example_ws/install/learning_interface/lib/python3.12/site-packages/learning_interface
-- Installing: /home/intel/example_ws/install/learning_interface/lib/python3.12/site-packages/learning_interface/_learning_interface_s.ep.rosidl_typesupport_introspection_c.c
-- Installing: /home/intel/example_ws/install/learning_interface/lib/python3.12/site-packages/learning_interface/_learning_interface_s.ep.rosidl_typesupport_c.c
-- Installing: /home/intel/example_ws/install/learning_interface/lib/python3.12/site-packages/learning_interface/srv
-- Installing: /home/intel/example_ws/install/learning_interface/lib/python3.12/site-packages/learning_interface/srv/_add_two_ints_s.c
-- Installing: /home/intel/example_ws/install/learning_interface/lib/python3.12/site-packages/learning_interface/srv/_add_two_ints.py
-- Installing: /home/intel/example_ws/install/learning_interface/lib/python3.12/site-packages/learning_interface/srv/__init__.py
-- Installing: /home/intel/example_ws/install/learning_interface/lib/python3.12/site-packages/learning_interface/srv/_get_object_position_s.c
-- Installing: /home/intel/example_ws/install/learning_interface/lib/python3.12/site-packages/learning_interface/srv/_get_object_position.py
-- Installing: /home/intel/example_ws/install/learning_interface/lib/python3.12/site-packages/learning_interface/msg
-- Installing: /home/intel/example_ws/install/learning_interface/lib/python3.12/site-packages/learning_interface/msg/_object_position_s.c
-- Installing: /home/intel/example_ws/install/learning_interface/lib/python3.12/site-packages/learning_interface/msg/__init__.py
-- Installing: /home/intel/example_ws/install/learning_interface/lib/python3.12/site-packages/learning_interface/msg/_object_position.py
-- Installing: /home/intel/example_ws/install/learning_interface/lib/python3.12/site-packages/learning_interface/__init__.py
-- Installing: /home/intel/example_ws/install/learning_interface/lib/python3.12/site-packages/learning_interface/learning_interface_s__rosidl_typesupport_c.so
-- Installing: /home/intel/example_ws/install/learning_interface/lib/python3.12/site-packages/learning_interface/_learning_interface_s.ep.rosidl_typesupport_fastrtps_c.c
-- Installing: /home/intel/example_ws/install/learning_interface/lib/python3.12/site-packages/learning_interface/learning_interface_s__rosidl_typesupport_introspection_c.so
-- Installing: /home/intel/example_ws/install/learning_interface/lib/python3.12/site-packages/learning_interface/action
-- Installing: /home/intel/example_ws/install/learning_interface/lib/python3.12/site-packages/learning_interface/action/_move_circle.py
-- Installing: /home/intel/example_ws/install/learning_interface/lib/python3.12/site-packages/learning_interface/action/__init__.py
-- Installing: /home/intel/example_ws/install/learning_interface/lib/python3.12/site-packages/learning_interface/action/_move_circle_s.c
-- Installing: /home/intel/example_ws/install/learning_interface/lib/python3.12/site-packages/learning_interface/learning_interface_s__rosidl_typesupport_fastrtps_c.so
Listing '/home/intel/example_ws/install/learning_interface/lib/python3.12/site-packages/learning_interface'...
Compiling '/home/intel/example_ws/install/learning_interface/lib/python3.12/site-packages/learning_interface/__init__.py'...
Listing '/home/intel/example_ws/install/learning_interface/lib/python3.12/site-packages/learning_interface/action'...
Compiling '/home/intel/example_ws/install/learning_interface/lib/python3.12/site-packages/learning_interface/action/__init__.py'...
Compiling '/home/intel/example_ws/install/learning_interface/lib/python3.12/site-packages/learning_interface/action/_move_circle.py'...
Listing '/home/intel/example_ws/install/learning_interface/lib/python3.12/site-packages/learning_interface/msg'...
Compiling '/home/intel/example_ws/install/learning_interface/lib/python3.12/site-packages/learning_interface/msg/__init__.py'...
Compiling '/home/intel/example_ws/install/learning_interface/lib/python3.12/site-packages/learning_interface/msg/_object_position.py'...
Listing '/home/intel/example_ws/install/learning_interface/lib/python3.12/site-packages/learning_interface/srv'...
Compiling '/home/intel/example_ws/install/learning_interface/lib/python3.12/site-packages/learning_interface/srv/__init__.py'...
Compiling '/home/intel/example_ws/install/learning_interface/lib/python3.12/site-packages/learning_interface/srv/_add_two_ints.py'...
Compiling '/home/intel/example_ws/install/learning_interface/lib/python3.12/site-packages/learning_interface/srv/_get_object_position.py'...
-- Installing: /home/intel/example_ws/install/learning_interface/lib/python3.12/site-packages/learning_interface/learning_interface_s__rosidl_typesupport_fastrtps_c.so
-- Set non-toolchain portion of runtime path of "/home/intel/example_ws/install/learning_interface/lib/python3.12/site-packages/learning_interface/learning_interface_s__rosidl_typesupport_fastrtps_c.so" to ""
-- Installing: /home/intel/example_ws/install/learning_interface/lib/python3.12/site-packages/learning_interface/learning_interface_s__rosidl_typesupport_introspection_c.so
-- Set non-toolchain portion of runtime path of "/home/intel/example_ws/install/learning_interface/lib/python3.12/site-packages/learning_interface/learning_interface_s__rosidl_typesupport_introspection_c.so" to ""
-- Installing: /home/intel/example_ws/install/learning_interface/lib/python3.12/site-packages/learning_interface/learning_interface_s__rosidl_typesupport_c.so
-- Set non-toolchain portion of runtime path of "/home/intel/example_ws/install/learning_interface/lib/python3.12/site-packages/learning_interface/learning_interface_s__rosidl_typesupport_c.so" to ""
-- Installing: /home/intel/example_ws/install/learning_interface/lib/liblearning_interface__rosidl_generator_py.so
-- Set non-toolchain portion of runtime path of "/home/intel/example_ws/install/learning_interface/lib/liblearning_interface__rosidl_generator_py.so" to ""
-- Installing: /home/intel/example_ws/install/learning_interface/share/ament_index/resource_index/rust_packages/learning_interface
-- Installing: /home/intel/example_ws/install/learning_interface/share/learning_interface/rust
-- Installing: /home/intel/example_ws/install/learning_interface/share/learning_interface/rust/src
-- Installing: /home/intel/example_ws/install/learning_interface/share/learning_interface/rust/src/action.rs
-- Installing: /home/intel/example_ws/install/learning_interface/share/learning_interface/rust/src/srv.rs
-- Installing: /home/intel/example_ws/install/learning_interface/share/learning_interface/rust/src/srv
-- Installing: /home/intel/example_ws/install/learning_interface/share/learning_interface/rust/src/srv/rmw.rs
-- Installing: /home/intel/example_ws/install/learning_interface/share/learning_interface/rust/src/msg
-- Installing: /home/intel/example_ws/install/learning_interface/share/learning_interface/rust/src/msg/rmw.rs
-- Installing: /home/intel/example_ws/install/learning_interface/share/learning_interface/rust/src/msg.rs
-- Installing: /home/intel/example_ws/install/learning_interface/share/learning_interface/rust/src/lib.rs
-- Installing: /home/intel/example_ws/install/learning_interface/share/learning_interface/rust/src/action
-- Installing: /home/intel/example_ws/install/learning_interface/share/learning_interface/rust/src/action/rmw.rs
-- Installing: /home/intel/example_ws/install/learning_interface/share/learning_interface/rust/Cargo.toml
-- Installing: /home/intel/example_ws/install/learning_interface/share/learning_interface/rust/build.rs
-- Installing: /home/intel/example_ws/install/learning_interface/share/learning_interface/msg/ObjectPosition.idl
-- Installing: /home/intel/example_ws/install/learning_interface/share/learning_interface/srv/AddTwoInts.idl
-- Installing: /home/intel/example_ws/install/learning_interface/share/learning_interface/srv/GetObjectPosition.idl
-- Installing: /home/intel/example_ws/install/learning_interface/share/learning_interface/action/MoveCircle.idl
-- Installing: /home/intel/example_ws/install/learning_interface/share/learning_interface/msg/ObjectPosition.msg
-- Installing: /home/intel/example_ws/install/learning_interface/share/learning_interface/srv/AddTwoInts.srv
-- Installing: /home/intel/example_ws/install/learning_interface/share/learning_interface/srv/GetObjectPosition.srv
-- Installing: /home/intel/example_ws/install/learning_interface/share/learning_interface/action/MoveCircle.action
-- Installing: /home/intel/example_ws/install/learning_interface/share/ament_index/resource_index/package_run_dependencies/learning_interface
-- Installing: /home/intel/example_ws/install/learning_interface/share/ament_index/resource_index/parent_prefix_path/learning_interface
-- Installing: /home/intel/example_ws/install/learning_interface/share/learning_interface/environment/ament_prefix_path.sh
-- Installing: /home/intel/example_ws/install/learning_interface/share/learning_interface/environment/ament_prefix_path.dsv
-- Installing: /home/intel/example_ws/install/learning_interface/share/learning_interface/environment/path.sh
-- Installing: /home/intel/example_ws/install/learning_interface/share/learning_interface/environment/path.dsv
-- Installing: /home/intel/example_ws/install/learning_interface/share/learning_interface/local_setup.bash
-- Installing: /home/intel/example_ws/install/learning_interface/share/learning_interface/local_setup.sh
-- Installing: /home/intel/example_ws/install/learning_interface/share/learning_interface/local_setup.zsh
-- Installing: /home/intel/example_ws/install/learning_interface/share/learning_interface/local_setup.dsv
-- Installing: /home/intel/example_ws/install/learning_interface/share/learning_interface/package.dsv
-- Installing: /home/intel/example_ws/install/learning_interface/share/ament_index/resource_index/packages/learning_interface
-- Installing: /home/intel/example_ws/install/learning_interface/share/learning_interface/cmake/export_learning_interface__rosidl_generator_cExport.cmake
-- Installing: /home/intel/example_ws/install/learning_interface/share/learning_interface/cmake/export_learning_interface__rosidl_generator_cExport-noconfig.cmake
-- Installing: /home/intel/example_ws/install/learning_interface/share/learning_interface/cmake/export_learning_interface__rosidl_typesupport_fastrtps_cExport.cmake
-- Installing: /home/intel/example_ws/install/learning_interface/share/learning_interface/cmake/export_learning_interface__rosidl_typesupport_fastrtps_cExport-noconfig.cmake
-- Installing: /home/intel/example_ws/install/learning_interface/share/learning_interface/cmake/learning_interface__rosidl_typesupport_introspection_cExport.cmake
-- Installing: /home/intel/example_ws/install/learning_interface/share/learning_interface/cmake/learning_interface__rosidl_typesupport_introspection_cExport-noconfig.cmake
-- Installing: /home/intel/example_ws/install/learning_interface/share/learning_interface/cmake/learning_interface__rosidl_typesupport_cExport.cmake
-- Installing: /home/intel/example_ws/install/learning_interface/share/learning_interface/cmake/learning_interface__rosidl_typesupport_cExport-noconfig.cmake
-- Installing: /home/intel/example_ws/install/learning_interface/share/learning_interface/cmake/export_learning_interface__rosidl_generator_cppExport.cmake
-- Installing: /home/intel/example_ws/install/learning_interface/share/learning_interface/cmake/export_learning_interface__rosidl_typesupport_fastrtps_cppExport.cmake
-- Installing: /home/intel/example_ws/install/learning_interface/share/learning_interface/cmake/export_learning_interface__rosidl_typesupport_fastrtps_cppExport-noconfig.cmake
-- Installing: /home/intel/example_ws/install/learning_interface/share/learning_interface/cmake/learning_interface__rosidl_typesupport_introspection_cppExport.cmake
-- Installing: /home/intel/example_ws/install/learning_interface/share/learning_interface/cmake/learning_interface__rosidl_typesupport_introspection_cppExport-noconfig.cmake
-- Installing: /home/intel/example_ws/install/learning_interface/share/learning_interface/cmake/learning_interface__rosidl_typesupport_cppExport.cmake
-- Installing: /home/intel/example_ws/install/learning_interface/share/learning_interface/cmake/learning_interface__rosidl_typesupport_cppExport-noconfig.cmake
-- Installing: /home/intel/example_ws/install/learning_interface/share/learning_interface/cmake/export_learning_interface__rosidl_generator_pyExport.cmake
-- Installing: /home/intel/example_ws/install/learning_interface/share/learning_interface/cmake/export_learning_interface__rosidl_generator_pyExport-noconfig.cmake
-- Installing: /home/intel/example_ws/install/learning_interface/share/learning_interface/cmake/rosidl_cmake-extras.cmake
-- Installing: /home/intel/example_ws/install/learning_interface/share/learning_interface/cmake/ament_cmake_export_dependencies-extras.cmake
-- Installing: /home/intel/example_ws/install/learning_interface/share/learning_interface/cmake/ament_cmake_export_include_directories-extras.cmake
-- Installing: /home/intel/example_ws/install/learning_interface/share/learning_interface/cmake/ament_cmake_export_libraries-extras.cmake
-- Installing: /home/intel/example_ws/install/learning_interface/share/learning_interface/cmake/ament_cmake_export_targets-extras.cmake
-- Installing: /home/intel/example_ws/install/learning_interface/share/learning_interface/cmake/rosidl_cmake_export_typesupport_targets-extras.cmake
-- Installing: /home/intel/example_ws/install/learning_interface/share/learning_interface/cmake/rosidl_cmake_export_typesupport_libraries-extras.cmake
-- Installing: /home/intel/example_ws/install/learning_interface/share/learning_interface/cmake/learning_interfaceConfig.cmake
-- Installing: /home/intel/example_ws/install/learning_interface/share/learning_interface/cmake/learning_interfaceConfig-version.cmake
-- Installing: /home/intel/example_ws/install/learning_interface/share/learning_interface/package.xml
