[0.084s] Invoking command in '/home/intel/example_ws/build/learning_interface': CMAKE_PREFIX_PATH=${CMAKE_PREFIX_PATH}:/opt/ros/jazzy DEBUGINFOD_URLS=https://debuginfod.ubuntu.com /usr/bin/cmake /home/intel/example_ws/src/ros2_21_tutorials/learning_interface -DCMAKE_INSTALL_PREFIX=/home/intel/example_ws/install/learning_interface
[1.264s] -- The C compiler identification is GNU 13.3.0
[1.264s] -- The CXX compiler identification is GNU 13.3.0
[1.264s] -- Detecting C compiler ABI info
[1.264s] -- Detecting C compiler ABI info - done
[1.264s] -- Check for working C compiler: /usr/bin/cc - skipped
[1.264s] -- Detecting C compile features
[1.264s] -- Detecting C compile features - done
[1.264s] -- Detecting CXX compiler ABI info
[1.265s] -- Detecting CXX compiler ABI info - done
[1.265s] -- Check for working CXX compiler: /usr/bin/c++ - skipped
[1.265s] -- Detecting CXX compile features
[1.265s] -- Detecting CXX compile features - done
[1.265s] -- Found ament_cmake: 2.5.6 (/opt/ros/jazzy/share/ament_cmake/cmake)
[1.265s] -- Found Python3: /usr/bin/python3 (found version "3.12.3") found components: Interpreter 
[1.265s] -- Found rosidl_default_generators: 1.6.0 (/opt/ros/jazzy/share/rosidl_default_generators/cmake)
[1.265s] -- Using all available rosidl_typesupport_c: rosidl_typesupport_fastrtps_c;rosidl_typesupport_introspection_c
[1.266s] -- Using all available rosidl_typesupport_cpp: rosidl_typesupport_fastrtps_cpp;rosidl_typesupport_introspection_cpp
[1.266s] -- Found rosidl_adapter: 4.6.7 (/opt/ros/jazzy/share/rosidl_adapter/cmake)
[2.018s] -- Found ament_cmake_ros: 0.12.0 (/opt/ros/jazzy/share/ament_cmake_ros/cmake)
[2.536s] -- Using all available rosidl_typesupport_c: rosidl_typesupport_fastrtps_c;rosidl_typesupport_introspection_c
[3.097s] -- Using all available rosidl_typesupport_cpp: rosidl_typesupport_fastrtps_cpp;rosidl_typesupport_introspection_cpp
[3.118s] -- Found python_cmake_module: 0.11.1 (/opt/ros/jazzy/share/python_cmake_module/cmake)
[3.256s] -- Found PythonExtra: /usr/bin/python3  
[3.817s] -- Found Python3: /usr/bin/python3 (found version "3.12.3") found components: Interpreter Development NumPy Development.Module Development.Embed 
[3.913s] -- Found Python3: /usr/bin/python3 (found version "3.12.3") found components: Interpreter 
[3.917s] -- Found ament_lint_auto: 0.17.5 (/opt/ros/jazzy/share/ament_lint_auto/cmake)
[3.955s] -- Added test 'copyright' to check source files copyright and LICENSE
[3.957s] -- Added test 'lint_cmake' to check CMake code style
[3.958s] -- Added test 'xmllint' to check XML markup files
[3.961s] -- Configuring done (3.8s)
[4.011s] -- Generating done (0.0s)
[4.027s] -- Build files have been written to: /home/intel/example_ws/build/learning_interface
[4.048s] Invoked command in '/home/intel/example_ws/build/learning_interface' returned '0': CMAKE_PREFIX_PATH=${CMAKE_PREFIX_PATH}:/opt/ros/jazzy DEBUGINFOD_URLS=https://debuginfod.ubuntu.com /usr/bin/cmake /home/intel/example_ws/src/ros2_21_tutorials/learning_interface -DCMAKE_INSTALL_PREFIX=/home/intel/example_ws/install/learning_interface
[4.049s] Invoking command in '/home/intel/example_ws/build/learning_interface': CMAKE_PREFIX_PATH=${CMAKE_PREFIX_PATH}:/opt/ros/jazzy DEBUGINFOD_URLS=https://debuginfod.ubuntu.com /usr/bin/cmake --build /home/intel/example_ws/build/learning_interface -- -j14 -l14
[4.099s] [  1%] [34m[1mGenerating Rust code for ROS interfaces[0m
[4.103s] [  3%] [34m[1mGenerating type hashes for ROS interfaces[0m
[4.121s] [  3%] Built target ament_cmake_python_copy_learning_interface
[4.370s] running egg_info
[4.370s] creating learning_interface.egg-info
[4.389s] writing learning_interface.egg-info/PKG-INFO
[4.389s] writing dependency_links to learning_interface.egg-info/dependency_links.txt
[4.389s] writing top-level names to learning_interface.egg-info/top_level.txt
[4.389s] writing manifest file 'learning_interface.egg-info/SOURCES.txt'
[4.455s] [  3%] Built target learning_interface__rosidl_generator_type_description
[4.465s] [  4%] [34m[1mGenerating C code for ROS interfaces[0m
[4.475s] reading manifest file 'learning_interface.egg-info/SOURCES.txt'
[4.476s] writing manifest file 'learning_interface.egg-info/SOURCES.txt'
[4.482s] [  6%] [34m[1mGenerating C++ code for ROS interfaces[0m
[4.536s] [  6%] Built target ament_cmake_python_build_learning_interface_egg
[4.569s] [  6%] Built target learning_interface__rs
[5.172s] [  7%] [32mBuilding C object CMakeFiles/learning_interface__rosidl_generator_c.dir/rosidl_generator_c/learning_interface/msg/detail/object_position__functions.c.o[0m
[5.176s] [ 10%] [32mBuilding C object CMakeFiles/learning_interface__rosidl_generator_c.dir/rosidl_generator_c/learning_interface/msg/detail/object_position__description.c.o[0m
[5.179s] [ 10%] [32mBuilding C object CMakeFiles/learning_interface__rosidl_generator_c.dir/rosidl_generator_c/learning_interface/srv/detail/add_two_ints__description.c.o[0m
[5.179s] [ 12%] [32mBuilding C object CMakeFiles/learning_interface__rosidl_generator_c.dir/rosidl_generator_c/learning_interface/srv/detail/add_two_ints__functions.c.o[0m
[5.181s] [ 13%] [32mBuilding C object CMakeFiles/learning_interface__rosidl_generator_c.dir/rosidl_generator_c/learning_interface/srv/detail/add_two_ints__type_support.c.o[0m
[5.182s] [ 16%] [32mBuilding C object CMakeFiles/learning_interface__rosidl_generator_c.dir/rosidl_generator_c/learning_interface/srv/detail/get_object_position__functions.c.o[0m
[5.182s] [ 16%] [32mBuilding C object CMakeFiles/learning_interface__rosidl_generator_c.dir/rosidl_generator_c/learning_interface/srv/detail/get_object_position__description.c.o[0m
[5.183s] [ 20%] [32mBuilding C object CMakeFiles/learning_interface__rosidl_generator_c.dir/rosidl_generator_c/learning_interface/action/detail/move_circle__functions.c.o[0m
[5.183s] [ 20%] [32mBuilding C object CMakeFiles/learning_interface__rosidl_generator_c.dir/rosidl_generator_c/learning_interface/action/detail/move_circle__description.c.o[0m
[5.183s] [ 21%] [32mBuilding C object CMakeFiles/learning_interface__rosidl_generator_c.dir/rosidl_generator_c/learning_interface/msg/detail/object_position__type_support.c.o[0m
[5.187s] [ 23%] [32mBuilding C object CMakeFiles/learning_interface__rosidl_generator_c.dir/rosidl_generator_c/learning_interface/srv/detail/get_object_position__type_support.c.o[0m
[5.188s] [ 24%] [32mBuilding C object CMakeFiles/learning_interface__rosidl_generator_c.dir/rosidl_generator_c/learning_interface/action/detail/move_circle__type_support.c.o[0m
[5.361s] [ 24%] Built target learning_interface__cpp
[5.475s] [ 26%] [32m[1mLinking C shared library liblearning_interface__rosidl_generator_c.so[0m
[5.530s] [ 26%] Built target learning_interface__rosidl_generator_c
[5.545s] [ 32%] [34m[1mGenerating C++ type support for eProsima Fast-RTPS[0m
[5.545s] [ 32%] [34m[1mGenerating C type support for eProsima Fast-RTPS[0m
[5.545s] [ 32%] [34m[1mGenerating C++ type support dispatch for ROS interfaces[0m
[5.545s] [ 32%] [34m[1mGenerating C introspection for ROS interfaces[0m
[5.558s] [ 33%] [34m[1mGenerating C++ introspection for ROS interfaces[0m
[5.563s] [ 35%] [34m[1mGenerating C type support dispatch for ROS interfaces[0m
[6.196s] [ 36%] [32mBuilding CXX object CMakeFiles/learning_interface__rosidl_typesupport_cpp.dir/rosidl_typesupport_cpp/learning_interface/srv/add_two_ints__type_support.cpp.o[0m
[6.199s] [ 38%] [32mBuilding CXX object CMakeFiles/learning_interface__rosidl_typesupport_cpp.dir/rosidl_typesupport_cpp/learning_interface/srv/get_object_position__type_support.cpp.o[0m
[6.206s] [ 40%] [32mBuilding CXX object CMakeFiles/learning_interface__rosidl_typesupport_cpp.dir/rosidl_typesupport_cpp/learning_interface/action/move_circle__type_support.cpp.o[0m
[6.211s] [ 41%] [32mBuilding CXX object CMakeFiles/learning_interface__rosidl_typesupport_cpp.dir/rosidl_typesupport_cpp/learning_interface/msg/object_position__type_support.cpp.o[0m
[6.318s] [ 43%] [32mBuilding CXX object CMakeFiles/learning_interface__rosidl_typesupport_introspection_cpp.dir/rosidl_typesupport_introspection_cpp/learning_interface/srv/detail/add_two_ints__type_support.cpp.o[0m
[6.326s] [ 44%] [32mBuilding CXX object CMakeFiles/learning_interface__rosidl_typesupport_introspection_cpp.dir/rosidl_typesupport_introspection_cpp/learning_interface/msg/detail/object_position__type_support.cpp.o[0m
[6.332s] [ 46%] [32mBuilding CXX object CMakeFiles/learning_interface__rosidl_typesupport_introspection_cpp.dir/rosidl_typesupport_introspection_cpp/learning_interface/srv/detail/get_object_position__type_support.cpp.o[0m
[6.347s] [ 47%] [32mBuilding CXX object CMakeFiles/learning_interface__rosidl_typesupport_introspection_cpp.dir/rosidl_typesupport_introspection_cpp/learning_interface/action/detail/move_circle__type_support.cpp.o[0m
[6.360s] [ 49%] [32mBuilding C object CMakeFiles/learning_interface__rosidl_typesupport_introspection_c.dir/rosidl_typesupport_introspection_c/learning_interface/srv/detail/get_object_position__type_support.c.o[0m
[6.364s] [ 50%] [32mBuilding C object CMakeFiles/learning_interface__rosidl_typesupport_introspection_c.dir/rosidl_typesupport_introspection_c/learning_interface/srv/detail/add_two_ints__type_support.c.o[0m
[6.368s] [ 52%] [32mBuilding C object CMakeFiles/learning_interface__rosidl_typesupport_introspection_c.dir/rosidl_typesupport_introspection_c/learning_interface/msg/detail/object_position__type_support.c.o[0m
[6.456s] [ 53%] [32mBuilding C object CMakeFiles/learning_interface__rosidl_typesupport_introspection_c.dir/rosidl_typesupport_introspection_c/learning_interface/action/detail/move_circle__type_support.c.o[0m
[6.462s] [ 55%] [32mBuilding CXX object CMakeFiles/learning_interface__rosidl_typesupport_c.dir/rosidl_typesupport_c/learning_interface/msg/object_position__type_support.cpp.o[0m
[6.492s] [ 56%] [32mBuilding CXX object CMakeFiles/learning_interface__rosidl_typesupport_c.dir/rosidl_typesupport_c/learning_interface/srv/get_object_position__type_support.cpp.o[0m
[6.519s] [ 58%] [32mBuilding CXX object CMakeFiles/learning_interface__rosidl_typesupport_c.dir/rosidl_typesupport_c/learning_interface/srv/add_two_ints__type_support.cpp.o[0m
[6.580s] [ 60%] [32mBuilding CXX object CMakeFiles/learning_interface__rosidl_typesupport_c.dir/rosidl_typesupport_c/learning_interface/action/move_circle__type_support.cpp.o[0m
[6.631s] [ 61%] [32m[1mLinking C shared library liblearning_interface__rosidl_typesupport_introspection_c.so[0m
[6.738s] [ 63%] [32mBuilding CXX object CMakeFiles/learning_interface__rosidl_typesupport_fastrtps_c.dir/rosidl_typesupport_fastrtps_c/learning_interface/msg/detail/object_position__type_support_c.cpp.o[0m
[6.739s] [ 64%] [32m[1mLinking CXX shared library liblearning_interface__rosidl_typesupport_c.so[0m
[6.752s] [ 66%] [32mBuilding CXX object CMakeFiles/learning_interface__rosidl_typesupport_fastrtps_c.dir/rosidl_typesupport_fastrtps_c/learning_interface/srv/detail/add_two_ints__type_support_c.cpp.o[0m
[6.757s] [ 66%] Built target learning_interface__rosidl_typesupport_introspection_c
[6.759s] [ 67%] [32mBuilding CXX object CMakeFiles/learning_interface__rosidl_typesupport_fastrtps_c.dir/rosidl_typesupport_fastrtps_c/learning_interface/srv/detail/get_object_position__type_support_c.cpp.o[0m
[6.775s] [ 69%] [32mBuilding CXX object CMakeFiles/learning_interface__rosidl_typesupport_fastrtps_c.dir/rosidl_typesupport_fastrtps_c/learning_interface/action/detail/move_circle__type_support_c.cpp.o[0m
[6.809s] [ 70%] [32mBuilding CXX object CMakeFiles/learning_interface__rosidl_typesupport_fastrtps_cpp.dir/rosidl_typesupport_fastrtps_cpp/learning_interface/srv/detail/dds_fastrtps/add_two_ints__type_support.cpp.o[0m
[6.824s] [ 72%] [32mBuilding CXX object CMakeFiles/learning_interface__rosidl_typesupport_fastrtps_cpp.dir/rosidl_typesupport_fastrtps_cpp/learning_interface/msg/detail/dds_fastrtps/object_position__type_support.cpp.o[0m
[6.848s] [ 73%] [32mBuilding CXX object CMakeFiles/learning_interface__rosidl_typesupport_fastrtps_cpp.dir/rosidl_typesupport_fastrtps_cpp/learning_interface/srv/detail/dds_fastrtps/get_object_position__type_support.cpp.o[0m
[6.879s] [ 73%] Built target learning_interface__rosidl_typesupport_c
[6.891s] [ 75%] [32mBuilding CXX object CMakeFiles/learning_interface__rosidl_typesupport_fastrtps_cpp.dir/rosidl_typesupport_fastrtps_cpp/learning_interface/action/detail/dds_fastrtps/move_circle__type_support.cpp.o[0m
[7.388s] [ 76%] [32m[1mLinking CXX shared library liblearning_interface__rosidl_typesupport_cpp.so[0m
[7.564s] [ 78%] [32m[1mLinking CXX shared library liblearning_interface__rosidl_typesupport_introspection_cpp.so[0m
[7.634s] [ 78%] Built target learning_interface__rosidl_typesupport_cpp
[7.721s] [ 78%] Built target learning_interface__rosidl_typesupport_introspection_cpp
[7.848s] [ 80%] [32m[1mLinking CXX shared library liblearning_interface__rosidl_typesupport_fastrtps_c.so[0m
[7.897s] [ 80%] Built target learning_interface__rosidl_typesupport_fastrtps_c
[8.181s] [ 81%] [32m[1mLinking CXX shared library liblearning_interface__rosidl_typesupport_fastrtps_cpp.so[0m
[8.276s] [ 81%] Built target learning_interface__rosidl_typesupport_fastrtps_cpp
[8.298s] [ 81%] Built target learning_interface
[8.320s] [ 83%] [34m[1mGenerating Python code for ROS interfaces[0m
[9.359s] [ 83%] Built target learning_interface__py
[9.388s] [ 84%] [32mBuilding C object CMakeFiles/learning_interface__rosidl_generator_py.dir/rosidl_generator_py/learning_interface/srv/_get_object_position_s.c.o[0m
[9.389s] [ 89%] [32mBuilding C object CMakeFiles/learning_interface__rosidl_generator_py.dir/rosidl_generator_py/learning_interface/srv/_add_two_ints_s.c.o[0m
[9.389s] [ 89%] [32mBuilding C object CMakeFiles/learning_interface__rosidl_generator_py.dir/rosidl_generator_py/learning_interface/action/_move_circle_s.c.o[0m
[9.389s] [ 89%] [32mBuilding C object CMakeFiles/learning_interface__rosidl_generator_py.dir/rosidl_generator_py/learning_interface/msg/_object_position_s.c.o[0m
[9.621s] [ 90%] [32m[1mLinking C shared library liblearning_interface__rosidl_generator_py.so[0m
[9.688s] [ 90%] Built target learning_interface__rosidl_generator_py
[9.703s] [ 92%] [32mBuilding C object CMakeFiles/learning_interface_s__rosidl_typesupport_fastrtps_c.dir/rosidl_generator_py/learning_interface/_learning_interface_s.ep.rosidl_typesupport_fastrtps_c.c.o[0m
[9.717s] [ 93%] [32mBuilding C object CMakeFiles/learning_interface_s__rosidl_typesupport_c.dir/rosidl_generator_py/learning_interface/_learning_interface_s.ep.rosidl_typesupport_c.c.o[0m
[9.717s] [ 95%] [32mBuilding C object CMakeFiles/learning_interface_s__rosidl_typesupport_introspection_c.dir/rosidl_generator_py/learning_interface/_learning_interface_s.ep.rosidl_typesupport_introspection_c.c.o[0m
[9.818s] [ 96%] [32m[1mLinking C shared module rosidl_generator_py/learning_interface/learning_interface_s__rosidl_typesupport_introspection_c.so[0m
[9.846s] [ 98%] [32m[1mLinking C shared module rosidl_generator_py/learning_interface/learning_interface_s__rosidl_typesupport_fastrtps_c.so[0m
[9.850s] [ 98%] Built target learning_interface_s__rosidl_typesupport_introspection_c
[9.853s] [100%] [32m[1mLinking C shared module rosidl_generator_py/learning_interface/learning_interface_s__rosidl_typesupport_c.so[0m
[9.879s] [100%] Built target learning_interface_s__rosidl_typesupport_fastrtps_c
[9.881s] [100%] Built target learning_interface_s__rosidl_typesupport_c
[9.894s] Invoked command in '/home/intel/example_ws/build/learning_interface' returned '0': CMAKE_PREFIX_PATH=${CMAKE_PREFIX_PATH}:/opt/ros/jazzy DEBUGINFOD_URLS=https://debuginfod.ubuntu.com /usr/bin/cmake --build /home/intel/example_ws/build/learning_interface -- -j14 -l14
[9.895s] Invoking command in '/home/intel/example_ws/build/learning_interface': CMAKE_PREFIX_PATH=${CMAKE_PREFIX_PATH}:/opt/ros/jazzy DEBUGINFOD_URLS=https://debuginfod.ubuntu.com /usr/bin/cmake --install /home/intel/example_ws/build/learning_interface
[9.914s] -- Install configuration: ""
[9.914s] -- Installing: /home/intel/example_ws/install/learning_interface/share/ament_index/resource_index/rosidl_interfaces/learning_interface
[9.914s] -- Installing: /home/intel/example_ws/install/learning_interface/share/learning_interface/msg/ObjectPosition.json
[9.914s] -- Installing: /home/intel/example_ws/install/learning_interface/share/learning_interface/srv/AddTwoInts.json
[9.915s] -- Installing: /home/intel/example_ws/install/learning_interface/share/learning_interface/srv/GetObjectPosition.json
[9.915s] -- Installing: /home/intel/example_ws/install/learning_interface/share/learning_interface/action/MoveCircle.json
[9.915s] -- Installing: /home/intel/example_ws/install/learning_interface/include/learning_interface/learning_interface
[9.915s] -- Installing: /home/intel/example_ws/install/learning_interface/include/learning_interface/learning_interface/srv
[9.915s] -- Installing: /home/intel/example_ws/install/learning_interface/include/learning_interface/learning_interface/srv/detail
[9.915s] -- Installing: /home/intel/example_ws/install/learning_interface/include/learning_interface/learning_interface/srv/detail/add_two_ints__functions.c
[9.915s] -- Installing: /home/intel/example_ws/install/learning_interface/include/learning_interface/learning_interface/srv/detail/add_two_ints__type_support.c
[9.917s] -- Installing: /home/intel/example_ws/install/learning_interface/include/learning_interface/learning_interface/srv/detail/add_two_ints__description.c
[9.917s] -- Installing: /home/intel/example_ws/install/learning_interface/include/learning_interface/learning_interface/srv/detail/get_object_position__type_support.c
[9.918s] -- Installing: /home/intel/example_ws/install/learning_interface/include/learning_interface/learning_interface/srv/detail/add_two_ints__functions.h
[9.918s] -- Installing: /home/intel/example_ws/install/learning_interface/include/learning_interface/learning_interface/srv/detail/get_object_position__struct.h
[9.918s] -- Installing: /home/intel/example_ws/install/learning_interface/include/learning_interface/learning_interface/srv/detail/get_object_position__functions.c
[9.918s] -- Installing: /home/intel/example_ws/install/learning_interface/include/learning_interface/learning_interface/srv/detail/add_two_ints__type_support.h
[9.918s] -- Installing: /home/intel/example_ws/install/learning_interface/include/learning_interface/learning_interface/srv/detail/add_two_ints__struct.h
[9.919s] -- Installing: /home/intel/example_ws/install/learning_interface/include/learning_interface/learning_interface/srv/detail/get_object_position__description.c
[9.919s] -- Installing: /home/intel/example_ws/install/learning_interface/include/learning_interface/learning_interface/srv/detail/get_object_position__type_support.h
[9.919s] -- Installing: /home/intel/example_ws/install/learning_interface/include/learning_interface/learning_interface/srv/detail/get_object_position__functions.h
[9.919s] -- Installing: /home/intel/example_ws/install/learning_interface/include/learning_interface/learning_interface/srv/get_object_position.h
[9.919s] -- Installing: /home/intel/example_ws/install/learning_interface/include/learning_interface/learning_interface/srv/add_two_ints.h
[9.920s] -- Installing: /home/intel/example_ws/install/learning_interface/include/learning_interface/learning_interface/msg
[9.920s] -- Installing: /home/intel/example_ws/install/learning_interface/include/learning_interface/learning_interface/msg/detail
[9.920s] -- Installing: /home/intel/example_ws/install/learning_interface/include/learning_interface/learning_interface/msg/detail/object_position__type_support.c
[9.920s] -- Installing: /home/intel/example_ws/install/learning_interface/include/learning_interface/learning_interface/msg/detail/object_position__type_support.h
[9.920s] -- Installing: /home/intel/example_ws/install/learning_interface/include/learning_interface/learning_interface/msg/detail/object_position__description.c
[9.920s] -- Installing: /home/intel/example_ws/install/learning_interface/include/learning_interface/learning_interface/msg/detail/object_position__struct.h
[9.921s] -- Installing: /home/intel/example_ws/install/learning_interface/include/learning_interface/learning_interface/msg/detail/object_position__functions.c
[9.921s] -- Installing: /home/intel/example_ws/install/learning_interface/include/learning_interface/learning_interface/msg/detail/object_position__functions.h
[9.921s] -- Installing: /home/intel/example_ws/install/learning_interface/include/learning_interface/learning_interface/msg/rosidl_generator_c__visibility_control.h
[9.921s] -- Installing: /home/intel/example_ws/install/learning_interface/include/learning_interface/learning_interface/msg/object_position.h
[9.921s] -- Installing: /home/intel/example_ws/install/learning_interface/include/learning_interface/learning_interface/action
[9.921s] -- Installing: /home/intel/example_ws/install/learning_interface/include/learning_interface/learning_interface/action/detail
[9.921s] -- Installing: /home/intel/example_ws/install/learning_interface/include/learning_interface/learning_interface/action/detail/move_circle__description.c
[9.922s] -- Installing: /home/intel/example_ws/install/learning_interface/include/learning_interface/learning_interface/action/detail/move_circle__type_support.c
[9.922s] -- Installing: /home/intel/example_ws/install/learning_interface/include/learning_interface/learning_interface/action/detail/move_circle__functions.c
[9.922s] -- Installing: /home/intel/example_ws/install/learning_interface/include/learning_interface/learning_interface/action/detail/move_circle__struct.h
[9.922s] -- Installing: /home/intel/example_ws/install/learning_interface/include/learning_interface/learning_interface/action/detail/move_circle__type_support.h
[9.922s] -- Installing: /home/intel/example_ws/install/learning_interface/include/learning_interface/learning_interface/action/detail/move_circle__functions.h
[9.922s] -- Installing: /home/intel/example_ws/install/learning_interface/include/learning_interface/learning_interface/action/move_circle.h
[9.922s] -- Installing: /home/intel/example_ws/install/learning_interface/share/learning_interface/environment/library_path.sh
[9.923s] -- Installing: /home/intel/example_ws/install/learning_interface/share/learning_interface/environment/library_path.dsv
[9.923s] -- Installing: /home/intel/example_ws/install/learning_interface/lib/liblearning_interface__rosidl_generator_c.so
[9.923s] -- Set non-toolchain portion of runtime path of "/home/intel/example_ws/install/learning_interface/lib/liblearning_interface__rosidl_generator_c.so" to ""
[9.923s] -- Up-to-date: /home/intel/example_ws/install/learning_interface/include/learning_interface/learning_interface
[9.923s] -- Up-to-date: /home/intel/example_ws/install/learning_interface/include/learning_interface/learning_interface/srv
[9.923s] -- Up-to-date: /home/intel/example_ws/install/learning_interface/include/learning_interface/learning_interface/srv/detail
[9.923s] -- Installing: /home/intel/example_ws/install/learning_interface/include/learning_interface/learning_interface/srv/detail/add_two_ints__rosidl_typesupport_fastrtps_c.h
[9.923s] -- Installing: /home/intel/example_ws/install/learning_interface/include/learning_interface/learning_interface/srv/detail/get_object_position__rosidl_typesupport_fastrtps_c.h
[9.924s] -- Up-to-date: /home/intel/example_ws/install/learning_interface/include/learning_interface/learning_interface/msg
[9.924s] -- Up-to-date: /home/intel/example_ws/install/learning_interface/include/learning_interface/learning_interface/msg/detail
[9.924s] -- Installing: /home/intel/example_ws/install/learning_interface/include/learning_interface/learning_interface/msg/detail/object_position__rosidl_typesupport_fastrtps_c.h
[9.924s] -- Installing: /home/intel/example_ws/install/learning_interface/include/learning_interface/learning_interface/msg/rosidl_typesupport_fastrtps_c__visibility_control.h
[9.924s] -- Up-to-date: /home/intel/example_ws/install/learning_interface/include/learning_interface/learning_interface/action
[9.924s] -- Up-to-date: /home/intel/example_ws/install/learning_interface/include/learning_interface/learning_interface/action/detail
[9.924s] -- Installing: /home/intel/example_ws/install/learning_interface/include/learning_interface/learning_interface/action/detail/move_circle__rosidl_typesupport_fastrtps_c.h
[9.925s] -- Installing: /home/intel/example_ws/install/learning_interface/lib/liblearning_interface__rosidl_typesupport_fastrtps_c.so
[9.925s] -- Set non-toolchain portion of runtime path of "/home/intel/example_ws/install/learning_interface/lib/liblearning_interface__rosidl_typesupport_fastrtps_c.so" to ""
[9.925s] -- Up-to-date: /home/intel/example_ws/install/learning_interface/include/learning_interface/learning_interface
[9.925s] -- Up-to-date: /home/intel/example_ws/install/learning_interface/include/learning_interface/learning_interface/srv
[9.925s] -- Up-to-date: /home/intel/example_ws/install/learning_interface/include/learning_interface/learning_interface/srv/detail
[9.925s] -- Installing: /home/intel/example_ws/install/learning_interface/include/learning_interface/learning_interface/srv/detail/add_two_ints__type_support.c
[9.925s] -- Installing: /home/intel/example_ws/install/learning_interface/include/learning_interface/learning_interface/srv/detail/get_object_position__type_support.c
[9.925s] -- Installing: /home/intel/example_ws/install/learning_interface/include/learning_interface/learning_interface/srv/detail/add_two_ints__rosidl_typesupport_introspection_c.h
[9.925s] -- Installing: /home/intel/example_ws/install/learning_interface/include/learning_interface/learning_interface/srv/detail/get_object_position__rosidl_typesupport_introspection_c.h
[9.925s] -- Up-to-date: /home/intel/example_ws/install/learning_interface/include/learning_interface/learning_interface/msg
[9.925s] -- Up-to-date: /home/intel/example_ws/install/learning_interface/include/learning_interface/learning_interface/msg/detail
[9.925s] -- Installing: /home/intel/example_ws/install/learning_interface/include/learning_interface/learning_interface/msg/detail/object_position__type_support.c
[9.926s] -- Installing: /home/intel/example_ws/install/learning_interface/include/learning_interface/learning_interface/msg/detail/object_position__rosidl_typesupport_introspection_c.h
[9.926s] -- Installing: /home/intel/example_ws/install/learning_interface/include/learning_interface/learning_interface/msg/rosidl_typesupport_introspection_c__visibility_control.h
[9.926s] -- Up-to-date: /home/intel/example_ws/install/learning_interface/include/learning_interface/learning_interface/action
[9.926s] -- Up-to-date: /home/intel/example_ws/install/learning_interface/include/learning_interface/learning_interface/action/detail
[9.926s] -- Installing: /home/intel/example_ws/install/learning_interface/include/learning_interface/learning_interface/action/detail/move_circle__type_support.c
[9.926s] -- Installing: /home/intel/example_ws/install/learning_interface/include/learning_interface/learning_interface/action/detail/move_circle__rosidl_typesupport_introspection_c.h
[9.926s] -- Installing: /home/intel/example_ws/install/learning_interface/lib/liblearning_interface__rosidl_typesupport_introspection_c.so
[9.926s] -- Set non-toolchain portion of runtime path of "/home/intel/example_ws/install/learning_interface/lib/liblearning_interface__rosidl_typesupport_introspection_c.so" to ""
[9.926s] -- Installing: /home/intel/example_ws/install/learning_interface/lib/liblearning_interface__rosidl_typesupport_c.so
[9.926s] -- Set non-toolchain portion of runtime path of "/home/intel/example_ws/install/learning_interface/lib/liblearning_interface__rosidl_typesupport_c.so" to ""
[9.926s] -- Up-to-date: /home/intel/example_ws/install/learning_interface/include/learning_interface/learning_interface
[9.927s] -- Up-to-date: /home/intel/example_ws/install/learning_interface/include/learning_interface/learning_interface/srv
[9.927s] -- Up-to-date: /home/intel/example_ws/install/learning_interface/include/learning_interface/learning_interface/srv/detail
[9.927s] -- Installing: /home/intel/example_ws/install/learning_interface/include/learning_interface/learning_interface/srv/detail/add_two_ints__traits.hpp
[9.927s] -- Installing: /home/intel/example_ws/install/learning_interface/include/learning_interface/learning_interface/srv/detail/get_object_position__traits.hpp
[9.927s] -- Installing: /home/intel/example_ws/install/learning_interface/include/learning_interface/learning_interface/srv/detail/get_object_position__struct.hpp
[9.927s] -- Installing: /home/intel/example_ws/install/learning_interface/include/learning_interface/learning_interface/srv/detail/get_object_position__type_support.hpp
[9.927s] -- Installing: /home/intel/example_ws/install/learning_interface/include/learning_interface/learning_interface/srv/detail/add_two_ints__builder.hpp
[9.927s] -- Installing: /home/intel/example_ws/install/learning_interface/include/learning_interface/learning_interface/srv/detail/add_two_ints__struct.hpp
[9.927s] -- Installing: /home/intel/example_ws/install/learning_interface/include/learning_interface/learning_interface/srv/detail/get_object_position__builder.hpp
[9.927s] -- Installing: /home/intel/example_ws/install/learning_interface/include/learning_interface/learning_interface/srv/detail/add_two_ints__type_support.hpp
[9.927s] -- Installing: /home/intel/example_ws/install/learning_interface/include/learning_interface/learning_interface/srv/get_object_position.hpp
[9.927s] -- Installing: /home/intel/example_ws/install/learning_interface/include/learning_interface/learning_interface/srv/add_two_ints.hpp
[9.927s] -- Up-to-date: /home/intel/example_ws/install/learning_interface/include/learning_interface/learning_interface/msg
[9.928s] -- Up-to-date: /home/intel/example_ws/install/learning_interface/include/learning_interface/learning_interface/msg/detail
[9.928s] -- Installing: /home/intel/example_ws/install/learning_interface/include/learning_interface/learning_interface/msg/detail/object_position__traits.hpp
[9.928s] -- Installing: /home/intel/example_ws/install/learning_interface/include/learning_interface/learning_interface/msg/detail/object_position__struct.hpp
[9.928s] -- Installing: /home/intel/example_ws/install/learning_interface/include/learning_interface/learning_interface/msg/detail/object_position__type_support.hpp
[9.928s] -- Installing: /home/intel/example_ws/install/learning_interface/include/learning_interface/learning_interface/msg/detail/object_position__builder.hpp
[9.928s] -- Installing: /home/intel/example_ws/install/learning_interface/include/learning_interface/learning_interface/msg/object_position.hpp
[9.928s] -- Installing: /home/intel/example_ws/install/learning_interface/include/learning_interface/learning_interface/msg/rosidl_generator_cpp__visibility_control.hpp
[9.928s] -- Up-to-date: /home/intel/example_ws/install/learning_interface/include/learning_interface/learning_interface/action
[9.928s] -- Up-to-date: /home/intel/example_ws/install/learning_interface/include/learning_interface/learning_interface/action/detail
[9.928s] -- Installing: /home/intel/example_ws/install/learning_interface/include/learning_interface/learning_interface/action/detail/move_circle__type_support.hpp
[9.928s] -- Installing: /home/intel/example_ws/install/learning_interface/include/learning_interface/learning_interface/action/detail/move_circle__builder.hpp
[9.928s] -- Installing: /home/intel/example_ws/install/learning_interface/include/learning_interface/learning_interface/action/detail/move_circle__struct.hpp
[9.928s] -- Installing: /home/intel/example_ws/install/learning_interface/include/learning_interface/learning_interface/action/detail/move_circle__traits.hpp
[9.928s] -- Installing: /home/intel/example_ws/install/learning_interface/include/learning_interface/learning_interface/action/move_circle.hpp
[9.928s] -- Up-to-date: /home/intel/example_ws/install/learning_interface/include/learning_interface/learning_interface
[9.929s] -- Up-to-date: /home/intel/example_ws/install/learning_interface/include/learning_interface/learning_interface/srv
[9.929s] -- Up-to-date: /home/intel/example_ws/install/learning_interface/include/learning_interface/learning_interface/srv/detail
[9.929s] -- Installing: /home/intel/example_ws/install/learning_interface/include/learning_interface/learning_interface/srv/detail/add_two_ints__rosidl_typesupport_fastrtps_cpp.hpp
[9.929s] -- Installing: /home/intel/example_ws/install/learning_interface/include/learning_interface/learning_interface/srv/detail/get_object_position__rosidl_typesupport_fastrtps_cpp.hpp
[9.929s] -- Installing: /home/intel/example_ws/install/learning_interface/include/learning_interface/learning_interface/srv/detail/dds_fastrtps
[9.929s] -- Up-to-date: /home/intel/example_ws/install/learning_interface/include/learning_interface/learning_interface/msg
[9.929s] -- Up-to-date: /home/intel/example_ws/install/learning_interface/include/learning_interface/learning_interface/msg/detail
[9.929s] -- Installing: /home/intel/example_ws/install/learning_interface/include/learning_interface/learning_interface/msg/detail/object_position__rosidl_typesupport_fastrtps_cpp.hpp
[9.929s] -- Installing: /home/intel/example_ws/install/learning_interface/include/learning_interface/learning_interface/msg/detail/dds_fastrtps
[9.929s] -- Installing: /home/intel/example_ws/install/learning_interface/include/learning_interface/learning_interface/msg/rosidl_typesupport_fastrtps_cpp__visibility_control.h
[9.929s] -- Up-to-date: /home/intel/example_ws/install/learning_interface/include/learning_interface/learning_interface/action
[9.929s] -- Up-to-date: /home/intel/example_ws/install/learning_interface/include/learning_interface/learning_interface/action/detail
[9.929s] -- Installing: /home/intel/example_ws/install/learning_interface/include/learning_interface/learning_interface/action/detail/move_circle__rosidl_typesupport_fastrtps_cpp.hpp
[9.929s] -- Installing: /home/intel/example_ws/install/learning_interface/include/learning_interface/learning_interface/action/detail/dds_fastrtps
[9.929s] -- Installing: /home/intel/example_ws/install/learning_interface/lib/liblearning_interface__rosidl_typesupport_fastrtps_cpp.so
[9.929s] -- Set non-toolchain portion of runtime path of "/home/intel/example_ws/install/learning_interface/lib/liblearning_interface__rosidl_typesupport_fastrtps_cpp.so" to ""
[9.929s] -- Up-to-date: /home/intel/example_ws/install/learning_interface/include/learning_interface/learning_interface
[9.929s] -- Up-to-date: /home/intel/example_ws/install/learning_interface/include/learning_interface/learning_interface/srv
[9.929s] -- Up-to-date: /home/intel/example_ws/install/learning_interface/include/learning_interface/learning_interface/srv/detail
[9.929s] -- Installing: /home/intel/example_ws/install/learning_interface/include/learning_interface/learning_interface/srv/detail/add_two_ints__rosidl_typesupport_introspection_cpp.hpp
[9.929s] -- Installing: /home/intel/example_ws/install/learning_interface/include/learning_interface/learning_interface/srv/detail/get_object_position__type_support.cpp
[9.929s] -- Installing: /home/intel/example_ws/install/learning_interface/include/learning_interface/learning_interface/srv/detail/add_two_ints__type_support.cpp
[9.930s] -- Installing: /home/intel/example_ws/install/learning_interface/include/learning_interface/learning_interface/srv/detail/get_object_position__rosidl_typesupport_introspection_cpp.hpp
[9.930s] -- Up-to-date: /home/intel/example_ws/install/learning_interface/include/learning_interface/learning_interface/msg
[9.930s] -- Up-to-date: /home/intel/example_ws/install/learning_interface/include/learning_interface/learning_interface/msg/detail
[9.930s] -- Installing: /home/intel/example_ws/install/learning_interface/include/learning_interface/learning_interface/msg/detail/object_position__rosidl_typesupport_introspection_cpp.hpp
[9.930s] -- Installing: /home/intel/example_ws/install/learning_interface/include/learning_interface/learning_interface/msg/detail/object_position__type_support.cpp
[9.930s] -- Up-to-date: /home/intel/example_ws/install/learning_interface/include/learning_interface/learning_interface/action
[9.930s] -- Up-to-date: /home/intel/example_ws/install/learning_interface/include/learning_interface/learning_interface/action/detail
[9.930s] -- Installing: /home/intel/example_ws/install/learning_interface/include/learning_interface/learning_interface/action/detail/move_circle__type_support.cpp
[9.930s] -- Installing: /home/intel/example_ws/install/learning_interface/include/learning_interface/learning_interface/action/detail/move_circle__rosidl_typesupport_introspection_cpp.hpp
[9.930s] -- Installing: /home/intel/example_ws/install/learning_interface/lib/liblearning_interface__rosidl_typesupport_introspection_cpp.so
[9.930s] -- Set non-toolchain portion of runtime path of "/home/intel/example_ws/install/learning_interface/lib/liblearning_interface__rosidl_typesupport_introspection_cpp.so" to ""
[9.930s] -- Installing: /home/intel/example_ws/install/learning_interface/lib/liblearning_interface__rosidl_typesupport_cpp.so
[9.930s] -- Set non-toolchain portion of runtime path of "/home/intel/example_ws/install/learning_interface/lib/liblearning_interface__rosidl_typesupport_cpp.so" to ""
[9.930s] -- Installing: /home/intel/example_ws/install/learning_interface/share/learning_interface/environment/pythonpath.sh
[9.930s] -- Installing: /home/intel/example_ws/install/learning_interface/share/learning_interface/environment/pythonpath.dsv
[9.930s] -- Installing: /home/intel/example_ws/install/learning_interface/lib/python3.12/site-packages/learning_interface-0.0.0-py3.12.egg-info
[9.930s] -- Installing: /home/intel/example_ws/install/learning_interface/lib/python3.12/site-packages/learning_interface-0.0.0-py3.12.egg-info/dependency_links.txt
[9.930s] -- Installing: /home/intel/example_ws/install/learning_interface/lib/python3.12/site-packages/learning_interface-0.0.0-py3.12.egg-info/PKG-INFO
[9.930s] -- Installing: /home/intel/example_ws/install/learning_interface/lib/python3.12/site-packages/learning_interface-0.0.0-py3.12.egg-info/SOURCES.txt
[9.930s] -- Installing: /home/intel/example_ws/install/learning_interface/lib/python3.12/site-packages/learning_interface-0.0.0-py3.12.egg-info/top_level.txt
[9.930s] -- Installing: /home/intel/example_ws/install/learning_interface/lib/python3.12/site-packages/learning_interface
[9.930s] -- Installing: /home/intel/example_ws/install/learning_interface/lib/python3.12/site-packages/learning_interface/_learning_interface_s.ep.rosidl_typesupport_introspection_c.c
[9.930s] -- Installing: /home/intel/example_ws/install/learning_interface/lib/python3.12/site-packages/learning_interface/_learning_interface_s.ep.rosidl_typesupport_c.c
[9.931s] -- Installing: /home/intel/example_ws/install/learning_interface/lib/python3.12/site-packages/learning_interface/srv
[9.931s] -- Installing: /home/intel/example_ws/install/learning_interface/lib/python3.12/site-packages/learning_interface/srv/_add_two_ints_s.c
[9.931s] -- Installing: /home/intel/example_ws/install/learning_interface/lib/python3.12/site-packages/learning_interface/srv/_add_two_ints.py
[9.931s] -- Installing: /home/intel/example_ws/install/learning_interface/lib/python3.12/site-packages/learning_interface/srv/__init__.py
[9.931s] -- Installing: /home/intel/example_ws/install/learning_interface/lib/python3.12/site-packages/learning_interface/srv/_get_object_position_s.c
[9.931s] -- Installing: /home/intel/example_ws/install/learning_interface/lib/python3.12/site-packages/learning_interface/srv/_get_object_position.py
[9.931s] -- Installing: /home/intel/example_ws/install/learning_interface/lib/python3.12/site-packages/learning_interface/msg
[9.931s] -- Installing: /home/intel/example_ws/install/learning_interface/lib/python3.12/site-packages/learning_interface/msg/_object_position_s.c
[9.931s] -- Installing: /home/intel/example_ws/install/learning_interface/lib/python3.12/site-packages/learning_interface/msg/__init__.py
[9.931s] -- Installing: /home/intel/example_ws/install/learning_interface/lib/python3.12/site-packages/learning_interface/msg/_object_position.py
[9.931s] -- Installing: /home/intel/example_ws/install/learning_interface/lib/python3.12/site-packages/learning_interface/__init__.py
[9.931s] -- Installing: /home/intel/example_ws/install/learning_interface/lib/python3.12/site-packages/learning_interface/learning_interface_s__rosidl_typesupport_c.so
[9.931s] -- Installing: /home/intel/example_ws/install/learning_interface/lib/python3.12/site-packages/learning_interface/_learning_interface_s.ep.rosidl_typesupport_fastrtps_c.c
[9.931s] -- Installing: /home/intel/example_ws/install/learning_interface/lib/python3.12/site-packages/learning_interface/learning_interface_s__rosidl_typesupport_introspection_c.so
[9.931s] -- Installing: /home/intel/example_ws/install/learning_interface/lib/python3.12/site-packages/learning_interface/action
[9.931s] -- Installing: /home/intel/example_ws/install/learning_interface/lib/python3.12/site-packages/learning_interface/action/_move_circle.py
[9.931s] -- Installing: /home/intel/example_ws/install/learning_interface/lib/python3.12/site-packages/learning_interface/action/__init__.py
[9.931s] -- Installing: /home/intel/example_ws/install/learning_interface/lib/python3.12/site-packages/learning_interface/action/_move_circle_s.c
[9.931s] -- Installing: /home/intel/example_ws/install/learning_interface/lib/python3.12/site-packages/learning_interface/learning_interface_s__rosidl_typesupport_fastrtps_c.so
[9.972s] Listing '/home/intel/example_ws/install/learning_interface/lib/python3.12/site-packages/learning_interface'...
[9.972s] Compiling '/home/intel/example_ws/install/learning_interface/lib/python3.12/site-packages/learning_interface/__init__.py'...
[9.972s] Listing '/home/intel/example_ws/install/learning_interface/lib/python3.12/site-packages/learning_interface/action'...
[9.973s] Compiling '/home/intel/example_ws/install/learning_interface/lib/python3.12/site-packages/learning_interface/action/__init__.py'...
[9.973s] Compiling '/home/intel/example_ws/install/learning_interface/lib/python3.12/site-packages/learning_interface/action/_move_circle.py'...
[9.973s] Listing '/home/intel/example_ws/install/learning_interface/lib/python3.12/site-packages/learning_interface/msg'...
[9.973s] Compiling '/home/intel/example_ws/install/learning_interface/lib/python3.12/site-packages/learning_interface/msg/__init__.py'...
[9.973s] Compiling '/home/intel/example_ws/install/learning_interface/lib/python3.12/site-packages/learning_interface/msg/_object_position.py'...
[9.974s] Listing '/home/intel/example_ws/install/learning_interface/lib/python3.12/site-packages/learning_interface/srv'...
[9.974s] Compiling '/home/intel/example_ws/install/learning_interface/lib/python3.12/site-packages/learning_interface/srv/__init__.py'...
[9.974s] Compiling '/home/intel/example_ws/install/learning_interface/lib/python3.12/site-packages/learning_interface/srv/_add_two_ints.py'...
[9.974s] Compiling '/home/intel/example_ws/install/learning_interface/lib/python3.12/site-packages/learning_interface/srv/_get_object_position.py'...
[9.977s] -- Installing: /home/intel/example_ws/install/learning_interface/lib/python3.12/site-packages/learning_interface/learning_interface_s__rosidl_typesupport_fastrtps_c.so
[9.977s] -- Set non-toolchain portion of runtime path of "/home/intel/example_ws/install/learning_interface/lib/python3.12/site-packages/learning_interface/learning_interface_s__rosidl_typesupport_fastrtps_c.so" to ""
[9.978s] -- Installing: /home/intel/example_ws/install/learning_interface/lib/python3.12/site-packages/learning_interface/learning_interface_s__rosidl_typesupport_introspection_c.so
[9.978s] -- Set non-toolchain portion of runtime path of "/home/intel/example_ws/install/learning_interface/lib/python3.12/site-packages/learning_interface/learning_interface_s__rosidl_typesupport_introspection_c.so" to ""
[9.978s] -- Installing: /home/intel/example_ws/install/learning_interface/lib/python3.12/site-packages/learning_interface/learning_interface_s__rosidl_typesupport_c.so
[9.978s] -- Set non-toolchain portion of runtime path of "/home/intel/example_ws/install/learning_interface/lib/python3.12/site-packages/learning_interface/learning_interface_s__rosidl_typesupport_c.so" to ""
[9.978s] -- Installing: /home/intel/example_ws/install/learning_interface/lib/liblearning_interface__rosidl_generator_py.so
[9.978s] -- Set non-toolchain portion of runtime path of "/home/intel/example_ws/install/learning_interface/lib/liblearning_interface__rosidl_generator_py.so" to ""
[9.979s] -- Installing: /home/intel/example_ws/install/learning_interface/share/ament_index/resource_index/rust_packages/learning_interface
[9.979s] -- Installing: /home/intel/example_ws/install/learning_interface/share/learning_interface/rust
[9.979s] -- Installing: /home/intel/example_ws/install/learning_interface/share/learning_interface/rust/src
[9.979s] -- Installing: /home/intel/example_ws/install/learning_interface/share/learning_interface/rust/src/action.rs
[9.979s] -- Installing: /home/intel/example_ws/install/learning_interface/share/learning_interface/rust/src/srv.rs
[9.979s] -- Installing: /home/intel/example_ws/install/learning_interface/share/learning_interface/rust/src/srv
[9.979s] -- Installing: /home/intel/example_ws/install/learning_interface/share/learning_interface/rust/src/srv/rmw.rs
[9.980s] -- Installing: /home/intel/example_ws/install/learning_interface/share/learning_interface/rust/src/msg
[9.980s] -- Installing: /home/intel/example_ws/install/learning_interface/share/learning_interface/rust/src/msg/rmw.rs
[9.980s] -- Installing: /home/intel/example_ws/install/learning_interface/share/learning_interface/rust/src/msg.rs
[9.980s] -- Installing: /home/intel/example_ws/install/learning_interface/share/learning_interface/rust/src/lib.rs
[9.980s] -- Installing: /home/intel/example_ws/install/learning_interface/share/learning_interface/rust/src/action
[9.980s] -- Installing: /home/intel/example_ws/install/learning_interface/share/learning_interface/rust/src/action/rmw.rs
[9.980s] -- Installing: /home/intel/example_ws/install/learning_interface/share/learning_interface/rust/Cargo.toml
[9.980s] -- Installing: /home/intel/example_ws/install/learning_interface/share/learning_interface/rust/build.rs
[9.981s] -- Installing: /home/intel/example_ws/install/learning_interface/share/learning_interface/msg/ObjectPosition.idl
[9.981s] -- Installing: /home/intel/example_ws/install/learning_interface/share/learning_interface/srv/AddTwoInts.idl
[9.981s] -- Installing: /home/intel/example_ws/install/learning_interface/share/learning_interface/srv/GetObjectPosition.idl
[9.981s] -- Installing: /home/intel/example_ws/install/learning_interface/share/learning_interface/action/MoveCircle.idl
[9.981s] -- Installing: /home/intel/example_ws/install/learning_interface/share/learning_interface/msg/ObjectPosition.msg
[9.981s] -- Installing: /home/intel/example_ws/install/learning_interface/share/learning_interface/srv/AddTwoInts.srv
[9.981s] -- Installing: /home/intel/example_ws/install/learning_interface/share/learning_interface/srv/GetObjectPosition.srv
[9.981s] -- Installing: /home/intel/example_ws/install/learning_interface/share/learning_interface/action/MoveCircle.action
[9.981s] -- Installing: /home/intel/example_ws/install/learning_interface/share/ament_index/resource_index/package_run_dependencies/learning_interface
[9.981s] -- Installing: /home/intel/example_ws/install/learning_interface/share/ament_index/resource_index/parent_prefix_path/learning_interface
[9.982s] -- Installing: /home/intel/example_ws/install/learning_interface/share/learning_interface/environment/ament_prefix_path.sh
[9.982s] -- Installing: /home/intel/example_ws/install/learning_interface/share/learning_interface/environment/ament_prefix_path.dsv
[9.982s] -- Installing: /home/intel/example_ws/install/learning_interface/share/learning_interface/environment/path.sh
[9.982s] -- Installing: /home/intel/example_ws/install/learning_interface/share/learning_interface/environment/path.dsv
[9.982s] -- Installing: /home/intel/example_ws/install/learning_interface/share/learning_interface/local_setup.bash
[9.982s] -- Installing: /home/intel/example_ws/install/learning_interface/share/learning_interface/local_setup.sh
[9.982s] -- Installing: /home/intel/example_ws/install/learning_interface/share/learning_interface/local_setup.zsh
[9.982s] -- Installing: /home/intel/example_ws/install/learning_interface/share/learning_interface/local_setup.dsv
[9.982s] -- Installing: /home/intel/example_ws/install/learning_interface/share/learning_interface/package.dsv
[9.982s] -- Installing: /home/intel/example_ws/install/learning_interface/share/ament_index/resource_index/packages/learning_interface
[9.982s] -- Installing: /home/intel/example_ws/install/learning_interface/share/learning_interface/cmake/export_learning_interface__rosidl_generator_cExport.cmake
[9.983s] -- Installing: /home/intel/example_ws/install/learning_interface/share/learning_interface/cmake/export_learning_interface__rosidl_generator_cExport-noconfig.cmake
[9.983s] -- Installing: /home/intel/example_ws/install/learning_interface/share/learning_interface/cmake/export_learning_interface__rosidl_typesupport_fastrtps_cExport.cmake
[9.983s] -- Installing: /home/intel/example_ws/install/learning_interface/share/learning_interface/cmake/export_learning_interface__rosidl_typesupport_fastrtps_cExport-noconfig.cmake
[9.983s] -- Installing: /home/intel/example_ws/install/learning_interface/share/learning_interface/cmake/learning_interface__rosidl_typesupport_introspection_cExport.cmake
[9.983s] -- Installing: /home/intel/example_ws/install/learning_interface/share/learning_interface/cmake/learning_interface__rosidl_typesupport_introspection_cExport-noconfig.cmake
[9.983s] -- Installing: /home/intel/example_ws/install/learning_interface/share/learning_interface/cmake/learning_interface__rosidl_typesupport_cExport.cmake
[9.983s] -- Installing: /home/intel/example_ws/install/learning_interface/share/learning_interface/cmake/learning_interface__rosidl_typesupport_cExport-noconfig.cmake
[9.983s] -- Installing: /home/intel/example_ws/install/learning_interface/share/learning_interface/cmake/export_learning_interface__rosidl_generator_cppExport.cmake
[9.983s] -- Installing: /home/intel/example_ws/install/learning_interface/share/learning_interface/cmake/export_learning_interface__rosidl_typesupport_fastrtps_cppExport.cmake
[9.983s] -- Installing: /home/intel/example_ws/install/learning_interface/share/learning_interface/cmake/export_learning_interface__rosidl_typesupport_fastrtps_cppExport-noconfig.cmake
[9.983s] -- Installing: /home/intel/example_ws/install/learning_interface/share/learning_interface/cmake/learning_interface__rosidl_typesupport_introspection_cppExport.cmake
[9.984s] -- Installing: /home/intel/example_ws/install/learning_interface/share/learning_interface/cmake/learning_interface__rosidl_typesupport_introspection_cppExport-noconfig.cmake
[9.984s] -- Installing: /home/intel/example_ws/install/learning_interface/share/learning_interface/cmake/learning_interface__rosidl_typesupport_cppExport.cmake
[9.984s] -- Installing: /home/intel/example_ws/install/learning_interface/share/learning_interface/cmake/learning_interface__rosidl_typesupport_cppExport-noconfig.cmake
[9.984s] -- Installing: /home/intel/example_ws/install/learning_interface/share/learning_interface/cmake/export_learning_interface__rosidl_generator_pyExport.cmake
[9.984s] -- Installing: /home/intel/example_ws/install/learning_interface/share/learning_interface/cmake/export_learning_interface__rosidl_generator_pyExport-noconfig.cmake
[9.984s] -- Installing: /home/intel/example_ws/install/learning_interface/share/learning_interface/cmake/rosidl_cmake-extras.cmake
[9.984s] -- Installing: /home/intel/example_ws/install/learning_interface/share/learning_interface/cmake/ament_cmake_export_dependencies-extras.cmake
[9.984s] -- Installing: /home/intel/example_ws/install/learning_interface/share/learning_interface/cmake/ament_cmake_export_include_directories-extras.cmake
[9.984s] -- Installing: /home/intel/example_ws/install/learning_interface/share/learning_interface/cmake/ament_cmake_export_libraries-extras.cmake
[9.984s] -- Installing: /home/intel/example_ws/install/learning_interface/share/learning_interface/cmake/ament_cmake_export_targets-extras.cmake
[9.984s] -- Installing: /home/intel/example_ws/install/learning_interface/share/learning_interface/cmake/rosidl_cmake_export_typesupport_targets-extras.cmake
[9.984s] -- Installing: /home/intel/example_ws/install/learning_interface/share/learning_interface/cmake/rosidl_cmake_export_typesupport_libraries-extras.cmake
[9.985s] -- Installing: /home/intel/example_ws/install/learning_interface/share/learning_interface/cmake/learning_interfaceConfig.cmake
[9.985s] -- Installing: /home/intel/example_ws/install/learning_interface/share/learning_interface/cmake/learning_interfaceConfig-version.cmake
[9.985s] -- Installing: /home/intel/example_ws/install/learning_interface/share/learning_interface/package.xml
[9.986s] Invoked command in '/home/intel/example_ws/build/learning_interface' returned '0': CMAKE_PREFIX_PATH=${CMAKE_PREFIX_PATH}:/opt/ros/jazzy DEBUGINFOD_URLS=https://debuginfod.ubuntu.com /usr/bin/cmake --install /home/intel/example_ws/build/learning_interface
