[0.245s] Invoking command in '/home/intel/example_ws/build/learning_action_cpp': AMENT_PREFIX_PATH=/home/intel/example_ws/install/learning_interface:${AMENT_PREFIX_PATH} CMAKE_PREFIX_PATH=/home/intel/example_ws/install/learning_interface:/opt/ros/jazzy/opt/gz_sim_vendor:/opt/ros/jazzy/opt/gz_sensors_vendor:/opt/ros/jazzy/opt/gz_physics_vendor:/opt/ros/jazzy/opt/sdformat_vendor:/opt/ros/jazzy/opt/gz_gui_vendor:/opt/ros/jazzy/opt/gz_transport_vendor:/opt/ros/jazzy/opt/gz_rendering_vendor:/opt/ros/jazzy/opt/gz_plugin_vendor:/opt/ros/jazzy/opt/gz_fuel_tools_vendor:/opt/ros/jazzy/opt/gz_msgs_vendor:/opt/ros/jazzy/opt/gz_common_vendor:/opt/ros/jazzy/opt/gz_tools_vendor:/opt/ros/jazzy/opt/gz_ogre_next_vendor:/opt/ros/jazzy/opt/gz_dartsim_vendor:/opt/ros/jazzy/opt/gz_math_vendor:/opt/ros/jazzy/opt/gz_utils_vendor:/opt/ros/jazzy/opt/gz_cmake_vendor:/opt/ros/jazzy DEBUGINFOD_URLS=https://debuginfod.ubuntu.com LD_LIBRARY_PATH=/home/intel/example_ws/install/learning_interface/lib:${LD_LIBRARY_PATH} PYTHONPATH=/home/intel/example_ws/install/learning_interface/lib/python3.12/site-packages:${PYTHONPATH} /usr/bin/cmake /home/intel/example_ws/src/ros2_21_tutorials/learning_action_cpp -DCMAKE_INSTALL_PREFIX=/home/intel/example_ws/install/learning_action_cpp
[0.396s] -- The C compiler identification is GNU 13.3.0
[0.396s] -- The CXX compiler identification is GNU 13.3.0
[0.400s] -- Detecting C compiler ABI info
[0.527s] -- Detecting C compiler ABI info - done
[0.536s] -- Check for working C compiler: /usr/bin/cc - skipped
[0.537s] -- Detecting C compile features
[0.537s] -- Detecting C compile features - done
[0.545s] -- Detecting CXX compiler ABI info
[0.649s] -- Detecting CXX compiler ABI info - done
[0.655s] -- Check for working CXX compiler: /usr/bin/c++ - skipped
[0.655s] -- Detecting CXX compile features
[0.655s] -- Detecting CXX compile features - done
[0.658s] -- Found ament_cmake: 2.5.6 (/opt/ros/jazzy/share/ament_cmake/cmake)
[0.784s] -- Found Python3: /usr/bin/python3 (found version "3.12.3") found components: Interpreter 
[0.927s] -- Found rclcpp: 28.1.18 (/opt/ros/jazzy/share/rclcpp/cmake)
[1.000s] -- Found rosidl_generator_c: 4.6.7 (/opt/ros/jazzy/share/rosidl_generator_c/cmake)
[1.015s] -- Found rosidl_generator_cpp: 4.6.7 (/opt/ros/jazzy/share/rosidl_generator_cpp/cmake)
[1.034s] -- Using all available rosidl_typesupport_c: rosidl_typesupport_fastrtps_c;rosidl_typesupport_introspection_c
[1.055s] -- Using all available rosidl_typesupport_cpp: rosidl_typesupport_fastrtps_cpp;rosidl_typesupport_introspection_cpp
[1.145s] -- Found rmw_implementation_cmake: 7.3.3 (/opt/ros/jazzy/share/rmw_implementation_cmake/cmake)
[1.148s] -- Found rmw_fastrtps_cpp: 8.4.3 (/opt/ros/jazzy/share/rmw_fastrtps_cpp/cmake)
[1.225s] -- Found OpenSSL: /usr/lib/x86_64-linux-gnu/libcrypto.so (found version "3.0.13")  
[1.240s] -- Found FastRTPS: /opt/ros/jazzy/include (Required is at least version "2.13") 
[1.260s] -- Using RMW implementation 'rmw_fastrtps_cpp' as default
[1.312s] -- Found rclcpp_action: 28.1.18 (/opt/ros/jazzy/share/rclcpp_action/cmake)
[1.342s] -- Found learning_interface: 0.0.0 (/home/intel/example_ws/install/learning_interface/share/learning_interface/cmake)
[1.360s] -- Found ament_lint_auto: 0.17.5 (/opt/ros/jazzy/share/ament_lint_auto/cmake)
[1.486s] -- Added test 'cppcheck' to perform static code analysis on C / C++ code
[1.486s] -- Configured cppcheck include dirs: 
[1.486s] -- Configured cppcheck exclude dirs and/or files: 
[1.486s] -- Added test 'lint_cmake' to check CMake code style
[1.486s] -- Added test 'uncrustify' to check C / C++ code style
[1.487s] -- Configured uncrustify additional arguments: 
[1.487s] -- Added test 'xmllint' to check XML markup files
[1.488s] -- Configuring done (1.2s)
[1.497s] -- Generating done (0.0s)
[1.500s] -- Build files have been written to: /home/intel/example_ws/build/learning_action_cpp
[1.510s] Invoked command in '/home/intel/example_ws/build/learning_action_cpp' returned '0': AMENT_PREFIX_PATH=/home/intel/example_ws/install/learning_interface:${AMENT_PREFIX_PATH} CMAKE_PREFIX_PATH=/home/intel/example_ws/install/learning_interface:/opt/ros/jazzy/opt/gz_sim_vendor:/opt/ros/jazzy/opt/gz_sensors_vendor:/opt/ros/jazzy/opt/gz_physics_vendor:/opt/ros/jazzy/opt/sdformat_vendor:/opt/ros/jazzy/opt/gz_gui_vendor:/opt/ros/jazzy/opt/gz_transport_vendor:/opt/ros/jazzy/opt/gz_rendering_vendor:/opt/ros/jazzy/opt/gz_plugin_vendor:/opt/ros/jazzy/opt/gz_fuel_tools_vendor:/opt/ros/jazzy/opt/gz_msgs_vendor:/opt/ros/jazzy/opt/gz_common_vendor:/opt/ros/jazzy/opt/gz_tools_vendor:/opt/ros/jazzy/opt/gz_ogre_next_vendor:/opt/ros/jazzy/opt/gz_dartsim_vendor:/opt/ros/jazzy/opt/gz_math_vendor:/opt/ros/jazzy/opt/gz_utils_vendor:/opt/ros/jazzy/opt/gz_cmake_vendor:/opt/ros/jazzy DEBUGINFOD_URLS=https://debuginfod.ubuntu.com LD_LIBRARY_PATH=/home/intel/example_ws/install/learning_interface/lib:${LD_LIBRARY_PATH} PYTHONPATH=/home/intel/example_ws/install/learning_interface/lib/python3.12/site-packages:${PYTHONPATH} /usr/bin/cmake /home/intel/example_ws/src/ros2_21_tutorials/learning_action_cpp -DCMAKE_INSTALL_PREFIX=/home/intel/example_ws/install/learning_action_cpp
[1.511s] Invoking command in '/home/intel/example_ws/build/learning_action_cpp': AMENT_PREFIX_PATH=/home/intel/example_ws/install/learning_interface:${AMENT_PREFIX_PATH} CMAKE_PREFIX_PATH=/home/intel/example_ws/install/learning_interface:/opt/ros/jazzy/opt/gz_sim_vendor:/opt/ros/jazzy/opt/gz_sensors_vendor:/opt/ros/jazzy/opt/gz_physics_vendor:/opt/ros/jazzy/opt/sdformat_vendor:/opt/ros/jazzy/opt/gz_gui_vendor:/opt/ros/jazzy/opt/gz_transport_vendor:/opt/ros/jazzy/opt/gz_rendering_vendor:/opt/ros/jazzy/opt/gz_plugin_vendor:/opt/ros/jazzy/opt/gz_fuel_tools_vendor:/opt/ros/jazzy/opt/gz_msgs_vendor:/opt/ros/jazzy/opt/gz_common_vendor:/opt/ros/jazzy/opt/gz_tools_vendor:/opt/ros/jazzy/opt/gz_ogre_next_vendor:/opt/ros/jazzy/opt/gz_dartsim_vendor:/opt/ros/jazzy/opt/gz_math_vendor:/opt/ros/jazzy/opt/gz_utils_vendor:/opt/ros/jazzy/opt/gz_cmake_vendor:/opt/ros/jazzy DEBUGINFOD_URLS=https://debuginfod.ubuntu.com LD_LIBRARY_PATH=/home/intel/example_ws/install/learning_interface/lib:${LD_LIBRARY_PATH} PYTHONPATH=/home/intel/example_ws/install/learning_interface/lib/python3.12/site-packages:${PYTHONPATH} /usr/bin/cmake --build /home/intel/example_ws/build/learning_action_cpp -- -j14 -l14
[1.563s] [ 25%] [32mBuilding CXX object CMakeFiles/action_move_server.dir/src/action_move_server.cpp.o[0m
[1.567s] [ 50%] [32mBuilding CXX object CMakeFiles/action_move_client.dir/src/action_move_client.cpp.o[0m
[4.823s] [ 75%] [32m[1mLinking CXX executable action_move_server[0m
[4.961s] [ 75%] Built target action_move_server
[5.230s] [100%] [32m[1mLinking CXX executable action_move_client[0m
[5.375s] [100%] Built target action_move_client
[5.392s] Invoked command in '/home/intel/example_ws/build/learning_action_cpp' returned '0': AMENT_PREFIX_PATH=/home/intel/example_ws/install/learning_interface:${AMENT_PREFIX_PATH} CMAKE_PREFIX_PATH=/home/intel/example_ws/install/learning_interface:/opt/ros/jazzy/opt/gz_sim_vendor:/opt/ros/jazzy/opt/gz_sensors_vendor:/opt/ros/jazzy/opt/gz_physics_vendor:/opt/ros/jazzy/opt/sdformat_vendor:/opt/ros/jazzy/opt/gz_gui_vendor:/opt/ros/jazzy/opt/gz_transport_vendor:/opt/ros/jazzy/opt/gz_rendering_vendor:/opt/ros/jazzy/opt/gz_plugin_vendor:/opt/ros/jazzy/opt/gz_fuel_tools_vendor:/opt/ros/jazzy/opt/gz_msgs_vendor:/opt/ros/jazzy/opt/gz_common_vendor:/opt/ros/jazzy/opt/gz_tools_vendor:/opt/ros/jazzy/opt/gz_ogre_next_vendor:/opt/ros/jazzy/opt/gz_dartsim_vendor:/opt/ros/jazzy/opt/gz_math_vendor:/opt/ros/jazzy/opt/gz_utils_vendor:/opt/ros/jazzy/opt/gz_cmake_vendor:/opt/ros/jazzy DEBUGINFOD_URLS=https://debuginfod.ubuntu.com LD_LIBRARY_PATH=/home/intel/example_ws/install/learning_interface/lib:${LD_LIBRARY_PATH} PYTHONPATH=/home/intel/example_ws/install/learning_interface/lib/python3.12/site-packages:${PYTHONPATH} /usr/bin/cmake --build /home/intel/example_ws/build/learning_action_cpp -- -j14 -l14
[5.393s] Invoking command in '/home/intel/example_ws/build/learning_action_cpp': AMENT_PREFIX_PATH=/home/intel/example_ws/install/learning_interface:${AMENT_PREFIX_PATH} CMAKE_PREFIX_PATH=/home/intel/example_ws/install/learning_interface:/opt/ros/jazzy/opt/gz_sim_vendor:/opt/ros/jazzy/opt/gz_sensors_vendor:/opt/ros/jazzy/opt/gz_physics_vendor:/opt/ros/jazzy/opt/sdformat_vendor:/opt/ros/jazzy/opt/gz_gui_vendor:/opt/ros/jazzy/opt/gz_transport_vendor:/opt/ros/jazzy/opt/gz_rendering_vendor:/opt/ros/jazzy/opt/gz_plugin_vendor:/opt/ros/jazzy/opt/gz_fuel_tools_vendor:/opt/ros/jazzy/opt/gz_msgs_vendor:/opt/ros/jazzy/opt/gz_common_vendor:/opt/ros/jazzy/opt/gz_tools_vendor:/opt/ros/jazzy/opt/gz_ogre_next_vendor:/opt/ros/jazzy/opt/gz_dartsim_vendor:/opt/ros/jazzy/opt/gz_math_vendor:/opt/ros/jazzy/opt/gz_utils_vendor:/opt/ros/jazzy/opt/gz_cmake_vendor:/opt/ros/jazzy DEBUGINFOD_URLS=https://debuginfod.ubuntu.com LD_LIBRARY_PATH=/home/intel/example_ws/install/learning_interface/lib:${LD_LIBRARY_PATH} PYTHONPATH=/home/intel/example_ws/install/learning_interface/lib/python3.12/site-packages:${PYTHONPATH} /usr/bin/cmake --install /home/intel/example_ws/build/learning_action_cpp
[5.402s] -- Install configuration: ""
[5.402s] -- Installing: /home/intel/example_ws/install/learning_action_cpp/lib/learning_action_cpp/action_move_server
[5.403s] -- Set non-toolchain portion of runtime path of "/home/intel/example_ws/install/learning_action_cpp/lib/learning_action_cpp/action_move_server" to ""
[5.403s] -- Installing: /home/intel/example_ws/install/learning_action_cpp/lib/learning_action_cpp/action_move_client
[5.403s] -- Set non-toolchain portion of runtime path of "/home/intel/example_ws/install/learning_action_cpp/lib/learning_action_cpp/action_move_client" to ""
[5.404s] -- Installing: /home/intel/example_ws/install/learning_action_cpp/share/ament_index/resource_index/package_run_dependencies/learning_action_cpp
[5.404s] -- Installing: /home/intel/example_ws/install/learning_action_cpp/share/ament_index/resource_index/parent_prefix_path/learning_action_cpp
[5.404s] -- Installing: /home/intel/example_ws/install/learning_action_cpp/share/learning_action_cpp/environment/ament_prefix_path.sh
[5.404s] -- Installing: /home/intel/example_ws/install/learning_action_cpp/share/learning_action_cpp/environment/ament_prefix_path.dsv
[5.404s] -- Installing: /home/intel/example_ws/install/learning_action_cpp/share/learning_action_cpp/environment/path.sh
[5.404s] -- Installing: /home/intel/example_ws/install/learning_action_cpp/share/learning_action_cpp/environment/path.dsv
[5.405s] -- Installing: /home/intel/example_ws/install/learning_action_cpp/share/learning_action_cpp/local_setup.bash
[5.405s] -- Installing: /home/intel/example_ws/install/learning_action_cpp/share/learning_action_cpp/local_setup.sh
[5.405s] -- Installing: /home/intel/example_ws/install/learning_action_cpp/share/learning_action_cpp/local_setup.zsh
[5.405s] -- Installing: /home/intel/example_ws/install/learning_action_cpp/share/learning_action_cpp/local_setup.dsv
[5.405s] -- Installing: /home/intel/example_ws/install/learning_action_cpp/share/learning_action_cpp/package.dsv
[5.405s] -- Installing: /home/intel/example_ws/install/learning_action_cpp/share/ament_index/resource_index/packages/learning_action_cpp
[5.405s] -- Installing: /home/intel/example_ws/install/learning_action_cpp/share/learning_action_cpp/cmake/learning_action_cppConfig.cmake
[5.405s] -- Installing: /home/intel/example_ws/install/learning_action_cpp/share/learning_action_cpp/cmake/learning_action_cppConfig-version.cmake
[5.406s] -- Installing: /home/intel/example_ws/install/learning_action_cpp/share/learning_action_cpp/package.xml
[5.407s] Invoked command in '/home/intel/example_ws/build/learning_action_cpp' returned '0': AMENT_PREFIX_PATH=/home/intel/example_ws/install/learning_interface:${AMENT_PREFIX_PATH} CMAKE_PREFIX_PATH=/home/intel/example_ws/install/learning_interface:/opt/ros/jazzy/opt/gz_sim_vendor:/opt/ros/jazzy/opt/gz_sensors_vendor:/opt/ros/jazzy/opt/gz_physics_vendor:/opt/ros/jazzy/opt/sdformat_vendor:/opt/ros/jazzy/opt/gz_gui_vendor:/opt/ros/jazzy/opt/gz_transport_vendor:/opt/ros/jazzy/opt/gz_rendering_vendor:/opt/ros/jazzy/opt/gz_plugin_vendor:/opt/ros/jazzy/opt/gz_fuel_tools_vendor:/opt/ros/jazzy/opt/gz_msgs_vendor:/opt/ros/jazzy/opt/gz_common_vendor:/opt/ros/jazzy/opt/gz_tools_vendor:/opt/ros/jazzy/opt/gz_ogre_next_vendor:/opt/ros/jazzy/opt/gz_dartsim_vendor:/opt/ros/jazzy/opt/gz_math_vendor:/opt/ros/jazzy/opt/gz_utils_vendor:/opt/ros/jazzy/opt/gz_cmake_vendor:/opt/ros/jazzy DEBUGINFOD_URLS=https://debuginfod.ubuntu.com LD_LIBRARY_PATH=/home/intel/example_ws/install/learning_interface/lib:${LD_LIBRARY_PATH} PYTHONPATH=/home/intel/example_ws/install/learning_interface/lib/python3.12/site-packages:${PYTHONPATH} /usr/bin/cmake --install /home/intel/example_ws/build/learning_action_cpp
