-- The C compiler identification is GNU 13.3.0
-- The CXX compiler identification is GNU 13.3.0
-- Detecting C compiler ABI info
-- Detecting C compiler ABI info - done
-- Check for working C compiler: /usr/bin/cc - skipped
-- Detecting C compile features
-- Detecting C compile features - done
-- Detecting CXX compiler ABI info
-- Detecting CXX compiler ABI info - done
-- Check for working CXX compiler: /usr/bin/c++ - skipped
-- Detecting CXX compile features
-- Detecting CXX compile features - done
-- Found ament_cmake: 2.5.6 (/opt/ros/jazzy/share/ament_cmake/cmake)
-- Found Python3: /usr/bin/python3 (found version "3.12.3") found components: Interpreter 
-- Found geometry_msgs: 5.3.7 (/opt/ros/jazzy/share/geometry_msgs/cmake)
-- Found rosidl_generator_c: 4.6.7 (/opt/ros/jazzy/share/rosidl_generator_c/cmake)
-- Found rosidl_generator_cpp: 4.6.7 (/opt/ros/jazzy/share/rosidl_generator_cpp/cmake)
-- Using all available rosidl_typesupport_c: rosidl_typesupport_fastrtps_c;rosidl_typesupport_introspection_c
-- Using all available rosidl_typesupport_cpp: rosidl_typesupport_fastrtps_cpp;rosidl_typesupport_introspection_cpp
-- Found rclcpp: 28.1.18 (/opt/ros/jazzy/share/rclcpp/cmake)
-- Found rmw_implementation_cmake: 7.3.3 (/opt/ros/jazzy/share/rmw_implementation_cmake/cmake)
-- Found rmw_fastrtps_cpp: 8.4.3 (/opt/ros/jazzy/share/rmw_fastrtps_cpp/cmake)
-- Found OpenSSL: /usr/lib/x86_64-linux-gnu/libcrypto.so (found version "3.0.13")  
-- Found FastRTPS: /opt/ros/jazzy/include (Required is at least version "2.13") 
-- Using RMW implementation 'rmw_fastrtps_cpp' as default
-- Found tf2: 0.36.20 (/opt/ros/jazzy/share/tf2/cmake)
-- Found tf2_ros: 0.36.20 (/opt/ros/jazzy/share/tf2_ros/cmake)
-- Found turtlesim: 1.8.3 (/opt/ros/jazzy/share/turtlesim/cmake)
-- Found ament_lint_auto: 0.17.5 (/opt/ros/jazzy/share/ament_lint_auto/cmake)
-- Added test 'cppcheck' to perform static code analysis on C / C++ code
-- Configured cppcheck include dirs: 
-- Configured cppcheck exclude dirs and/or files: 
-- Added test 'flake8' to check Python code syntax and style conventions
-- Configured 'flake8' exclude dirs and/or files: 
-- Added test 'lint_cmake' to check CMake code style
-- Added test 'pep257' to check Python code against some of the docstring style conventions in PEP 257
-- Added test 'uncrustify' to check C / C++ code style
-- Configured uncrustify additional arguments: 
-- Added test 'xmllint' to check XML markup files
-- Configuring done (1.7s)
-- Generating done (0.0s)
-- Build files have been written to: /home/intel/example_ws/build/learning_tf_cpp
[ 12%] [32mBuilding CXX object CMakeFiles/tf_listener.dir/src/tf_listener.cpp.o[0m
[ 25%] [32mBuilding CXX object CMakeFiles/turtle_tf_broadcaster.dir/src/turtle_tf_broadcaster.cpp.o[0m
[ 37%] [32mBuilding CXX object CMakeFiles/turtle_following.dir/src/turtle_following.cpp.o[0m
[ 50%] [32mBuilding CXX object CMakeFiles/static_tf_broadcaster.dir/src/static_tf_broadcaster.cpp.o[0m
[ 62%] [32m[1mLinking CXX executable static_tf_broadcaster[0m
[ 62%] Built target static_tf_broadcaster
[ 75%] [32m[1mLinking CXX executable tf_listener[0m
[ 75%] Built target tf_listener
[ 87%] [32m[1mLinking CXX executable turtle_following[0m
[ 87%] Built target turtle_following
[100%] [32m[1mLinking CXX executable turtle_tf_broadcaster[0m
[100%] Built target turtle_tf_broadcaster
-- Install configuration: ""
-- Installing: /home/intel/example_ws/install/learning_tf_cpp/lib/learning_tf_cpp/static_tf_broadcaster
-- Set non-toolchain portion of runtime path of "/home/intel/example_ws/install/learning_tf_cpp/lib/learning_tf_cpp/static_tf_broadcaster" to ""
-- Installing: /home/intel/example_ws/install/learning_tf_cpp/lib/learning_tf_cpp/turtle_tf_broadcaster
-- Set non-toolchain portion of runtime path of "/home/intel/example_ws/install/learning_tf_cpp/lib/learning_tf_cpp/turtle_tf_broadcaster" to ""
-- Installing: /home/intel/example_ws/install/learning_tf_cpp/lib/learning_tf_cpp/tf_listener
-- Set non-toolchain portion of runtime path of "/home/intel/example_ws/install/learning_tf_cpp/lib/learning_tf_cpp/tf_listener" to ""
-- Installing: /home/intel/example_ws/install/learning_tf_cpp/lib/learning_tf_cpp/turtle_following
-- Set non-toolchain portion of runtime path of "/home/intel/example_ws/install/learning_tf_cpp/lib/learning_tf_cpp/turtle_following" to ""
-- Installing: /home/intel/example_ws/install/learning_tf_cpp/share/learning_tf_cpp//launch
-- Installing: /home/intel/example_ws/install/learning_tf_cpp/share/learning_tf_cpp//launch/turtle_following_demo.launch.py
-- Installing: /home/intel/example_ws/install/learning_tf_cpp/share/ament_index/resource_index/package_run_dependencies/learning_tf_cpp
-- Installing: /home/intel/example_ws/install/learning_tf_cpp/share/ament_index/resource_index/parent_prefix_path/learning_tf_cpp
-- Installing: /home/intel/example_ws/install/learning_tf_cpp/share/learning_tf_cpp/environment/ament_prefix_path.sh
-- Installing: /home/intel/example_ws/install/learning_tf_cpp/share/learning_tf_cpp/environment/ament_prefix_path.dsv
-- Installing: /home/intel/example_ws/install/learning_tf_cpp/share/learning_tf_cpp/environment/path.sh
-- Installing: /home/intel/example_ws/install/learning_tf_cpp/share/learning_tf_cpp/environment/path.dsv
-- Installing: /home/intel/example_ws/install/learning_tf_cpp/share/learning_tf_cpp/local_setup.bash
-- Installing: /home/intel/example_ws/install/learning_tf_cpp/share/learning_tf_cpp/local_setup.sh
-- Installing: /home/intel/example_ws/install/learning_tf_cpp/share/learning_tf_cpp/local_setup.zsh
-- Installing: /home/intel/example_ws/install/learning_tf_cpp/share/learning_tf_cpp/local_setup.dsv
-- Installing: /home/intel/example_ws/install/learning_tf_cpp/share/learning_tf_cpp/package.dsv
-- Installing: /home/intel/example_ws/install/learning_tf_cpp/share/ament_index/resource_index/packages/learning_tf_cpp
-- Installing: /home/intel/example_ws/install/learning_tf_cpp/share/learning_tf_cpp/cmake/learning_tf_cppConfig.cmake
-- Installing: /home/intel/example_ws/install/learning_tf_cpp/share/learning_tf_cpp/cmake/learning_tf_cppConfig-version.cmake
-- Installing: /home/intel/example_ws/install/learning_tf_cpp/share/learning_tf_cpp/package.xml
