[1.185s] Invoking command in '/home/intel/example_ws/build/learning_tf_cpp': CMAKE_PREFIX_PATH=${CMAKE_PREFIX_PATH}:/opt/ros/jazzy DEBUGINFOD_URLS=https://debuginfod.ubuntu.com /usr/bin/cmake /home/intel/example_ws/src/ros2_21_tutorials/learning_tf_cpp -DCMAKE_INSTALL_PREFIX=/home/intel/example_ws/install/learning_tf_cpp
[1.243s] -- The C compiler identification is GNU 13.3.0
[1.304s] -- The CXX compiler identification is GNU 13.3.0
[1.323s] -- Detecting C compiler ABI info
[1.436s] -- Detecting C compiler ABI info - done
[1.454s] -- Check for working C compiler: /usr/bin/cc - skipped
[1.455s] -- Detecting C compile features
[1.455s] -- Detecting C compile features - done
[1.471s] -- Detecting CXX compiler ABI info
[1.590s] -- Detecting CXX compiler ABI info - done
[1.603s] -- Check for working CXX compiler: /usr/bin/c++ - skipped
[1.603s] -- Detecting CXX compile features
[1.604s] -- Detecting CXX compile features - done
[1.608s] -- Found ament_cmake: 2.5.6 (/opt/ros/jazzy/share/ament_cmake/cmake)
[1.779s] -- Found Python3: /usr/bin/python3 (found version "3.12.3") found components: Interpreter 
[1.930s] -- Found geometry_msgs: 5.3.7 (/opt/ros/jazzy/share/geometry_msgs/cmake)
[1.988s] -- Found rosidl_generator_c: 4.6.7 (/opt/ros/jazzy/share/rosidl_generator_c/cmake)
[2.005s] -- Found rosidl_generator_cpp: 4.6.7 (/opt/ros/jazzy/share/rosidl_generator_cpp/cmake)
[2.026s] -- Using all available rosidl_typesupport_c: rosidl_typesupport_fastrtps_c;rosidl_typesupport_introspection_c
[2.050s] -- Using all available rosidl_typesupport_cpp: rosidl_typesupport_fastrtps_cpp;rosidl_typesupport_introspection_cpp
[2.122s] -- Found rclcpp: 28.1.18 (/opt/ros/jazzy/share/rclcpp/cmake)
[2.265s] -- Found rmw_implementation_cmake: 7.3.3 (/opt/ros/jazzy/share/rmw_implementation_cmake/cmake)
[2.271s] -- Found rmw_fastrtps_cpp: 8.4.3 (/opt/ros/jazzy/share/rmw_fastrtps_cpp/cmake)
[2.390s] -- Found OpenSSL: /usr/lib/x86_64-linux-gnu/libcrypto.so (found version "3.0.13")  
[2.418s] -- Found FastRTPS: /opt/ros/jazzy/include (Required is at least version "2.13") 
[2.459s] -- Using RMW implementation 'rmw_fastrtps_cpp' as default
[2.588s] -- Found tf2: 0.36.20 (/opt/ros/jazzy/share/tf2/cmake)
[2.590s] -- Found tf2_ros: 0.36.20 (/opt/ros/jazzy/share/tf2_ros/cmake)
[2.752s] -- Found turtlesim: 1.8.3 (/opt/ros/jazzy/share/turtlesim/cmake)
[2.789s] -- Found ament_lint_auto: 0.17.5 (/opt/ros/jazzy/share/ament_lint_auto/cmake)
[2.889s] -- Added test 'cppcheck' to perform static code analysis on C / C++ code
[2.889s] -- Configured cppcheck include dirs: 
[2.889s] -- Configured cppcheck exclude dirs and/or files: 
[2.890s] -- Added test 'flake8' to check Python code syntax and style conventions
[2.890s] -- Configured 'flake8' exclude dirs and/or files: 
[2.891s] -- Added test 'lint_cmake' to check CMake code style
[2.891s] -- Added test 'pep257' to check Python code against some of the docstring style conventions in PEP 257
[2.892s] -- Added test 'uncrustify' to check C / C++ code style
[2.892s] -- Configured uncrustify additional arguments: 
[2.893s] -- Added test 'xmllint' to check XML markup files
[2.894s] -- Configuring done (1.7s)
[2.919s] -- Generating done (0.0s)
[2.925s] -- Build files have been written to: /home/intel/example_ws/build/learning_tf_cpp
[2.935s] Invoked command in '/home/intel/example_ws/build/learning_tf_cpp' returned '0': CMAKE_PREFIX_PATH=${CMAKE_PREFIX_PATH}:/opt/ros/jazzy DEBUGINFOD_URLS=https://debuginfod.ubuntu.com /usr/bin/cmake /home/intel/example_ws/src/ros2_21_tutorials/learning_tf_cpp -DCMAKE_INSTALL_PREFIX=/home/intel/example_ws/install/learning_tf_cpp
[2.936s] Invoking command in '/home/intel/example_ws/build/learning_tf_cpp': CMAKE_PREFIX_PATH=${CMAKE_PREFIX_PATH}:/opt/ros/jazzy DEBUGINFOD_URLS=https://debuginfod.ubuntu.com /usr/bin/cmake --build /home/intel/example_ws/build/learning_tf_cpp -- -j14 -l14
[2.983s] [ 12%] [32mBuilding CXX object CMakeFiles/tf_listener.dir/src/tf_listener.cpp.o[0m
[2.985s] [ 25%] [32mBuilding CXX object CMakeFiles/turtle_tf_broadcaster.dir/src/turtle_tf_broadcaster.cpp.o[0m
[2.986s] [ 37%] [32mBuilding CXX object CMakeFiles/turtle_following.dir/src/turtle_following.cpp.o[0m
[2.990s] [ 50%] [32mBuilding CXX object CMakeFiles/static_tf_broadcaster.dir/src/static_tf_broadcaster.cpp.o[0m
[7.510s] [ 62%] [32m[1mLinking CXX executable static_tf_broadcaster[0m
[7.787s] [ 62%] Built target static_tf_broadcaster
[8.434s] [ 75%] [32m[1mLinking CXX executable tf_listener[0m
[8.638s] [ 75%] Built target tf_listener
[9.866s] [ 87%] [32m[1mLinking CXX executable turtle_following[0m
[10.300s] [ 87%] Built target turtle_following
[12.834s] [100%] [32m[1mLinking CXX executable turtle_tf_broadcaster[0m
[13.195s] [100%] Built target turtle_tf_broadcaster
[13.209s] Invoked command in '/home/intel/example_ws/build/learning_tf_cpp' returned '0': CMAKE_PREFIX_PATH=${CMAKE_PREFIX_PATH}:/opt/ros/jazzy DEBUGINFOD_URLS=https://debuginfod.ubuntu.com /usr/bin/cmake --build /home/intel/example_ws/build/learning_tf_cpp -- -j14 -l14
[13.211s] Invoking command in '/home/intel/example_ws/build/learning_tf_cpp': CMAKE_PREFIX_PATH=${CMAKE_PREFIX_PATH}:/opt/ros/jazzy DEBUGINFOD_URLS=https://debuginfod.ubuntu.com /usr/bin/cmake --install /home/intel/example_ws/build/learning_tf_cpp
[13.220s] -- Install configuration: ""
[13.220s] -- Installing: /home/intel/example_ws/install/learning_tf_cpp/lib/learning_tf_cpp/static_tf_broadcaster
[13.221s] -- Set non-toolchain portion of runtime path of "/home/intel/example_ws/install/learning_tf_cpp/lib/learning_tf_cpp/static_tf_broadcaster" to ""
[13.221s] -- Installing: /home/intel/example_ws/install/learning_tf_cpp/lib/learning_tf_cpp/turtle_tf_broadcaster
[13.224s] -- Set non-toolchain portion of runtime path of "/home/intel/example_ws/install/learning_tf_cpp/lib/learning_tf_cpp/turtle_tf_broadcaster" to ""
[13.224s] -- Installing: /home/intel/example_ws/install/learning_tf_cpp/lib/learning_tf_cpp/tf_listener
[13.225s] -- Set non-toolchain portion of runtime path of "/home/intel/example_ws/install/learning_tf_cpp/lib/learning_tf_cpp/tf_listener" to ""
[13.225s] -- Installing: /home/intel/example_ws/install/learning_tf_cpp/lib/learning_tf_cpp/turtle_following
[13.226s] -- Set non-toolchain portion of runtime path of "/home/intel/example_ws/install/learning_tf_cpp/lib/learning_tf_cpp/turtle_following" to ""
[13.226s] -- Installing: /home/intel/example_ws/install/learning_tf_cpp/share/learning_tf_cpp//launch
[13.226s] -- Installing: /home/intel/example_ws/install/learning_tf_cpp/share/learning_tf_cpp//launch/turtle_following_demo.launch.py
[13.227s] -- Installing: /home/intel/example_ws/install/learning_tf_cpp/share/ament_index/resource_index/package_run_dependencies/learning_tf_cpp
[13.227s] -- Installing: /home/intel/example_ws/install/learning_tf_cpp/share/ament_index/resource_index/parent_prefix_path/learning_tf_cpp
[13.227s] -- Installing: /home/intel/example_ws/install/learning_tf_cpp/share/learning_tf_cpp/environment/ament_prefix_path.sh
[13.227s] -- Installing: /home/intel/example_ws/install/learning_tf_cpp/share/learning_tf_cpp/environment/ament_prefix_path.dsv
[13.227s] -- Installing: /home/intel/example_ws/install/learning_tf_cpp/share/learning_tf_cpp/environment/path.sh
[13.227s] -- Installing: /home/intel/example_ws/install/learning_tf_cpp/share/learning_tf_cpp/environment/path.dsv
[13.227s] -- Installing: /home/intel/example_ws/install/learning_tf_cpp/share/learning_tf_cpp/local_setup.bash
[13.227s] -- Installing: /home/intel/example_ws/install/learning_tf_cpp/share/learning_tf_cpp/local_setup.sh
[13.227s] -- Installing: /home/intel/example_ws/install/learning_tf_cpp/share/learning_tf_cpp/local_setup.zsh
[13.227s] -- Installing: /home/intel/example_ws/install/learning_tf_cpp/share/learning_tf_cpp/local_setup.dsv
[13.227s] -- Installing: /home/intel/example_ws/install/learning_tf_cpp/share/learning_tf_cpp/package.dsv
[13.227s] -- Installing: /home/intel/example_ws/install/learning_tf_cpp/share/ament_index/resource_index/packages/learning_tf_cpp
[13.228s] -- Installing: /home/intel/example_ws/install/learning_tf_cpp/share/learning_tf_cpp/cmake/learning_tf_cppConfig.cmake
[13.228s] -- Installing: /home/intel/example_ws/install/learning_tf_cpp/share/learning_tf_cpp/cmake/learning_tf_cppConfig-version.cmake
[13.228s] -- Installing: /home/intel/example_ws/install/learning_tf_cpp/share/learning_tf_cpp/package.xml
[13.229s] Invoked command in '/home/intel/example_ws/build/learning_tf_cpp' returned '0': CMAKE_PREFIX_PATH=${CMAKE_PREFIX_PATH}:/opt/ros/jazzy DEBUGINFOD_URLS=https://debuginfod.ubuntu.com /usr/bin/cmake --install /home/intel/example_ws/build/learning_tf_cpp
