/home/intel/example_ws/install/learning_topic/lib/python3.12/site-packages/learning_topic/interface_object_pub.py
/home/intel/example_ws/install/learning_topic/lib/python3.12/site-packages/learning_topic/topic_webcam_pub.py
/home/intel/example_ws/install/learning_topic/lib/python3.12/site-packages/learning_topic/topic_helloworld_sub.py
/home/intel/example_ws/install/learning_topic/lib/python3.12/site-packages/learning_topic/topic_helloworld_pub.py
/home/intel/example_ws/install/learning_topic/lib/python3.12/site-packages/learning_topic/interface_object_sub.py
/home/intel/example_ws/install/learning_topic/lib/python3.12/site-packages/learning_topic/__init__.py
/home/intel/example_ws/install/learning_topic/lib/python3.12/site-packages/learning_topic/topic_webcam_sub.py
/home/intel/example_ws/install/learning_topic/lib/python3.12/site-packages/learning_topic/__pycache__/interface_object_pub.cpython-312.pyc
/home/intel/example_ws/install/learning_topic/lib/python3.12/site-packages/learning_topic/__pycache__/topic_webcam_pub.cpython-312.pyc
/home/intel/example_ws/install/learning_topic/lib/python3.12/site-packages/learning_topic/__pycache__/topic_helloworld_sub.cpython-312.pyc
/home/intel/example_ws/install/learning_topic/lib/python3.12/site-packages/learning_topic/__pycache__/topic_helloworld_pub.cpython-312.pyc
/home/intel/example_ws/install/learning_topic/lib/python3.12/site-packages/learning_topic/__pycache__/interface_object_sub.cpython-312.pyc
/home/intel/example_ws/install/learning_topic/lib/python3.12/site-packages/learning_topic/__pycache__/__init__.cpython-312.pyc
/home/intel/example_ws/install/learning_topic/lib/python3.12/site-packages/learning_topic/__pycache__/topic_webcam_sub.cpython-312.pyc
/home/intel/example_ws/install/learning_topic/share/ament_index/resource_index/packages/learning_topic
/home/intel/example_ws/install/learning_topic/share/learning_topic/package.xml
/home/intel/example_ws/install/learning_topic/lib/python3.12/site-packages/learning_topic-0.0.0-py3.12.egg-info/dependency_links.txt
/home/intel/example_ws/install/learning_topic/lib/python3.12/site-packages/learning_topic-0.0.0-py3.12.egg-info/requires.txt
/home/intel/example_ws/install/learning_topic/lib/python3.12/site-packages/learning_topic-0.0.0-py3.12.egg-info/PKG-INFO
/home/intel/example_ws/install/learning_topic/lib/python3.12/site-packages/learning_topic-0.0.0-py3.12.egg-info/entry_points.txt
/home/intel/example_ws/install/learning_topic/lib/python3.12/site-packages/learning_topic-0.0.0-py3.12.egg-info/zip-safe
/home/intel/example_ws/install/learning_topic/lib/python3.12/site-packages/learning_topic-0.0.0-py3.12.egg-info/SOURCES.txt
/home/intel/example_ws/install/learning_topic/lib/python3.12/site-packages/learning_topic-0.0.0-py3.12.egg-info/top_level.txt
/home/intel/example_ws/install/learning_topic/lib/learning_topic/interface_object_pub
/home/intel/example_ws/install/learning_topic/lib/learning_topic/interface_object_sub
/home/intel/example_ws/install/learning_topic/lib/learning_topic/topic_helloworld_pub
/home/intel/example_ws/install/learning_topic/lib/learning_topic/topic_helloworld_sub
/home/intel/example_ws/install/learning_topic/lib/learning_topic/topic_webcam_pub
/home/intel/example_ws/install/learning_topic/lib/learning_topic/topic_webcam_sub
