/home/intel/example_ws/install/learning_urdf/lib/python3.12/site-packages/learning_urdf/__init__.py
/home/intel/example_ws/install/learning_urdf/lib/python3.12/site-packages/learning_urdf/__pycache__/__init__.cpython-312.pyc
/home/intel/example_ws/install/learning_urdf/share/ament_index/resource_index/packages/learning_urdf
/home/intel/example_ws/install/learning_urdf/share/learning_urdf/package.xml
/home/intel/example_ws/install/learning_urdf/share/learning_urdf/launch/display_xacro.launch.py
/home/intel/example_ws/install/learning_urdf/share/learning_urdf/launch/display.launch.py
/home/intel/example_ws/install/learning_urdf/share/learning_urdf/urdf/mbot_with_laser.urdf
/home/intel/example_ws/install/learning_urdf/share/learning_urdf/urdf/mbot_base.xacro
/home/intel/example_ws/install/learning_urdf/share/learning_urdf/urdf/mbot_with_camera.urdf
/home/intel/example_ws/install/learning_urdf/share/learning_urdf/urdf/mbot_with_kinect.urdf
/home/intel/example_ws/install/learning_urdf/share/learning_urdf/urdf/mbot_base.urdf
/home/intel/example_ws/install/learning_urdf/share/learning_urdf/urdf/sensors/kinect_gazebo.xacro
/home/intel/example_ws/install/learning_urdf/share/learning_urdf/urdf/sensors/camera_gazebo.xacro
/home/intel/example_ws/install/learning_urdf/share/learning_urdf/urdf/sensors/lidar_gazebo.xacro
/home/intel/example_ws/install/learning_urdf/share/learning_urdf/meshes/kinect.jpg
/home/intel/example_ws/install/learning_urdf/share/learning_urdf/meshes/kinect.dae
/home/intel/example_ws/install/learning_urdf/share/learning_urdf/meshes/kinect.tga
/home/intel/example_ws/install/learning_urdf/share/learning_urdf/rviz/urdf.rviz
/home/intel/example_ws/install/learning_urdf/lib/python3.12/site-packages/learning_urdf-0.0.0-py3.12.egg-info/dependency_links.txt
/home/intel/example_ws/install/learning_urdf/lib/python3.12/site-packages/learning_urdf-0.0.0-py3.12.egg-info/requires.txt
/home/intel/example_ws/install/learning_urdf/lib/python3.12/site-packages/learning_urdf-0.0.0-py3.12.egg-info/PKG-INFO
/home/intel/example_ws/install/learning_urdf/lib/python3.12/site-packages/learning_urdf-0.0.0-py3.12.egg-info/zip-safe
/home/intel/example_ws/install/learning_urdf/lib/python3.12/site-packages/learning_urdf-0.0.0-py3.12.egg-info/SOURCES.txt
/home/intel/example_ws/install/learning_urdf/lib/python3.12/site-packages/learning_urdf-0.0.0-py3.12.egg-info/top_level.txt
