[1.005s] Invoking command in '/home/intel/example_ws/src/ros2_21_tutorials/learning_topic': AMENT_PREFIX_PATH=/home/intel/example_ws/install/learning_interface:${AMENT_PREFIX_PATH} CMAKE_PREFIX_PATH=/home/intel/example_ws/install/learning_interface:${CMAKE_PREFIX_PATH} DEBUGINFOD_URLS=https://debuginfod.ubuntu.com LD_LIBRARY_PATH=/home/intel/example_ws/install/learning_interface/lib:${LD_LIBRARY_PATH} PYTHONPATH=/home/intel/example_ws/build/learning_topic/prefix_override:/usr/lib/python3/dist-packages/colcon_core/task/python/colcon_distutils_commands:/home/intel/example_ws/install/learning_topic/lib/python3.12/site-packages:/home/intel/example_ws/install/learning_interface/lib/python3.12/site-packages:${PYTHONPATH} /usr/bin/python3 -W ignore:setup.py install is deprecated -W ignore:easy_install command is deprecated setup.py egg_info --egg-base ../../../build/learning_topic build --build-base /home/intel/example_ws/build/learning_topic/build install --record /home/intel/example_ws/build/learning_topic/install.log --single-version-externally-managed install_data
[1.168s] running egg_info
[1.168s] creating ../../../build/learning_topic/learning_topic.egg-info
[1.179s] writing ../../../build/learning_topic/learning_topic.egg-info/PKG-INFO
[1.179s] writing dependency_links to ../../../build/learning_topic/learning_topic.egg-info/dependency_links.txt
[1.179s] writing entry points to ../../../build/learning_topic/learning_topic.egg-info/entry_points.txt
[1.179s] writing requirements to ../../../build/learning_topic/learning_topic.egg-info/requires.txt
[1.179s] writing top-level names to ../../../build/learning_topic/learning_topic.egg-info/top_level.txt
[1.179s] writing manifest file '../../../build/learning_topic/learning_topic.egg-info/SOURCES.txt'
[1.205s] reading manifest file '../../../build/learning_topic/learning_topic.egg-info/SOURCES.txt'
[1.206s] writing manifest file '../../../build/learning_topic/learning_topic.egg-info/SOURCES.txt'
[1.206s] running build
[1.206s] running build_py
[1.206s] creating /home/intel/example_ws/build/learning_topic/build
[1.207s] creating /home/intel/example_ws/build/learning_topic/build/lib
[1.207s] creating /home/intel/example_ws/build/learning_topic/build/lib/learning_topic
[1.207s] copying learning_topic/interface_object_pub.py -> /home/intel/example_ws/build/learning_topic/build/lib/learning_topic
[1.207s] copying learning_topic/topic_webcam_pub.py -> /home/intel/example_ws/build/learning_topic/build/lib/learning_topic
[1.207s] copying learning_topic/topic_helloworld_sub.py -> /home/intel/example_ws/build/learning_topic/build/lib/learning_topic
[1.207s] copying learning_topic/topic_helloworld_pub.py -> /home/intel/example_ws/build/learning_topic/build/lib/learning_topic
[1.207s] copying learning_topic/interface_object_sub.py -> /home/intel/example_ws/build/learning_topic/build/lib/learning_topic
[1.207s] copying learning_topic/__init__.py -> /home/intel/example_ws/build/learning_topic/build/lib/learning_topic
[1.207s] copying learning_topic/topic_webcam_sub.py -> /home/intel/example_ws/build/learning_topic/build/lib/learning_topic
[1.208s] running install
[1.213s] running install_lib
[1.231s] creating /home/intel/example_ws/install/learning_topic/lib/python3.12/site-packages/learning_topic
[1.231s] copying /home/intel/example_ws/build/learning_topic/build/lib/learning_topic/interface_object_pub.py -> /home/intel/example_ws/install/learning_topic/lib/python3.12/site-packages/learning_topic
[1.231s] copying /home/intel/example_ws/build/learning_topic/build/lib/learning_topic/topic_webcam_pub.py -> /home/intel/example_ws/install/learning_topic/lib/python3.12/site-packages/learning_topic
[1.231s] copying /home/intel/example_ws/build/learning_topic/build/lib/learning_topic/topic_helloworld_sub.py -> /home/intel/example_ws/install/learning_topic/lib/python3.12/site-packages/learning_topic
[1.231s] copying /home/intel/example_ws/build/learning_topic/build/lib/learning_topic/topic_helloworld_pub.py -> /home/intel/example_ws/install/learning_topic/lib/python3.12/site-packages/learning_topic
[1.231s] copying /home/intel/example_ws/build/learning_topic/build/lib/learning_topic/interface_object_sub.py -> /home/intel/example_ws/install/learning_topic/lib/python3.12/site-packages/learning_topic
[1.231s] copying /home/intel/example_ws/build/learning_topic/build/lib/learning_topic/__init__.py -> /home/intel/example_ws/install/learning_topic/lib/python3.12/site-packages/learning_topic
[1.232s] copying /home/intel/example_ws/build/learning_topic/build/lib/learning_topic/topic_webcam_sub.py -> /home/intel/example_ws/install/learning_topic/lib/python3.12/site-packages/learning_topic
[1.232s] byte-compiling /home/intel/example_ws/install/learning_topic/lib/python3.12/site-packages/learning_topic/interface_object_pub.py to interface_object_pub.cpython-312.pyc
[1.233s] byte-compiling /home/intel/example_ws/install/learning_topic/lib/python3.12/site-packages/learning_topic/topic_webcam_pub.py to topic_webcam_pub.cpython-312.pyc
[1.234s] byte-compiling /home/intel/example_ws/install/learning_topic/lib/python3.12/site-packages/learning_topic/topic_helloworld_sub.py to topic_helloworld_sub.cpython-312.pyc
[1.234s] byte-compiling /home/intel/example_ws/install/learning_topic/lib/python3.12/site-packages/learning_topic/topic_helloworld_pub.py to topic_helloworld_pub.cpython-312.pyc
[1.234s] byte-compiling /home/intel/example_ws/install/learning_topic/lib/python3.12/site-packages/learning_topic/interface_object_sub.py to interface_object_sub.cpython-312.pyc
[1.235s] byte-compiling /home/intel/example_ws/install/learning_topic/lib/python3.12/site-packages/learning_topic/__init__.py to __init__.cpython-312.pyc
[1.235s] byte-compiling /home/intel/example_ws/install/learning_topic/lib/python3.12/site-packages/learning_topic/topic_webcam_sub.py to topic_webcam_sub.cpython-312.pyc
[1.235s] running install_data
[1.236s] creating /home/intel/example_ws/install/learning_topic/share/ament_index
[1.236s] creating /home/intel/example_ws/install/learning_topic/share/ament_index/resource_index
[1.236s] creating /home/intel/example_ws/install/learning_topic/share/ament_index/resource_index/packages
[1.236s] copying resource/learning_topic -> /home/intel/example_ws/install/learning_topic/share/ament_index/resource_index/packages
[1.236s] copying package.xml -> /home/intel/example_ws/install/learning_topic/share/learning_topic
[1.236s] running install_egg_info
[1.254s] Copying ../../../build/learning_topic/learning_topic.egg-info to /home/intel/example_ws/install/learning_topic/lib/python3.12/site-packages/learning_topic-0.0.0-py3.12.egg-info
[1.255s] running install_scripts
[1.375s] Installing interface_object_pub script to /home/intel/example_ws/install/learning_topic/lib/learning_topic
[1.376s] Installing interface_object_sub script to /home/intel/example_ws/install/learning_topic/lib/learning_topic
[1.376s] Installing topic_helloworld_pub script to /home/intel/example_ws/install/learning_topic/lib/learning_topic
[1.376s] Installing topic_helloworld_sub script to /home/intel/example_ws/install/learning_topic/lib/learning_topic
[1.376s] Installing topic_webcam_pub script to /home/intel/example_ws/install/learning_topic/lib/learning_topic
[1.376s] Installing topic_webcam_sub script to /home/intel/example_ws/install/learning_topic/lib/learning_topic
[1.376s] writing list of installed files to '/home/intel/example_ws/build/learning_topic/install.log'
[1.406s] Invoked command in '/home/intel/example_ws/src/ros2_21_tutorials/learning_topic' returned '0': AMENT_PREFIX_PATH=/home/intel/example_ws/install/learning_interface:${AMENT_PREFIX_PATH} CMAKE_PREFIX_PATH=/home/intel/example_ws/install/learning_interface:${CMAKE_PREFIX_PATH} DEBUGINFOD_URLS=https://debuginfod.ubuntu.com LD_LIBRARY_PATH=/home/intel/example_ws/install/learning_interface/lib:${LD_LIBRARY_PATH} PYTHONPATH=/home/intel/example_ws/build/learning_topic/prefix_override:/usr/lib/python3/dist-packages/colcon_core/task/python/colcon_distutils_commands:/home/intel/example_ws/install/learning_topic/lib/python3.12/site-packages:/home/intel/example_ws/install/learning_interface/lib/python3.12/site-packages:${PYTHONPATH} /usr/bin/python3 -W ignore:setup.py install is deprecated -W ignore:easy_install command is deprecated setup.py egg_info --egg-base ../../../build/learning_topic build --build-base /home/intel/example_ws/build/learning_topic/build install --record /home/intel/example_ws/build/learning_topic/install.log --single-version-externally-managed install_data
