[2.093s] Invoking command in '/home/intel/example_ws/src/ros2_21_tutorials/learning_node': DEBUGINFOD_URLS=https://debuginfod.ubuntu.com PYTHONPATH=/home/intel/example_ws/build/learning_node/prefix_override:/usr/lib/python3/dist-packages/colcon_core/task/python/colcon_distutils_commands:/home/intel/example_ws/install/learning_node/lib/python3.12/site-packages:${PYTHONPATH} /usr/bin/python3 -W ignore:setup.py install is deprecated -W ignore:easy_install command is deprecated setup.py egg_info --egg-base ../../../build/learning_node build --build-base /home/intel/example_ws/build/learning_node/build install --record /home/intel/example_ws/build/learning_node/install.log --single-version-externally-managed install_data
[2.622s] running egg_info
[2.623s] creating ../../../build/learning_node/learning_node.egg-info
[2.623s] writing ../../../build/learning_node/learning_node.egg-info/PKG-INFO
[2.623s] writing dependency_links to ../../../build/learning_node/learning_node.egg-info/dependency_links.txt
[2.623s] writing entry points to ../../../build/learning_node/learning_node.egg-info/entry_points.txt
[2.624s] writing requirements to ../../../build/learning_node/learning_node.egg-info/requires.txt
[2.624s] writing top-level names to ../../../build/learning_node/learning_node.egg-info/top_level.txt
[2.624s] writing manifest file '../../../build/learning_node/learning_node.egg-info/SOURCES.txt'
[2.624s] reading manifest file '../../../build/learning_node/learning_node.egg-info/SOURCES.txt'
[2.624s] writing manifest file '../../../build/learning_node/learning_node.egg-info/SOURCES.txt'
[2.625s] running build
[2.625s] running build_py
[2.625s] creating /home/intel/example_ws/build/learning_node/build
[2.625s] creating /home/intel/example_ws/build/learning_node/build/lib
[2.625s] creating /home/intel/example_ws/build/learning_node/build/lib/learning_node
[2.625s] copying learning_node/node_helloworld_class.py -> /home/intel/example_ws/build/learning_node/build/lib/learning_node
[2.625s] copying learning_node/node_object_webcam.py -> /home/intel/example_ws/build/learning_node/build/lib/learning_node
[2.626s] copying learning_node/__init__.py -> /home/intel/example_ws/build/learning_node/build/lib/learning_node
[2.626s] copying learning_node/node_object.py -> /home/intel/example_ws/build/learning_node/build/lib/learning_node
[2.626s] copying learning_node/node_helloworld.py -> /home/intel/example_ws/build/learning_node/build/lib/learning_node
[2.626s] running install
[2.626s] running install_lib
[2.626s] creating /home/intel/example_ws/install/learning_node/lib/python3.12/site-packages/learning_node
[2.627s] copying /home/intel/example_ws/build/learning_node/build/lib/learning_node/node_helloworld_class.py -> /home/intel/example_ws/install/learning_node/lib/python3.12/site-packages/learning_node
[2.627s] copying /home/intel/example_ws/build/learning_node/build/lib/learning_node/node_object_webcam.py -> /home/intel/example_ws/install/learning_node/lib/python3.12/site-packages/learning_node
[2.627s] copying /home/intel/example_ws/build/learning_node/build/lib/learning_node/__init__.py -> /home/intel/example_ws/install/learning_node/lib/python3.12/site-packages/learning_node
[2.628s] copying /home/intel/example_ws/build/learning_node/build/lib/learning_node/node_object.py -> /home/intel/example_ws/install/learning_node/lib/python3.12/site-packages/learning_node
[2.631s] copying /home/intel/example_ws/build/learning_node/build/lib/learning_node/node_helloworld.py -> /home/intel/example_ws/install/learning_node/lib/python3.12/site-packages/learning_node
[2.632s] byte-compiling /home/intel/example_ws/install/learning_node/lib/python3.12/site-packages/learning_node/node_helloworld_class.py to node_helloworld_class.cpython-312.pyc
[2.632s] byte-compiling /home/intel/example_ws/install/learning_node/lib/python3.12/site-packages/learning_node/node_object_webcam.py to node_object_webcam.cpython-312.pyc
[2.633s] byte-compiling /home/intel/example_ws/install/learning_node/lib/python3.12/site-packages/learning_node/__init__.py to __init__.cpython-312.pyc
[2.634s] byte-compiling /home/intel/example_ws/install/learning_node/lib/python3.12/site-packages/learning_node/node_object.py to node_object.cpython-312.pyc
[2.634s] byte-compiling /home/intel/example_ws/install/learning_node/lib/python3.12/site-packages/learning_node/node_helloworld.py to node_helloworld.cpython-312.pyc
[2.634s] running install_data
[2.634s] creating /home/intel/example_ws/install/learning_node/share/ament_index
[2.634s] creating /home/intel/example_ws/install/learning_node/share/ament_index/resource_index
[2.634s] creating /home/intel/example_ws/install/learning_node/share/ament_index/resource_index/packages
[2.635s] copying resource/learning_node -> /home/intel/example_ws/install/learning_node/share/ament_index/resource_index/packages
[2.635s] copying package.xml -> /home/intel/example_ws/install/learning_node/share/learning_node
[2.635s] running install_egg_info
[2.635s] Copying ../../../build/learning_node/learning_node.egg-info to /home/intel/example_ws/install/learning_node/lib/python3.12/site-packages/learning_node-0.0.0-py3.12.egg-info
[2.635s] running install_scripts
[2.635s] Installing node_helloworld script to /home/intel/example_ws/install/learning_node/lib/learning_node
[2.635s] Installing node_helloworld_class script to /home/intel/example_ws/install/learning_node/lib/learning_node
[2.635s] Installing node_object script to /home/intel/example_ws/install/learning_node/lib/learning_node
[2.635s] Installing node_object_webcam script to /home/intel/example_ws/install/learning_node/lib/learning_node
[2.636s] writing list of installed files to '/home/intel/example_ws/build/learning_node/install.log'
[2.658s] Invoked command in '/home/intel/example_ws/src/ros2_21_tutorials/learning_node' returned '0': DEBUGINFOD_URLS=https://debuginfod.ubuntu.com PYTHONPATH=/home/intel/example_ws/build/learning_node/prefix_override:/usr/lib/python3/dist-packages/colcon_core/task/python/colcon_distutils_commands:/home/intel/example_ws/install/learning_node/lib/python3.12/site-packages:${PYTHONPATH} /usr/bin/python3 -W ignore:setup.py install is deprecated -W ignore:easy_install command is deprecated setup.py egg_info --egg-base ../../../build/learning_node build --build-base /home/intel/example_ws/build/learning_node/build install --record /home/intel/example_ws/build/learning_node/install.log --single-version-externally-managed install_data
