[2.042s] Invoking command in '/home/intel/example_ws/src/ros2_21_tutorials/learning_pkg_python': DEBUGINFOD_URLS=https://debuginfod.ubuntu.com PYTHONPATH=/home/intel/example_ws/build/learning_pkg_python/prefix_override:/usr/lib/python3/dist-packages/colcon_core/task/python/colcon_distutils_commands:/home/intel/example_ws/install/learning_pkg_python/lib/python3.12/site-packages:${PYTHONPATH} /usr/bin/python3 -W ignore:setup.py install is deprecated -W ignore:easy_install command is deprecated setup.py egg_info --egg-base ../../../build/learning_pkg_python build --build-base /home/intel/example_ws/build/learning_pkg_python/build install --record /home/intel/example_ws/build/learning_pkg_python/install.log --single-version-externally-managed install_data
[2.260s] running egg_info
[2.260s] creating ../../../build/learning_pkg_python/learning_pkg_python.egg-info
[2.279s] writing ../../../build/learning_pkg_python/learning_pkg_python.egg-info/PKG-INFO
[2.280s] writing dependency_links to ../../../build/learning_pkg_python/learning_pkg_python.egg-info/dependency_links.txt
[2.280s] writing requirements to ../../../build/learning_pkg_python/learning_pkg_python.egg-info/requires.txt
[2.280s] writing top-level names to ../../../build/learning_pkg_python/learning_pkg_python.egg-info/top_level.txt
[2.281s] writing manifest file '../../../build/learning_pkg_python/learning_pkg_python.egg-info/SOURCES.txt'
[2.318s] reading manifest file '../../../build/learning_pkg_python/learning_pkg_python.egg-info/SOURCES.txt'
[2.319s] writing manifest file '../../../build/learning_pkg_python/learning_pkg_python.egg-info/SOURCES.txt'
[2.319s] running build
[2.319s] running build_py
[2.320s] creating /home/intel/example_ws/build/learning_pkg_python/build
[2.320s] creating /home/intel/example_ws/build/learning_pkg_python/build/lib
[2.320s] creating /home/intel/example_ws/build/learning_pkg_python/build/lib/learning_pkg_python
[2.320s] copying learning_pkg_python/__init__.py -> /home/intel/example_ws/build/learning_pkg_python/build/lib/learning_pkg_python
[2.320s] running install
[2.326s] running install_lib
[2.344s] creating /home/intel/example_ws/install/learning_pkg_python/lib/python3.12/site-packages/learning_pkg_python
[2.344s] copying /home/intel/example_ws/build/learning_pkg_python/build/lib/learning_pkg_python/__init__.py -> /home/intel/example_ws/install/learning_pkg_python/lib/python3.12/site-packages/learning_pkg_python
[2.344s] byte-compiling /home/intel/example_ws/install/learning_pkg_python/lib/python3.12/site-packages/learning_pkg_python/__init__.py to __init__.cpython-312.pyc
[2.344s] running install_data
[2.345s] creating /home/intel/example_ws/install/learning_pkg_python/share/ament_index
[2.345s] creating /home/intel/example_ws/install/learning_pkg_python/share/ament_index/resource_index
[2.345s] creating /home/intel/example_ws/install/learning_pkg_python/share/ament_index/resource_index/packages
[2.345s] copying resource/learning_pkg_python -> /home/intel/example_ws/install/learning_pkg_python/share/ament_index/resource_index/packages
[2.345s] copying package.xml -> /home/intel/example_ws/install/learning_pkg_python/share/learning_pkg_python
[2.345s] running install_egg_info
[2.365s] Copying ../../../build/learning_pkg_python/learning_pkg_python.egg-info to /home/intel/example_ws/install/learning_pkg_python/lib/python3.12/site-packages/learning_pkg_python-0.0.0-py3.12.egg-info
[2.368s] running install_scripts
[2.491s] writing list of installed files to '/home/intel/example_ws/build/learning_pkg_python/install.log'
[2.571s] Invoked command in '/home/intel/example_ws/src/ros2_21_tutorials/learning_pkg_python' returned '0': DEBUGINFOD_URLS=https://debuginfod.ubuntu.com PYTHONPATH=/home/intel/example_ws/build/learning_pkg_python/prefix_override:/usr/lib/python3/dist-packages/colcon_core/task/python/colcon_distutils_commands:/home/intel/example_ws/install/learning_pkg_python/lib/python3.12/site-packages:${PYTHONPATH} /usr/bin/python3 -W ignore:setup.py install is deprecated -W ignore:easy_install command is deprecated setup.py egg_info --egg-base ../../../build/learning_pkg_python build --build-base /home/intel/example_ws/build/learning_pkg_python/build install --record /home/intel/example_ws/build/learning_pkg_python/install.log --single-version-externally-managed install_data
