[1.071s] Invoking command in '/home/intel/example_ws/src/ros2_21_tutorials/learning_service': AMENT_PREFIX_PATH=/home/intel/example_ws/install/learning_interface:${AMENT_PREFIX_PATH} CMAKE_PREFIX_PATH=/home/intel/example_ws/install/learning_interface:${CMAKE_PREFIX_PATH} DEBUGINFOD_URLS=https://debuginfod.ubuntu.com LD_LIBRARY_PATH=/home/intel/example_ws/install/learning_interface/lib:${LD_LIBRARY_PATH} PYTHONPATH=/home/intel/example_ws/build/learning_service/prefix_override:/usr/lib/python3/dist-packages/colcon_core/task/python/colcon_distutils_commands:/home/intel/example_ws/install/learning_service/lib/python3.12/site-packages:/home/intel/example_ws/install/learning_interface/lib/python3.12/site-packages:${PYTHONPATH} /usr/bin/python3 -W ignore:setup.py install is deprecated -W ignore:easy_install command is deprecated setup.py egg_info --egg-base ../../../build/learning_service build --build-base /home/intel/example_ws/build/learning_service/build install --record /home/intel/example_ws/build/learning_service/install.log --single-version-externally-managed install_data
[1.309s] running egg_info
[1.310s] creating ../../../build/learning_service/learning_service.egg-info
[1.326s] writing ../../../build/learning_service/learning_service.egg-info/PKG-INFO
[1.326s] writing dependency_links to ../../../build/learning_service/learning_service.egg-info/dependency_links.txt
[1.327s] writing entry points to ../../../build/learning_service/learning_service.egg-info/entry_points.txt
[1.327s] writing requirements to ../../../build/learning_service/learning_service.egg-info/requires.txt
[1.327s] writing top-level names to ../../../build/learning_service/learning_service.egg-info/top_level.txt
[1.327s] writing manifest file '../../../build/learning_service/learning_service.egg-info/SOURCES.txt'
[1.362s] reading manifest file '../../../build/learning_service/learning_service.egg-info/SOURCES.txt'
[1.362s] writing manifest file '../../../build/learning_service/learning_service.egg-info/SOURCES.txt'
[1.362s] running build
[1.362s] running build_py
[1.363s] creating /home/intel/example_ws/build/learning_service/build
[1.363s] creating /home/intel/example_ws/build/learning_service/build/lib
[1.363s] creating /home/intel/example_ws/build/learning_service/build/lib/learning_service
[1.363s] copying learning_service/service_adder_client.py -> /home/intel/example_ws/build/learning_service/build/lib/learning_service
[1.363s] copying learning_service/service_object_client.py -> /home/intel/example_ws/build/learning_service/build/lib/learning_service
[1.363s] copying learning_service/service_object_server.py -> /home/intel/example_ws/build/learning_service/build/lib/learning_service
[1.363s] copying learning_service/__init__.py -> /home/intel/example_ws/build/learning_service/build/lib/learning_service
[1.363s] copying learning_service/service_adder_server.py -> /home/intel/example_ws/build/learning_service/build/lib/learning_service
[1.364s] running install
[1.370s] running install_lib
[1.388s] creating /home/intel/example_ws/install/learning_service/lib/python3.12/site-packages/learning_service
[1.388s] copying /home/intel/example_ws/build/learning_service/build/lib/learning_service/service_adder_client.py -> /home/intel/example_ws/install/learning_service/lib/python3.12/site-packages/learning_service
[1.388s] copying /home/intel/example_ws/build/learning_service/build/lib/learning_service/service_object_client.py -> /home/intel/example_ws/install/learning_service/lib/python3.12/site-packages/learning_service
[1.388s] copying /home/intel/example_ws/build/learning_service/build/lib/learning_service/service_object_server.py -> /home/intel/example_ws/install/learning_service/lib/python3.12/site-packages/learning_service
[1.388s] copying /home/intel/example_ws/build/learning_service/build/lib/learning_service/__init__.py -> /home/intel/example_ws/install/learning_service/lib/python3.12/site-packages/learning_service
[1.389s] copying /home/intel/example_ws/build/learning_service/build/lib/learning_service/service_adder_server.py -> /home/intel/example_ws/install/learning_service/lib/python3.12/site-packages/learning_service
[1.389s] byte-compiling /home/intel/example_ws/install/learning_service/lib/python3.12/site-packages/learning_service/service_adder_client.py to service_adder_client.cpython-312.pyc
[1.389s] byte-compiling /home/intel/example_ws/install/learning_service/lib/python3.12/site-packages/learning_service/service_object_client.py to service_object_client.cpython-312.pyc
[1.395s] byte-compiling /home/intel/example_ws/install/learning_service/lib/python3.12/site-packages/learning_service/service_object_server.py to service_object_server.cpython-312.pyc
[1.395s] byte-compiling /home/intel/example_ws/install/learning_service/lib/python3.12/site-packages/learning_service/__init__.py to __init__.cpython-312.pyc
[1.395s] byte-compiling /home/intel/example_ws/install/learning_service/lib/python3.12/site-packages/learning_service/service_adder_server.py to service_adder_server.cpython-312.pyc
[1.396s] running install_data
[1.396s] creating /home/intel/example_ws/install/learning_service/share/ament_index
[1.396s] creating /home/intel/example_ws/install/learning_service/share/ament_index/resource_index
[1.396s] creating /home/intel/example_ws/install/learning_service/share/ament_index/resource_index/packages
[1.396s] copying resource/learning_service -> /home/intel/example_ws/install/learning_service/share/ament_index/resource_index/packages
[1.396s] copying package.xml -> /home/intel/example_ws/install/learning_service/share/learning_service
[1.397s] running install_egg_info
[1.416s] Copying ../../../build/learning_service/learning_service.egg-info to /home/intel/example_ws/install/learning_service/lib/python3.12/site-packages/learning_service-0.0.0-py3.12.egg-info
[1.416s] running install_scripts
[1.504s] Installing service_adder_client script to /home/intel/example_ws/install/learning_service/lib/learning_service
[1.505s] Installing service_adder_server script to /home/intel/example_ws/install/learning_service/lib/learning_service
[1.505s] Installing service_object_client script to /home/intel/example_ws/install/learning_service/lib/learning_service
[1.505s] Installing service_object_server script to /home/intel/example_ws/install/learning_service/lib/learning_service
[1.505s] writing list of installed files to '/home/intel/example_ws/build/learning_service/install.log'
[1.531s] Invoked command in '/home/intel/example_ws/src/ros2_21_tutorials/learning_service' returned '0': AMENT_PREFIX_PATH=/home/intel/example_ws/install/learning_interface:${AMENT_PREFIX_PATH} CMAKE_PREFIX_PATH=/home/intel/example_ws/install/learning_interface:${CMAKE_PREFIX_PATH} DEBUGINFOD_URLS=https://debuginfod.ubuntu.com LD_LIBRARY_PATH=/home/intel/example_ws/install/learning_interface/lib:${LD_LIBRARY_PATH} PYTHONPATH=/home/intel/example_ws/build/learning_service/prefix_override:/usr/lib/python3/dist-packages/colcon_core/task/python/colcon_distutils_commands:/home/intel/example_ws/install/learning_service/lib/python3.12/site-packages:/home/intel/example_ws/install/learning_interface/lib/python3.12/site-packages:${PYTHONPATH} /usr/bin/python3 -W ignore:setup.py install is deprecated -W ignore:easy_install command is deprecated setup.py egg_info --egg-base ../../../build/learning_service build --build-base /home/intel/example_ws/build/learning_service/build install --record /home/intel/example_ws/build/learning_service/install.log --single-version-externally-managed install_data
