[2.043s] Invoking command in '/home/intel/example_ws/src/ros2_21_tutorials/learning_parameter': DEBUGINFOD_URLS=https://debuginfod.ubuntu.com PYTHONPATH=/home/intel/example_ws/build/learning_parameter/prefix_override:/usr/lib/python3/dist-packages/colcon_core/task/python/colcon_distutils_commands:/home/intel/example_ws/install/learning_parameter/lib/python3.12/site-packages:${PYTHONPATH} /usr/bin/python3 -W ignore:setup.py install is deprecated -W ignore:easy_install command is deprecated setup.py egg_info --egg-base ../../../build/learning_parameter build --build-base /home/intel/example_ws/build/learning_parameter/build install --record /home/intel/example_ws/build/learning_parameter/install.log --single-version-externally-managed install_data
[2.390s] running egg_info
[2.390s] creating ../../../build/learning_parameter/learning_parameter.egg-info
[2.406s] writing ../../../build/learning_parameter/learning_parameter.egg-info/PKG-INFO
[2.406s] writing dependency_links to ../../../build/learning_parameter/learning_parameter.egg-info/dependency_links.txt
[2.406s] writing entry points to ../../../build/learning_parameter/learning_parameter.egg-info/entry_points.txt
[2.407s] writing requirements to ../../../build/learning_parameter/learning_parameter.egg-info/requires.txt
[2.407s] writing top-level names to ../../../build/learning_parameter/learning_parameter.egg-info/top_level.txt
[2.408s] writing manifest file '../../../build/learning_parameter/learning_parameter.egg-info/SOURCES.txt'
[2.447s] reading manifest file '../../../build/learning_parameter/learning_parameter.egg-info/SOURCES.txt'
[2.448s] writing manifest file '../../../build/learning_parameter/learning_parameter.egg-info/SOURCES.txt'
[2.448s] running build
[2.448s] running build_py
[2.448s] creating /home/intel/example_ws/build/learning_parameter/build
[2.448s] creating /home/intel/example_ws/build/learning_parameter/build/lib
[2.451s] creating /home/intel/example_ws/build/learning_parameter/build/lib/learning_parameter
[2.451s] copying learning_parameter/param_object_detect.py -> /home/intel/example_ws/build/learning_parameter/build/lib/learning_parameter
[2.451s] copying learning_parameter/__init__.py -> /home/intel/example_ws/build/learning_parameter/build/lib/learning_parameter
[2.451s] copying learning_parameter/param_declare.py -> /home/intel/example_ws/build/learning_parameter/build/lib/learning_parameter
[2.451s] running install
[2.455s] running install_lib
[2.473s] creating /home/intel/example_ws/install/learning_parameter/lib/python3.12/site-packages/learning_parameter
[2.475s] copying /home/intel/example_ws/build/learning_parameter/build/lib/learning_parameter/param_object_detect.py -> /home/intel/example_ws/install/learning_parameter/lib/python3.12/site-packages/learning_parameter
[2.475s] copying /home/intel/example_ws/build/learning_parameter/build/lib/learning_parameter/__init__.py -> /home/intel/example_ws/install/learning_parameter/lib/python3.12/site-packages/learning_parameter
[2.475s] copying /home/intel/example_ws/build/learning_parameter/build/lib/learning_parameter/param_declare.py -> /home/intel/example_ws/install/learning_parameter/lib/python3.12/site-packages/learning_parameter
[2.476s] byte-compiling /home/intel/example_ws/install/learning_parameter/lib/python3.12/site-packages/learning_parameter/param_object_detect.py to param_object_detect.cpython-312.pyc
[2.478s] byte-compiling /home/intel/example_ws/install/learning_parameter/lib/python3.12/site-packages/learning_parameter/__init__.py to __init__.cpython-312.pyc
[2.478s] byte-compiling /home/intel/example_ws/install/learning_parameter/lib/python3.12/site-packages/learning_parameter/param_declare.py to param_declare.cpython-312.pyc
[2.478s] running install_data
[2.479s] creating /home/intel/example_ws/install/learning_parameter/share/ament_index
[2.479s] creating /home/intel/example_ws/install/learning_parameter/share/ament_index/resource_index
[2.479s] creating /home/intel/example_ws/install/learning_parameter/share/ament_index/resource_index/packages
[2.479s] copying resource/learning_parameter -> /home/intel/example_ws/install/learning_parameter/share/ament_index/resource_index/packages
[2.479s] copying package.xml -> /home/intel/example_ws/install/learning_parameter/share/learning_parameter
[2.479s] running install_egg_info
[2.498s] Copying ../../../build/learning_parameter/learning_parameter.egg-info to /home/intel/example_ws/install/learning_parameter/lib/python3.12/site-packages/learning_parameter-0.0.0-py3.12.egg-info
[2.499s] running install_scripts
[2.643s] Installing param_declare script to /home/intel/example_ws/install/learning_parameter/lib/learning_parameter
[2.644s] Installing param_object_detect script to /home/intel/example_ws/install/learning_parameter/lib/learning_parameter
[2.644s] writing list of installed files to '/home/intel/example_ws/build/learning_parameter/install.log'
[2.718s] Invoked command in '/home/intel/example_ws/src/ros2_21_tutorials/learning_parameter' returned '0': DEBUGINFOD_URLS=https://debuginfod.ubuntu.com PYTHONPATH=/home/intel/example_ws/build/learning_parameter/prefix_override:/usr/lib/python3/dist-packages/colcon_core/task/python/colcon_distutils_commands:/home/intel/example_ws/install/learning_parameter/lib/python3.12/site-packages:${PYTHONPATH} /usr/bin/python3 -W ignore:setup.py install is deprecated -W ignore:easy_install command is deprecated setup.py egg_info --egg-base ../../../build/learning_parameter build --build-base /home/intel/example_ws/build/learning_parameter/build install --record /home/intel/example_ws/build/learning_parameter/install.log --single-version-externally-managed install_data
