[0.956s] Invoking command in '/home/intel/example_ws/src/ros2_21_tutorials/learning_urdf': DEBUGINFOD_URLS=https://debuginfod.ubuntu.com PYTHONPATH=/home/intel/example_ws/build/learning_urdf/prefix_override:/usr/lib/python3/dist-packages/colcon_core/task/python/colcon_distutils_commands:/home/intel/example_ws/install/learning_urdf/lib/python3.12/site-packages:${PYTHONPATH} /usr/bin/python3 -W ignore:setup.py install is deprecated -W ignore:easy_install command is deprecated setup.py egg_info --egg-base ../../../build/learning_urdf build --build-base /home/intel/example_ws/build/learning_urdf/build install --record /home/intel/example_ws/build/learning_urdf/install.log --single-version-externally-managed install_data
[1.219s] running egg_info
[1.219s] creating ../../../build/learning_urdf/learning_urdf.egg-info
[1.235s] writing ../../../build/learning_urdf/learning_urdf.egg-info/PKG-INFO
[1.236s] writing dependency_links to ../../../build/learning_urdf/learning_urdf.egg-info/dependency_links.txt
[1.236s] writing requirements to ../../../build/learning_urdf/learning_urdf.egg-info/requires.txt
[1.236s] writing top-level names to ../../../build/learning_urdf/learning_urdf.egg-info/top_level.txt
[1.236s] writing manifest file '../../../build/learning_urdf/learning_urdf.egg-info/SOURCES.txt'
[1.272s] reading manifest file '../../../build/learning_urdf/learning_urdf.egg-info/SOURCES.txt'
[1.272s] writing manifest file '../../../build/learning_urdf/learning_urdf.egg-info/SOURCES.txt'
[1.273s] running build
[1.273s] running build_py
[1.273s] creating /home/intel/example_ws/build/learning_urdf/build
[1.273s] creating /home/intel/example_ws/build/learning_urdf/build/lib
[1.273s] creating /home/intel/example_ws/build/learning_urdf/build/lib/learning_urdf
[1.273s] copying learning_urdf/__init__.py -> /home/intel/example_ws/build/learning_urdf/build/lib/learning_urdf
[1.273s] running install
[1.279s] running install_lib
[1.297s] creating /home/intel/example_ws/install/learning_urdf/lib/python3.12/site-packages/learning_urdf
[1.298s] copying /home/intel/example_ws/build/learning_urdf/build/lib/learning_urdf/__init__.py -> /home/intel/example_ws/install/learning_urdf/lib/python3.12/site-packages/learning_urdf
[1.298s] byte-compiling /home/intel/example_ws/install/learning_urdf/lib/python3.12/site-packages/learning_urdf/__init__.py to __init__.cpython-312.pyc
[1.298s] running install_data
[1.298s] creating /home/intel/example_ws/install/learning_urdf/share/ament_index
[1.298s] creating /home/intel/example_ws/install/learning_urdf/share/ament_index/resource_index
[1.299s] creating /home/intel/example_ws/install/learning_urdf/share/ament_index/resource_index/packages
[1.299s] copying resource/learning_urdf -> /home/intel/example_ws/install/learning_urdf/share/ament_index/resource_index/packages
[1.299s] copying package.xml -> /home/intel/example_ws/install/learning_urdf/share/learning_urdf
[1.299s] creating /home/intel/example_ws/install/learning_urdf/share/learning_urdf/launch
[1.299s] copying launch/display_xacro.launch.py -> /home/intel/example_ws/install/learning_urdf/share/learning_urdf/launch
[1.299s] copying launch/display.launch.py -> /home/intel/example_ws/install/learning_urdf/share/learning_urdf/launch
[1.299s] creating /home/intel/example_ws/install/learning_urdf/share/learning_urdf/urdf
[1.299s] copying urdf/mbot_with_laser.urdf -> /home/intel/example_ws/install/learning_urdf/share/learning_urdf/urdf
[1.299s] copying urdf/mbot_base.xacro -> /home/intel/example_ws/install/learning_urdf/share/learning_urdf/urdf
[1.299s] copying urdf/mbot_with_camera.urdf -> /home/intel/example_ws/install/learning_urdf/share/learning_urdf/urdf
[1.299s] copying urdf/mbot_with_kinect.urdf -> /home/intel/example_ws/install/learning_urdf/share/learning_urdf/urdf
[1.299s] copying urdf/mbot_base.urdf -> /home/intel/example_ws/install/learning_urdf/share/learning_urdf/urdf
[1.300s] creating /home/intel/example_ws/install/learning_urdf/share/learning_urdf/urdf/sensors
[1.300s] copying urdf/sensors/kinect_gazebo.xacro -> /home/intel/example_ws/install/learning_urdf/share/learning_urdf/urdf/sensors
[1.300s] copying urdf/sensors/camera_gazebo.xacro -> /home/intel/example_ws/install/learning_urdf/share/learning_urdf/urdf/sensors
[1.300s] copying urdf/sensors/lidar_gazebo.xacro -> /home/intel/example_ws/install/learning_urdf/share/learning_urdf/urdf/sensors
[1.300s] creating /home/intel/example_ws/install/learning_urdf/share/learning_urdf/meshes
[1.300s] copying meshes/kinect.jpg -> /home/intel/example_ws/install/learning_urdf/share/learning_urdf/meshes
[1.300s] copying meshes/kinect.dae -> /home/intel/example_ws/install/learning_urdf/share/learning_urdf/meshes
[1.301s] copying meshes/kinect.tga -> /home/intel/example_ws/install/learning_urdf/share/learning_urdf/meshes
[1.301s] creating /home/intel/example_ws/install/learning_urdf/share/learning_urdf/rviz
[1.301s] copying rviz/urdf.rviz -> /home/intel/example_ws/install/learning_urdf/share/learning_urdf/rviz
[1.301s] running install_egg_info
[1.322s] Copying ../../../build/learning_urdf/learning_urdf.egg-info to /home/intel/example_ws/install/learning_urdf/lib/python3.12/site-packages/learning_urdf-0.0.0-py3.12.egg-info
[1.323s] running install_scripts
[1.452s] writing list of installed files to '/home/intel/example_ws/build/learning_urdf/install.log'
[1.522s] Invoked command in '/home/intel/example_ws/src/ros2_21_tutorials/learning_urdf' returned '0': DEBUGINFOD_URLS=https://debuginfod.ubuntu.com PYTHONPATH=/home/intel/example_ws/build/learning_urdf/prefix_override:/usr/lib/python3/dist-packages/colcon_core/task/python/colcon_distutils_commands:/home/intel/example_ws/install/learning_urdf/lib/python3.12/site-packages:${PYTHONPATH} /usr/bin/python3 -W ignore:setup.py install is deprecated -W ignore:easy_install command is deprecated setup.py egg_info --egg-base ../../../build/learning_urdf build --build-base /home/intel/example_ws/build/learning_urdf/build install --record /home/intel/example_ws/build/learning_urdf/install.log --single-version-externally-managed install_data
