[2.051s] Invoking command in '/home/intel/example_ws/src/ros2_21_tutorials/learning_cv': DEBUGINFOD_URLS=https://debuginfod.ubuntu.com PYTHONPATH=/home/intel/example_ws/build/learning_cv/prefix_override:/usr/lib/python3/dist-packages/colcon_core/task/python/colcon_distutils_commands:/home/intel/example_ws/install/learning_cv/lib/python3.12/site-packages:${PYTHONPATH} /usr/bin/python3 -W ignore:setup.py install is deprecated -W ignore:easy_install command is deprecated setup.py egg_info --egg-base ../../../build/learning_cv build --build-base /home/intel/example_ws/build/learning_cv/build install --record /home/intel/example_ws/build/learning_cv/install.log --single-version-externally-managed install_data
[2.318s] running egg_info
[2.318s] creating ../../../build/learning_cv/learning_cv.egg-info
[2.335s] writing ../../../build/learning_cv/learning_cv.egg-info/PKG-INFO
[2.336s] writing dependency_links to ../../../build/learning_cv/learning_cv.egg-info/dependency_links.txt
[2.336s] writing entry points to ../../../build/learning_cv/learning_cv.egg-info/entry_points.txt
[2.340s] writing requirements to ../../../build/learning_cv/learning_cv.egg-info/requires.txt
[2.340s] writing top-level names to ../../../build/learning_cv/learning_cv.egg-info/top_level.txt
[2.340s] writing manifest file '../../../build/learning_cv/learning_cv.egg-info/SOURCES.txt'
[2.372s] reading manifest file '../../../build/learning_cv/learning_cv.egg-info/SOURCES.txt'
[2.373s] writing manifest file '../../../build/learning_cv/learning_cv.egg-info/SOURCES.txt'
[2.373s] running build
[2.373s] running build_py
[2.373s] creating /home/intel/example_ws/build/learning_cv/build
[2.373s] creating /home/intel/example_ws/build/learning_cv/build/lib
[2.373s] creating /home/intel/example_ws/build/learning_cv/build/lib/learning_cv
[2.373s] copying learning_cv/__init__.py -> /home/intel/example_ws/build/learning_cv/build/lib/learning_cv
[2.373s] copying learning_cv/cv_bridge_test.py -> /home/intel/example_ws/build/learning_cv/build/lib/learning_cv
[2.374s] running install
[2.382s] running install_lib
[2.415s] creating /home/intel/example_ws/install/learning_cv/lib/python3.12/site-packages/learning_cv
[2.415s] copying /home/intel/example_ws/build/learning_cv/build/lib/learning_cv/__init__.py -> /home/intel/example_ws/install/learning_cv/lib/python3.12/site-packages/learning_cv
[2.415s] copying /home/intel/example_ws/build/learning_cv/build/lib/learning_cv/cv_bridge_test.py -> /home/intel/example_ws/install/learning_cv/lib/python3.12/site-packages/learning_cv
[2.415s] byte-compiling /home/intel/example_ws/install/learning_cv/lib/python3.12/site-packages/learning_cv/__init__.py to __init__.cpython-312.pyc
[2.415s] byte-compiling /home/intel/example_ws/install/learning_cv/lib/python3.12/site-packages/learning_cv/cv_bridge_test.py to cv_bridge_test.cpython-312.pyc
[2.416s] running install_data
[2.416s] creating /home/intel/example_ws/install/learning_cv/share/ament_index
[2.416s] creating /home/intel/example_ws/install/learning_cv/share/ament_index/resource_index
[2.416s] creating /home/intel/example_ws/install/learning_cv/share/ament_index/resource_index/packages
[2.416s] copying resource/learning_cv -> /home/intel/example_ws/install/learning_cv/share/ament_index/resource_index/packages
[2.416s] copying package.xml -> /home/intel/example_ws/install/learning_cv/share/learning_cv
[2.416s] running install_egg_info
[2.436s] Copying ../../../build/learning_cv/learning_cv.egg-info to /home/intel/example_ws/install/learning_cv/lib/python3.12/site-packages/learning_cv-0.0.0-py3.12.egg-info
[2.436s] running install_scripts
[2.565s] Installing cv_bridge_test script to /home/intel/example_ws/install/learning_cv/lib/learning_cv
[2.566s] writing list of installed files to '/home/intel/example_ws/build/learning_cv/install.log'
[2.637s] Invoked command in '/home/intel/example_ws/src/ros2_21_tutorials/learning_cv' returned '0': DEBUGINFOD_URLS=https://debuginfod.ubuntu.com PYTHONPATH=/home/intel/example_ws/build/learning_cv/prefix_override:/usr/lib/python3/dist-packages/colcon_core/task/python/colcon_distutils_commands:/home/intel/example_ws/install/learning_cv/lib/python3.12/site-packages:${PYTHONPATH} /usr/bin/python3 -W ignore:setup.py install is deprecated -W ignore:easy_install command is deprecated setup.py egg_info --egg-base ../../../build/learning_cv build --build-base /home/intel/example_ws/build/learning_cv/build install --record /home/intel/example_ws/build/learning_cv/install.log --single-version-externally-managed install_data
