[0.060s] DEBUG:colcon:Command line arguments: ['/usr/bin/colcon', 'build', '--packages-select', 'my_robot', '--symlink-install']
[0.060s] DEBUG:colcon:Parsed command line arguments: Namespace(log_base=None, log_level=None, verb_name='build', build_base='build', install_base='install', merge_install=False, symlink_install=True, test_result_base=None, continue_on_error=False, executor='parallel', parallel_workers=14, event_handlers=None, ignore_user_meta=False, metas=['./colcon.meta'], base_paths=['.'], packages_ignore=None, packages_ignore_regex=None, paths=None, packages_up_to=None, packages_up_to_regex=None, packages_above=None, packages_above_and_dependencies=None, packages_above_depth=None, packages_select_by_dep=None, packages_skip_by_dep=None, packages_skip_up_to=None, packages_select_build_failed=False, packages_skip_build_finished=False, packages_select_test_failures=False, packages_skip_test_passed=False, packages_select=['my_robot'], packages_skip=None, packages_select_regex=None, packages_skip_regex=None, packages_start=None, packages_end=None, allow_overriding=[], cmake_args=None, cmake_target=None, cmake_target_skip_unavailable=False, cmake_clean_cache=False, cmake_clean_first=False, cmake_force_configure=False, ament_cmake_args=None, catkin_cmake_args=None, catkin_skip_building_tests=False, verb_parser=<colcon_defaults.argument_parser.defaults.DefaultArgumentsDecorator object at 0x719f6802e8a0>, verb_extension=<colcon_core.verb.build.BuildVerb object at 0x719f681aec00>, main=<bound method BuildVerb.main of <colcon_core.verb.build.BuildVerb object at 0x719f681aec00>>)
[0.082s] Level 1:colcon.colcon_core.package_discovery:discover_packages(colcon_meta) check parameters
[0.082s] Level 1:colcon.colcon_core.package_discovery:discover_packages(recursive) check parameters
[0.082s] Level 1:colcon.colcon_core.package_discovery:discover_packages(ignore) check parameters
[0.082s] Level 1:colcon.colcon_core.package_discovery:discover_packages(path) check parameters
[0.082s] Level 1:colcon.colcon_core.package_discovery:discover_packages(colcon_meta) discover
[0.082s] Level 1:colcon.colcon_core.package_discovery:discover_packages(recursive) discover
[0.082s] INFO:colcon.colcon_core.package_discovery:Crawling recursively for packages in '/home/intel/example_ws'
[0.082s] Level 1:colcon.colcon_core.package_identification:_identify(.) by extensions ['ignore', 'ignore_ament_install']
[0.082s] Level 1:colcon.colcon_core.package_identification:_identify(.) by extension 'ignore'
[0.082s] Level 1:colcon.colcon_core.package_identification:_identify(.) by extension 'ignore_ament_install'
[0.082s] Level 1:colcon.colcon_core.package_identification:_identify(.) by extensions ['colcon_pkg']
[0.082s] Level 1:colcon.colcon_core.package_identification:_identify(.) by extension 'colcon_pkg'
[0.082s] Level 1:colcon.colcon_core.package_identification:_identify(.) by extensions ['colcon_meta']
[0.082s] Level 1:colcon.colcon_core.package_identification:_identify(.) by extension 'colcon_meta'
[0.082s] Level 1:colcon.colcon_core.package_identification:_identify(.) by extensions ['ros']
[0.082s] Level 1:colcon.colcon_core.package_identification:_identify(.) by extension 'ros'
[0.098s] Level 1:colcon.colcon_core.package_identification:_identify(.) by extensions ['cmake', 'python']
[0.098s] Level 1:colcon.colcon_core.package_identification:_identify(.) by extension 'cmake'
[0.098s] Level 1:colcon.colcon_core.package_identification:_identify(.) by extension 'python'
[0.098s] Level 1:colcon.colcon_core.package_identification:_identify(.) by extensions ['python_setup_py']
[0.098s] Level 1:colcon.colcon_core.package_identification:_identify(.) by extension 'python_setup_py'
[0.098s] Level 1:colcon.colcon_core.package_identification:_identify(build) by extensions ['ignore', 'ignore_ament_install']
[0.098s] Level 1:colcon.colcon_core.package_identification:_identify(build) by extension 'ignore'
[0.098s] Level 1:colcon.colcon_core.package_identification:_identify(build) ignored
[0.098s] Level 1:colcon.colcon_core.package_identification:_identify(install) by extensions ['ignore', 'ignore_ament_install']
[0.098s] Level 1:colcon.colcon_core.package_identification:_identify(install) by extension 'ignore'
[0.098s] Level 1:colcon.colcon_core.package_identification:_identify(install) ignored
[0.098s] Level 1:colcon.colcon_core.package_identification:_identify(log) by extensions ['ignore', 'ignore_ament_install']
[0.098s] Level 1:colcon.colcon_core.package_identification:_identify(log) by extension 'ignore'
[0.098s] Level 1:colcon.colcon_core.package_identification:_identify(log) ignored
[0.098s] Level 1:colcon.colcon_core.package_identification:_identify(src) by extensions ['ignore', 'ignore_ament_install']
[0.098s] Level 1:colcon.colcon_core.package_identification:_identify(src) by extension 'ignore'
[0.098s] Level 1:colcon.colcon_core.package_identification:_identify(src) by extension 'ignore_ament_install'
[0.098s] Level 1:colcon.colcon_core.package_identification:_identify(src) by extensions ['colcon_pkg']
[0.098s] Level 1:colcon.colcon_core.package_identification:_identify(src) by extension 'colcon_pkg'
[0.098s] Level 1:colcon.colcon_core.package_identification:_identify(src) by extensions ['colcon_meta']
[0.098s] Level 1:colcon.colcon_core.package_identification:_identify(src) by extension 'colcon_meta'
[0.098s] Level 1:colcon.colcon_core.package_identification:_identify(src) by extensions ['ros']
[0.098s] Level 1:colcon.colcon_core.package_identification:_identify(src) by extension 'ros'
[0.098s] Level 1:colcon.colcon_core.package_identification:_identify(src) by extensions ['cmake', 'python']
[0.098s] Level 1:colcon.colcon_core.package_identification:_identify(src) by extension 'cmake'
[0.098s] Level 1:colcon.colcon_core.package_identification:_identify(src) by extension 'python'
[0.098s] Level 1:colcon.colcon_core.package_identification:_identify(src) by extensions ['python_setup_py']
[0.098s] Level 1:colcon.colcon_core.package_identification:_identify(src) by extension 'python_setup_py'
[0.098s] Level 1:colcon.colcon_core.package_identification:_identify(src/my_robot) by extensions ['ignore', 'ignore_ament_install']
[0.098s] Level 1:colcon.colcon_core.package_identification:_identify(src/my_robot) by extension 'ignore'
[0.098s] Level 1:colcon.colcon_core.package_identification:_identify(src/my_robot) by extension 'ignore_ament_install'
[0.099s] Level 1:colcon.colcon_core.package_identification:_identify(src/my_robot) by extensions ['colcon_pkg']
[0.099s] Level 1:colcon.colcon_core.package_identification:_identify(src/my_robot) by extension 'colcon_pkg'
[0.099s] Level 1:colcon.colcon_core.package_identification:_identify(src/my_robot) by extensions ['colcon_meta']
[0.099s] Level 1:colcon.colcon_core.package_identification:_identify(src/my_robot) by extension 'colcon_meta'
[0.099s] Level 1:colcon.colcon_core.package_identification:_identify(src/my_robot) by extensions ['ros']
[0.099s] Level 1:colcon.colcon_core.package_identification:_identify(src/my_robot) by extension 'ros'
[0.100s] DEBUG:colcon.colcon_core.package_identification:Package 'src/my_robot' with type 'ros.ament_python' and name 'my_robot'
[0.100s] Level 1:colcon.colcon_core.package_identification:_identify(src/ros2_21_tutorials) by extensions ['ignore', 'ignore_ament_install']
[0.100s] Level 1:colcon.colcon_core.package_identification:_identify(src/ros2_21_tutorials) by extension 'ignore'
[0.100s] Level 1:colcon.colcon_core.package_identification:_identify(src/ros2_21_tutorials) by extension 'ignore_ament_install'
[0.100s] Level 1:colcon.colcon_core.package_identification:_identify(src/ros2_21_tutorials) by extensions ['colcon_pkg']
[0.100s] Level 1:colcon.colcon_core.package_identification:_identify(src/ros2_21_tutorials) by extension 'colcon_pkg'
[0.100s] Level 1:colcon.colcon_core.package_identification:_identify(src/ros2_21_tutorials) by extensions ['colcon_meta']
[0.100s] Level 1:colcon.colcon_core.package_identification:_identify(src/ros2_21_tutorials) by extension 'colcon_meta'
[0.100s] Level 1:colcon.colcon_core.package_identification:_identify(src/ros2_21_tutorials) by extensions ['ros']
[0.100s] Level 1:colcon.colcon_core.package_identification:_identify(src/ros2_21_tutorials) by extension 'ros'
[0.100s] Level 1:colcon.colcon_core.package_identification:_identify(src/ros2_21_tutorials) by extensions ['cmake', 'python']
[0.100s] Level 1:colcon.colcon_core.package_identification:_identify(src/ros2_21_tutorials) by extension 'cmake'
[0.100s] Level 1:colcon.colcon_core.package_identification:_identify(src/ros2_21_tutorials) by extension 'python'
[0.100s] Level 1:colcon.colcon_core.package_identification:_identify(src/ros2_21_tutorials) by extensions ['python_setup_py']
[0.100s] Level 1:colcon.colcon_core.package_identification:_identify(src/ros2_21_tutorials) by extension 'python_setup_py'
[0.100s] Level 1:colcon.colcon_core.package_identification:_identify(src/ros2_21_tutorials/docs) by extensions ['ignore', 'ignore_ament_install']
[0.100s] Level 1:colcon.colcon_core.package_identification:_identify(src/ros2_21_tutorials/docs) by extension 'ignore'
[0.100s] Level 1:colcon.colcon_core.package_identification:_identify(src/ros2_21_tutorials/docs) by extension 'ignore_ament_install'
[0.100s] Level 1:colcon.colcon_core.package_identification:_identify(src/ros2_21_tutorials/docs) by extensions ['colcon_pkg']
[0.101s] Level 1:colcon.colcon_core.package_identification:_identify(src/ros2_21_tutorials/docs) by extension 'colcon_pkg'
[0.101s] Level 1:colcon.colcon_core.package_identification:_identify(src/ros2_21_tutorials/docs) by extensions ['colcon_meta']
[0.101s] Level 1:colcon.colcon_core.package_identification:_identify(src/ros2_21_tutorials/docs) by extension 'colcon_meta'
[0.101s] Level 1:colcon.colcon_core.package_identification:_identify(src/ros2_21_tutorials/docs) by extensions ['ros']
[0.101s] Level 1:colcon.colcon_core.package_identification:_identify(src/ros2_21_tutorials/docs) by extension 'ros'
[0.101s] Level 1:colcon.colcon_core.package_identification:_identify(src/ros2_21_tutorials/docs) by extensions ['cmake', 'python']
[0.101s] Level 1:colcon.colcon_core.package_identification:_identify(src/ros2_21_tutorials/docs) by extension 'cmake'
[0.101s] Level 1:colcon.colcon_core.package_identification:_identify(src/ros2_21_tutorials/docs) by extension 'python'
[0.101s] Level 1:colcon.colcon_core.package_identification:_identify(src/ros2_21_tutorials/docs) by extensions ['python_setup_py']
[0.101s] Level 1:colcon.colcon_core.package_identification:_identify(src/ros2_21_tutorials/docs) by extension 'python_setup_py'
[0.101s] Level 1:colcon.colcon_core.package_identification:_identify(src/ros2_21_tutorials/docs/images) by extensions ['ignore', 'ignore_ament_install']
[0.101s] Level 1:colcon.colcon_core.package_identification:_identify(src/ros2_21_tutorials/docs/images) by extension 'ignore'
[0.101s] Level 1:colcon.colcon_core.package_identification:_identify(src/ros2_21_tutorials/docs/images) by extension 'ignore_ament_install'
[0.101s] Level 1:colcon.colcon_core.package_identification:_identify(src/ros2_21_tutorials/docs/images) by extensions ['colcon_pkg']
[0.101s] Level 1:colcon.colcon_core.package_identification:_identify(src/ros2_21_tutorials/docs/images) by extension 'colcon_pkg'
[0.101s] Level 1:colcon.colcon_core.package_identification:_identify(src/ros2_21_tutorials/docs/images) by extensions ['colcon_meta']
[0.101s] Level 1:colcon.colcon_core.package_identification:_identify(src/ros2_21_tutorials/docs/images) by extension 'colcon_meta'
[0.101s] Level 1:colcon.colcon_core.package_identification:_identify(src/ros2_21_tutorials/docs/images) by extensions ['ros']
[0.101s] Level 1:colcon.colcon_core.package_identification:_identify(src/ros2_21_tutorials/docs/images) by extension 'ros'
[0.101s] Level 1:colcon.colcon_core.package_identification:_identify(src/ros2_21_tutorials/docs/images) by extensions ['cmake', 'python']
[0.101s] Level 1:colcon.colcon_core.package_identification:_identify(src/ros2_21_tutorials/docs/images) by extension 'cmake'
[0.101s] Level 1:colcon.colcon_core.package_identification:_identify(src/ros2_21_tutorials/docs/images) by extension 'python'
[0.101s] Level 1:colcon.colcon_core.package_identification:_identify(src/ros2_21_tutorials/docs/images) by extensions ['python_setup_py']
[0.101s] Level 1:colcon.colcon_core.package_identification:_identify(src/ros2_21_tutorials/docs/images) by extension 'python_setup_py'
[0.101s] Level 1:colcon.colcon_core.package_identification:_identify(src/ros2_21_tutorials/learning_action) by extensions ['ignore', 'ignore_ament_install']
[0.101s] Level 1:colcon.colcon_core.package_identification:_identify(src/ros2_21_tutorials/learning_action) by extension 'ignore'
[0.101s] Level 1:colcon.colcon_core.package_identification:_identify(src/ros2_21_tutorials/learning_action) by extension 'ignore_ament_install'
[0.101s] Level 1:colcon.colcon_core.package_identification:_identify(src/ros2_21_tutorials/learning_action) by extensions ['colcon_pkg']
[0.101s] Level 1:colcon.colcon_core.package_identification:_identify(src/ros2_21_tutorials/learning_action) by extension 'colcon_pkg'
[0.101s] Level 1:colcon.colcon_core.package_identification:_identify(src/ros2_21_tutorials/learning_action) by extensions ['colcon_meta']
[0.101s] Level 1:colcon.colcon_core.package_identification:_identify(src/ros2_21_tutorials/learning_action) by extension 'colcon_meta'
[0.101s] Level 1:colcon.colcon_core.package_identification:_identify(src/ros2_21_tutorials/learning_action) by extensions ['ros']
[0.101s] Level 1:colcon.colcon_core.package_identification:_identify(src/ros2_21_tutorials/learning_action) by extension 'ros'
[0.101s] DEBUG:colcon.colcon_core.package_identification:Package 'src/ros2_21_tutorials/learning_action' with type 'ros.ament_python' and name 'learning_action'
[0.102s] Level 1:colcon.colcon_core.package_identification:_identify(src/ros2_21_tutorials/learning_action_cpp) by extensions ['ignore', 'ignore_ament_install']
[0.102s] Level 1:colcon.colcon_core.package_identification:_identify(src/ros2_21_tutorials/learning_action_cpp) by extension 'ignore'
[0.102s] Level 1:colcon.colcon_core.package_identification:_identify(src/ros2_21_tutorials/learning_action_cpp) by extension 'ignore_ament_install'
[0.102s] Level 1:colcon.colcon_core.package_identification:_identify(src/ros2_21_tutorials/learning_action_cpp) by extensions ['colcon_pkg']
[0.102s] Level 1:colcon.colcon_core.package_identification:_identify(src/ros2_21_tutorials/learning_action_cpp) by extension 'colcon_pkg'
[0.102s] Level 1:colcon.colcon_core.package_identification:_identify(src/ros2_21_tutorials/learning_action_cpp) by extensions ['colcon_meta']
[0.102s] Level 1:colcon.colcon_core.package_identification:_identify(src/ros2_21_tutorials/learning_action_cpp) by extension 'colcon_meta'
[0.102s] Level 1:colcon.colcon_core.package_identification:_identify(src/ros2_21_tutorials/learning_action_cpp) by extensions ['ros']
[0.102s] Level 1:colcon.colcon_core.package_identification:_identify(src/ros2_21_tutorials/learning_action_cpp) by extension 'ros'
[0.102s] DEBUG:colcon.colcon_core.package_identification:Package 'src/ros2_21_tutorials/learning_action_cpp' with type 'ros.ament_cmake' and name 'learning_action_cpp'
[0.102s] Level 1:colcon.colcon_core.package_identification:_identify(src/ros2_21_tutorials/learning_cv) by extensions ['ignore', 'ignore_ament_install']
[0.102s] Level 1:colcon.colcon_core.package_identification:_identify(src/ros2_21_tutorials/learning_cv) by extension 'ignore'
[0.102s] Level 1:colcon.colcon_core.package_identification:_identify(src/ros2_21_tutorials/learning_cv) by extension 'ignore_ament_install'
[0.102s] Level 1:colcon.colcon_core.package_identification:_identify(src/ros2_21_tutorials/learning_cv) by extensions ['colcon_pkg']
[0.102s] Level 1:colcon.colcon_core.package_identification:_identify(src/ros2_21_tutorials/learning_cv) by extension 'colcon_pkg'
[0.102s] Level 1:colcon.colcon_core.package_identification:_identify(src/ros2_21_tutorials/learning_cv) by extensions ['colcon_meta']
[0.102s] Level 1:colcon.colcon_core.package_identification:_identify(src/ros2_21_tutorials/learning_cv) by extension 'colcon_meta'
[0.102s] Level 1:colcon.colcon_core.package_identification:_identify(src/ros2_21_tutorials/learning_cv) by extensions ['ros']
[0.102s] Level 1:colcon.colcon_core.package_identification:_identify(src/ros2_21_tutorials/learning_cv) by extension 'ros'
[0.102s] DEBUG:colcon.colcon_core.package_identification:Package 'src/ros2_21_tutorials/learning_cv' with type 'ros.ament_python' and name 'learning_cv'
[0.102s] Level 1:colcon.colcon_core.package_identification:_identify(src/ros2_21_tutorials/learning_gazebo) by extensions ['ignore', 'ignore_ament_install']
[0.103s] Level 1:colcon.colcon_core.package_identification:_identify(src/ros2_21_tutorials/learning_gazebo) by extension 'ignore'
[0.103s] Level 1:colcon.colcon_core.package_identification:_identify(src/ros2_21_tutorials/learning_gazebo) by extension 'ignore_ament_install'
[0.103s] Level 1:colcon.colcon_core.package_identification:_identify(src/ros2_21_tutorials/learning_gazebo) by extensions ['colcon_pkg']
[0.103s] Level 1:colcon.colcon_core.package_identification:_identify(src/ros2_21_tutorials/learning_gazebo) by extension 'colcon_pkg'
[0.103s] Level 1:colcon.colcon_core.package_identification:_identify(src/ros2_21_tutorials/learning_gazebo) by extensions ['colcon_meta']
[0.103s] Level 1:colcon.colcon_core.package_identification:_identify(src/ros2_21_tutorials/learning_gazebo) by extension 'colcon_meta'
[0.103s] Level 1:colcon.colcon_core.package_identification:_identify(src/ros2_21_tutorials/learning_gazebo) by extensions ['ros']
[0.103s] Level 1:colcon.colcon_core.package_identification:_identify(src/ros2_21_tutorials/learning_gazebo) by extension 'ros'
[0.103s] DEBUG:colcon.colcon_core.package_identification:Package 'src/ros2_21_tutorials/learning_gazebo' with type 'ros.ament_python' and name 'learning_gazebo'
[0.103s] Level 1:colcon.colcon_core.package_identification:_identify(src/ros2_21_tutorials/learning_gazebo_harmonic) by extensions ['ignore', 'ignore_ament_install']
[0.103s] Level 1:colcon.colcon_core.package_identification:_identify(src/ros2_21_tutorials/learning_gazebo_harmonic) by extension 'ignore'
[0.103s] Level 1:colcon.colcon_core.package_identification:_identify(src/ros2_21_tutorials/learning_gazebo_harmonic) by extension 'ignore_ament_install'
[0.103s] Level 1:colcon.colcon_core.package_identification:_identify(src/ros2_21_tutorials/learning_gazebo_harmonic) by extensions ['colcon_pkg']
[0.103s] Level 1:colcon.colcon_core.package_identification:_identify(src/ros2_21_tutorials/learning_gazebo_harmonic) by extension 'colcon_pkg'
[0.103s] Level 1:colcon.colcon_core.package_identification:_identify(src/ros2_21_tutorials/learning_gazebo_harmonic) by extensions ['colcon_meta']
[0.103s] Level 1:colcon.colcon_core.package_identification:_identify(src/ros2_21_tutorials/learning_gazebo_harmonic) by extension 'colcon_meta'
[0.103s] Level 1:colcon.colcon_core.package_identification:_identify(src/ros2_21_tutorials/learning_gazebo_harmonic) by extensions ['ros']
[0.103s] Level 1:colcon.colcon_core.package_identification:_identify(src/ros2_21_tutorials/learning_gazebo_harmonic) by extension 'ros'
[0.103s] DEBUG:colcon.colcon_core.package_identification:Package 'src/ros2_21_tutorials/learning_gazebo_harmonic' with type 'ros.ament_python' and name 'learning_gazebo_harmonic'
[0.103s] Level 1:colcon.colcon_core.package_identification:_identify(src/ros2_21_tutorials/learning_interface) by extensions ['ignore', 'ignore_ament_install']
[0.103s] Level 1:colcon.colcon_core.package_identification:_identify(src/ros2_21_tutorials/learning_interface) by extension 'ignore'
[0.103s] Level 1:colcon.colcon_core.package_identification:_identify(src/ros2_21_tutorials/learning_interface) by extension 'ignore_ament_install'
[0.103s] Level 1:colcon.colcon_core.package_identification:_identify(src/ros2_21_tutorials/learning_interface) by extensions ['colcon_pkg']
[0.103s] Level 1:colcon.colcon_core.package_identification:_identify(src/ros2_21_tutorials/learning_interface) by extension 'colcon_pkg'
[0.103s] Level 1:colcon.colcon_core.package_identification:_identify(src/ros2_21_tutorials/learning_interface) by extensions ['colcon_meta']
[0.104s] Level 1:colcon.colcon_core.package_identification:_identify(src/ros2_21_tutorials/learning_interface) by extension 'colcon_meta'
[0.104s] Level 1:colcon.colcon_core.package_identification:_identify(src/ros2_21_tutorials/learning_interface) by extensions ['ros']
[0.104s] Level 1:colcon.colcon_core.package_identification:_identify(src/ros2_21_tutorials/learning_interface) by extension 'ros'
[0.104s] DEBUG:colcon.colcon_core.package_identification:Package 'src/ros2_21_tutorials/learning_interface' with type 'ros.ament_cmake' and name 'learning_interface'
[0.104s] Level 1:colcon.colcon_core.package_identification:_identify(src/ros2_21_tutorials/learning_launch) by extensions ['ignore', 'ignore_ament_install']
[0.104s] Level 1:colcon.colcon_core.package_identification:_identify(src/ros2_21_tutorials/learning_launch) by extension 'ignore'
[0.104s] Level 1:colcon.colcon_core.package_identification:_identify(src/ros2_21_tutorials/learning_launch) by extension 'ignore_ament_install'
[0.104s] Level 1:colcon.colcon_core.package_identification:_identify(src/ros2_21_tutorials/learning_launch) by extensions ['colcon_pkg']
[0.104s] Level 1:colcon.colcon_core.package_identification:_identify(src/ros2_21_tutorials/learning_launch) by extension 'colcon_pkg'
[0.104s] Level 1:colcon.colcon_core.package_identification:_identify(src/ros2_21_tutorials/learning_launch) by extensions ['colcon_meta']
[0.104s] Level 1:colcon.colcon_core.package_identification:_identify(src/ros2_21_tutorials/learning_launch) by extension 'colcon_meta'
[0.104s] Level 1:colcon.colcon_core.package_identification:_identify(src/ros2_21_tutorials/learning_launch) by extensions ['ros']
[0.104s] Level 1:colcon.colcon_core.package_identification:_identify(src/ros2_21_tutorials/learning_launch) by extension 'ros'
[0.104s] DEBUG:colcon.colcon_core.package_identification:Package 'src/ros2_21_tutorials/learning_launch' with type 'ros.ament_python' and name 'learning_launch'
[0.104s] Level 1:colcon.colcon_core.package_identification:_identify(src/ros2_21_tutorials/learning_node) by extensions ['ignore', 'ignore_ament_install']
[0.104s] Level 1:colcon.colcon_core.package_identification:_identify(src/ros2_21_tutorials/learning_node) by extension 'ignore'
[0.104s] Level 1:colcon.colcon_core.package_identification:_identify(src/ros2_21_tutorials/learning_node) by extension 'ignore_ament_install'
[0.104s] Level 1:colcon.colcon_core.package_identification:_identify(src/ros2_21_tutorials/learning_node) by extensions ['colcon_pkg']
[0.104s] Level 1:colcon.colcon_core.package_identification:_identify(src/ros2_21_tutorials/learning_node) by extension 'colcon_pkg'
[0.104s] Level 1:colcon.colcon_core.package_identification:_identify(src/ros2_21_tutorials/learning_node) by extensions ['colcon_meta']
[0.104s] Level 1:colcon.colcon_core.package_identification:_identify(src/ros2_21_tutorials/learning_node) by extension 'colcon_meta'
[0.104s] Level 1:colcon.colcon_core.package_identification:_identify(src/ros2_21_tutorials/learning_node) by extensions ['ros']
[0.104s] Level 1:colcon.colcon_core.package_identification:_identify(src/ros2_21_tutorials/learning_node) by extension 'ros'
[0.105s] DEBUG:colcon.colcon_core.package_identification:Package 'src/ros2_21_tutorials/learning_node' with type 'ros.ament_python' and name 'learning_node'
[0.105s] Level 1:colcon.colcon_core.package_identification:_identify(src/ros2_21_tutorials/learning_node_cpp) by extensions ['ignore', 'ignore_ament_install']
[0.105s] Level 1:colcon.colcon_core.package_identification:_identify(src/ros2_21_tutorials/learning_node_cpp) by extension 'ignore'
[0.105s] Level 1:colcon.colcon_core.package_identification:_identify(src/ros2_21_tutorials/learning_node_cpp) by extension 'ignore_ament_install'
[0.105s] Level 1:colcon.colcon_core.package_identification:_identify(src/ros2_21_tutorials/learning_node_cpp) by extensions ['colcon_pkg']
[0.105s] Level 1:colcon.colcon_core.package_identification:_identify(src/ros2_21_tutorials/learning_node_cpp) by extension 'colcon_pkg'
[0.105s] Level 1:colcon.colcon_core.package_identification:_identify(src/ros2_21_tutorials/learning_node_cpp) by extensions ['colcon_meta']
[0.105s] Level 1:colcon.colcon_core.package_identification:_identify(src/ros2_21_tutorials/learning_node_cpp) by extension 'colcon_meta'
[0.105s] Level 1:colcon.colcon_core.package_identification:_identify(src/ros2_21_tutorials/learning_node_cpp) by extensions ['ros']
[0.105s] Level 1:colcon.colcon_core.package_identification:_identify(src/ros2_21_tutorials/learning_node_cpp) by extension 'ros'
[0.105s] DEBUG:colcon.colcon_core.package_identification:Package 'src/ros2_21_tutorials/learning_node_cpp' with type 'ros.ament_cmake' and name 'learning_node_cpp'
[0.105s] Level 1:colcon.colcon_core.package_identification:_identify(src/ros2_21_tutorials/learning_parameter) by extensions ['ignore', 'ignore_ament_install']
[0.105s] Level 1:colcon.colcon_core.package_identification:_identify(src/ros2_21_tutorials/learning_parameter) by extension 'ignore'
[0.105s] Level 1:colcon.colcon_core.package_identification:_identify(src/ros2_21_tutorials/learning_parameter) by extension 'ignore_ament_install'
[0.105s] Level 1:colcon.colcon_core.package_identification:_identify(src/ros2_21_tutorials/learning_parameter) by extensions ['colcon_pkg']
[0.105s] Level 1:colcon.colcon_core.package_identification:_identify(src/ros2_21_tutorials/learning_parameter) by extension 'colcon_pkg'
[0.105s] Level 1:colcon.colcon_core.package_identification:_identify(src/ros2_21_tutorials/learning_parameter) by extensions ['colcon_meta']
[0.105s] Level 1:colcon.colcon_core.package_identification:_identify(src/ros2_21_tutorials/learning_parameter) by extension 'colcon_meta'
[0.105s] Level 1:colcon.colcon_core.package_identification:_identify(src/ros2_21_tutorials/learning_parameter) by extensions ['ros']
[0.105s] Level 1:colcon.colcon_core.package_identification:_identify(src/ros2_21_tutorials/learning_parameter) by extension 'ros'
[0.105s] DEBUG:colcon.colcon_core.package_identification:Package 'src/ros2_21_tutorials/learning_parameter' with type 'ros.ament_python' and name 'learning_parameter'
[0.105s] Level 1:colcon.colcon_core.package_identification:_identify(src/ros2_21_tutorials/learning_parameter_cpp) by extensions ['ignore', 'ignore_ament_install']
[0.105s] Level 1:colcon.colcon_core.package_identification:_identify(src/ros2_21_tutorials/learning_parameter_cpp) by extension 'ignore'
[0.105s] Level 1:colcon.colcon_core.package_identification:_identify(src/ros2_21_tutorials/learning_parameter_cpp) by extension 'ignore_ament_install'
[0.105s] Level 1:colcon.colcon_core.package_identification:_identify(src/ros2_21_tutorials/learning_parameter_cpp) by extensions ['colcon_pkg']
[0.105s] Level 1:colcon.colcon_core.package_identification:_identify(src/ros2_21_tutorials/learning_parameter_cpp) by extension 'colcon_pkg'
[0.106s] Level 1:colcon.colcon_core.package_identification:_identify(src/ros2_21_tutorials/learning_parameter_cpp) by extensions ['colcon_meta']
[0.106s] Level 1:colcon.colcon_core.package_identification:_identify(src/ros2_21_tutorials/learning_parameter_cpp) by extension 'colcon_meta'
[0.106s] Level 1:colcon.colcon_core.package_identification:_identify(src/ros2_21_tutorials/learning_parameter_cpp) by extensions ['ros']
[0.106s] Level 1:colcon.colcon_core.package_identification:_identify(src/ros2_21_tutorials/learning_parameter_cpp) by extension 'ros'
[0.106s] DEBUG:colcon.colcon_core.package_identification:Package 'src/ros2_21_tutorials/learning_parameter_cpp' with type 'ros.ament_cmake' and name 'learning_parameter_cpp'
[0.106s] Level 1:colcon.colcon_core.package_identification:_identify(src/ros2_21_tutorials/learning_pkg_c) by extensions ['ignore', 'ignore_ament_install']
[0.106s] Level 1:colcon.colcon_core.package_identification:_identify(src/ros2_21_tutorials/learning_pkg_c) by extension 'ignore'
[0.106s] Level 1:colcon.colcon_core.package_identification:_identify(src/ros2_21_tutorials/learning_pkg_c) by extension 'ignore_ament_install'
[0.106s] Level 1:colcon.colcon_core.package_identification:_identify(src/ros2_21_tutorials/learning_pkg_c) by extensions ['colcon_pkg']
[0.106s] Level 1:colcon.colcon_core.package_identification:_identify(src/ros2_21_tutorials/learning_pkg_c) by extension 'colcon_pkg'
[0.106s] Level 1:colcon.colcon_core.package_identification:_identify(src/ros2_21_tutorials/learning_pkg_c) by extensions ['colcon_meta']
[0.106s] Level 1:colcon.colcon_core.package_identification:_identify(src/ros2_21_tutorials/learning_pkg_c) by extension 'colcon_meta'
[0.106s] Level 1:colcon.colcon_core.package_identification:_identify(src/ros2_21_tutorials/learning_pkg_c) by extensions ['ros']
[0.106s] Level 1:colcon.colcon_core.package_identification:_identify(src/ros2_21_tutorials/learning_pkg_c) by extension 'ros'
[0.106s] DEBUG:colcon.colcon_core.package_identification:Package 'src/ros2_21_tutorials/learning_pkg_c' with type 'ros.ament_cmake' and name 'learning_pkg_c'
[0.106s] Level 1:colcon.colcon_core.package_identification:_identify(src/ros2_21_tutorials/learning_pkg_python) by extensions ['ignore', 'ignore_ament_install']
[0.106s] Level 1:colcon.colcon_core.package_identification:_identify(src/ros2_21_tutorials/learning_pkg_python) by extension 'ignore'
[0.106s] Level 1:colcon.colcon_core.package_identification:_identify(src/ros2_21_tutorials/learning_pkg_python) by extension 'ignore_ament_install'
[0.106s] Level 1:colcon.colcon_core.package_identification:_identify(src/ros2_21_tutorials/learning_pkg_python) by extensions ['colcon_pkg']
[0.106s] Level 1:colcon.colcon_core.package_identification:_identify(src/ros2_21_tutorials/learning_pkg_python) by extension 'colcon_pkg'
[0.106s] Level 1:colcon.colcon_core.package_identification:_identify(src/ros2_21_tutorials/learning_pkg_python) by extensions ['colcon_meta']
[0.106s] Level 1:colcon.colcon_core.package_identification:_identify(src/ros2_21_tutorials/learning_pkg_python) by extension 'colcon_meta'
[0.106s] Level 1:colcon.colcon_core.package_identification:_identify(src/ros2_21_tutorials/learning_pkg_python) by extensions ['ros']
[0.106s] Level 1:colcon.colcon_core.package_identification:_identify(src/ros2_21_tutorials/learning_pkg_python) by extension 'ros'
[0.107s] DEBUG:colcon.colcon_core.package_identification:Package 'src/ros2_21_tutorials/learning_pkg_python' with type 'ros.ament_python' and name 'learning_pkg_python'
[0.107s] Level 1:colcon.colcon_core.package_identification:_identify(src/ros2_21_tutorials/learning_qos) by extensions ['ignore', 'ignore_ament_install']
[0.107s] Level 1:colcon.colcon_core.package_identification:_identify(src/ros2_21_tutorials/learning_qos) by extension 'ignore'
[0.107s] Level 1:colcon.colcon_core.package_identification:_identify(src/ros2_21_tutorials/learning_qos) by extension 'ignore_ament_install'
[0.107s] Level 1:colcon.colcon_core.package_identification:_identify(src/ros2_21_tutorials/learning_qos) by extensions ['colcon_pkg']
[0.107s] Level 1:colcon.colcon_core.package_identification:_identify(src/ros2_21_tutorials/learning_qos) by extension 'colcon_pkg'
[0.107s] Level 1:colcon.colcon_core.package_identification:_identify(src/ros2_21_tutorials/learning_qos) by extensions ['colcon_meta']
[0.107s] Level 1:colcon.colcon_core.package_identification:_identify(src/ros2_21_tutorials/learning_qos) by extension 'colcon_meta'
[0.107s] Level 1:colcon.colcon_core.package_identification:_identify(src/ros2_21_tutorials/learning_qos) by extensions ['ros']
[0.107s] Level 1:colcon.colcon_core.package_identification:_identify(src/ros2_21_tutorials/learning_qos) by extension 'ros'
[0.107s] DEBUG:colcon.colcon_core.package_identification:Package 'src/ros2_21_tutorials/learning_qos' with type 'ros.ament_python' and name 'learning_qos'
[0.107s] Level 1:colcon.colcon_core.package_identification:_identify(src/ros2_21_tutorials/learning_service) by extensions ['ignore', 'ignore_ament_install']
[0.107s] Level 1:colcon.colcon_core.package_identification:_identify(src/ros2_21_tutorials/learning_service) by extension 'ignore'
[0.107s] Level 1:colcon.colcon_core.package_identification:_identify(src/ros2_21_tutorials/learning_service) by extension 'ignore_ament_install'
[0.107s] Level 1:colcon.colcon_core.package_identification:_identify(src/ros2_21_tutorials/learning_service) by extensions ['colcon_pkg']
[0.107s] Level 1:colcon.colcon_core.package_identification:_identify(src/ros2_21_tutorials/learning_service) by extension 'colcon_pkg'
[0.107s] Level 1:colcon.colcon_core.package_identification:_identify(src/ros2_21_tutorials/learning_service) by extensions ['colcon_meta']
[0.107s] Level 1:colcon.colcon_core.package_identification:_identify(src/ros2_21_tutorials/learning_service) by extension 'colcon_meta'
[0.107s] Level 1:colcon.colcon_core.package_identification:_identify(src/ros2_21_tutorials/learning_service) by extensions ['ros']
[0.107s] Level 1:colcon.colcon_core.package_identification:_identify(src/ros2_21_tutorials/learning_service) by extension 'ros'
[0.107s] DEBUG:colcon.colcon_core.package_identification:Package 'src/ros2_21_tutorials/learning_service' with type 'ros.ament_python' and name 'learning_service'
[0.108s] Level 1:colcon.colcon_core.package_identification:_identify(src/ros2_21_tutorials/learning_service_cpp) by extensions ['ignore', 'ignore_ament_install']
[0.108s] Level 1:colcon.colcon_core.package_identification:_identify(src/ros2_21_tutorials/learning_service_cpp) by extension 'ignore'
[0.108s] Level 1:colcon.colcon_core.package_identification:_identify(src/ros2_21_tutorials/learning_service_cpp) by extension 'ignore_ament_install'
[0.108s] Level 1:colcon.colcon_core.package_identification:_identify(src/ros2_21_tutorials/learning_service_cpp) by extensions ['colcon_pkg']
[0.108s] Level 1:colcon.colcon_core.package_identification:_identify(src/ros2_21_tutorials/learning_service_cpp) by extension 'colcon_pkg'
[0.108s] Level 1:colcon.colcon_core.package_identification:_identify(src/ros2_21_tutorials/learning_service_cpp) by extensions ['colcon_meta']
[0.108s] Level 1:colcon.colcon_core.package_identification:_identify(src/ros2_21_tutorials/learning_service_cpp) by extension 'colcon_meta'
[0.108s] Level 1:colcon.colcon_core.package_identification:_identify(src/ros2_21_tutorials/learning_service_cpp) by extensions ['ros']
[0.108s] Level 1:colcon.colcon_core.package_identification:_identify(src/ros2_21_tutorials/learning_service_cpp) by extension 'ros'
[0.108s] DEBUG:colcon.colcon_core.package_identification:Package 'src/ros2_21_tutorials/learning_service_cpp' with type 'ros.ament_cmake' and name 'learning_service_cpp'
[0.108s] Level 1:colcon.colcon_core.package_identification:_identify(src/ros2_21_tutorials/learning_tf) by extensions ['ignore', 'ignore_ament_install']
[0.108s] Level 1:colcon.colcon_core.package_identification:_identify(src/ros2_21_tutorials/learning_tf) by extension 'ignore'
[0.108s] Level 1:colcon.colcon_core.package_identification:_identify(src/ros2_21_tutorials/learning_tf) by extension 'ignore_ament_install'
[0.108s] Level 1:colcon.colcon_core.package_identification:_identify(src/ros2_21_tutorials/learning_tf) by extensions ['colcon_pkg']
[0.108s] Level 1:colcon.colcon_core.package_identification:_identify(src/ros2_21_tutorials/learning_tf) by extension 'colcon_pkg'
[0.108s] Level 1:colcon.colcon_core.package_identification:_identify(src/ros2_21_tutorials/learning_tf) by extensions ['colcon_meta']
[0.108s] Level 1:colcon.colcon_core.package_identification:_identify(src/ros2_21_tutorials/learning_tf) by extension 'colcon_meta'
[0.108s] Level 1:colcon.colcon_core.package_identification:_identify(src/ros2_21_tutorials/learning_tf) by extensions ['ros']
[0.108s] Level 1:colcon.colcon_core.package_identification:_identify(src/ros2_21_tutorials/learning_tf) by extension 'ros'
[0.108s] DEBUG:colcon.colcon_core.package_identification:Package 'src/ros2_21_tutorials/learning_tf' with type 'ros.ament_python' and name 'learning_tf'
[0.108s] Level 1:colcon.colcon_core.package_identification:_identify(src/ros2_21_tutorials/learning_tf_cpp) by extensions ['ignore', 'ignore_ament_install']
[0.108s] Level 1:colcon.colcon_core.package_identification:_identify(src/ros2_21_tutorials/learning_tf_cpp) by extension 'ignore'
[0.108s] Level 1:colcon.colcon_core.package_identification:_identify(src/ros2_21_tutorials/learning_tf_cpp) by extension 'ignore_ament_install'
[0.108s] Level 1:colcon.colcon_core.package_identification:_identify(src/ros2_21_tutorials/learning_tf_cpp) by extensions ['colcon_pkg']
[0.109s] Level 1:colcon.colcon_core.package_identification:_identify(src/ros2_21_tutorials/learning_tf_cpp) by extension 'colcon_pkg'
[0.109s] Level 1:colcon.colcon_core.package_identification:_identify(src/ros2_21_tutorials/learning_tf_cpp) by extensions ['colcon_meta']
[0.109s] Level 1:colcon.colcon_core.package_identification:_identify(src/ros2_21_tutorials/learning_tf_cpp) by extension 'colcon_meta'
[0.109s] Level 1:colcon.colcon_core.package_identification:_identify(src/ros2_21_tutorials/learning_tf_cpp) by extensions ['ros']
[0.109s] Level 1:colcon.colcon_core.package_identification:_identify(src/ros2_21_tutorials/learning_tf_cpp) by extension 'ros'
[0.109s] DEBUG:colcon.colcon_core.package_identification:Package 'src/ros2_21_tutorials/learning_tf_cpp' with type 'ros.ament_cmake' and name 'learning_tf_cpp'
[0.109s] Level 1:colcon.colcon_core.package_identification:_identify(src/ros2_21_tutorials/learning_topic) by extensions ['ignore', 'ignore_ament_install']
[0.109s] Level 1:colcon.colcon_core.package_identification:_identify(src/ros2_21_tutorials/learning_topic) by extension 'ignore'
[0.109s] Level 1:colcon.colcon_core.package_identification:_identify(src/ros2_21_tutorials/learning_topic) by extension 'ignore_ament_install'
[0.109s] Level 1:colcon.colcon_core.package_identification:_identify(src/ros2_21_tutorials/learning_topic) by extensions ['colcon_pkg']
[0.109s] Level 1:colcon.colcon_core.package_identification:_identify(src/ros2_21_tutorials/learning_topic) by extension 'colcon_pkg'
[0.109s] Level 1:colcon.colcon_core.package_identification:_identify(src/ros2_21_tutorials/learning_topic) by extensions ['colcon_meta']
[0.109s] Level 1:colcon.colcon_core.package_identification:_identify(src/ros2_21_tutorials/learning_topic) by extension 'colcon_meta'
[0.109s] Level 1:colcon.colcon_core.package_identification:_identify(src/ros2_21_tutorials/learning_topic) by extensions ['ros']
[0.109s] Level 1:colcon.colcon_core.package_identification:_identify(src/ros2_21_tutorials/learning_topic) by extension 'ros'
[0.109s] DEBUG:colcon.colcon_core.package_identification:Package 'src/ros2_21_tutorials/learning_topic' with type 'ros.ament_python' and name 'learning_topic'
[0.109s] Level 1:colcon.colcon_core.package_identification:_identify(src/ros2_21_tutorials/learning_topic_cpp) by extensions ['ignore', 'ignore_ament_install']
[0.109s] Level 1:colcon.colcon_core.package_identification:_identify(src/ros2_21_tutorials/learning_topic_cpp) by extension 'ignore'
[0.109s] Level 1:colcon.colcon_core.package_identification:_identify(src/ros2_21_tutorials/learning_topic_cpp) by extension 'ignore_ament_install'
[0.110s] Level 1:colcon.colcon_core.package_identification:_identify(src/ros2_21_tutorials/learning_topic_cpp) by extensions ['colcon_pkg']
[0.110s] Level 1:colcon.colcon_core.package_identification:_identify(src/ros2_21_tutorials/learning_topic_cpp) by extension 'colcon_pkg'
[0.110s] Level 1:colcon.colcon_core.package_identification:_identify(src/ros2_21_tutorials/learning_topic_cpp) by extensions ['colcon_meta']
[0.110s] Level 1:colcon.colcon_core.package_identification:_identify(src/ros2_21_tutorials/learning_topic_cpp) by extension 'colcon_meta'
[0.110s] Level 1:colcon.colcon_core.package_identification:_identify(src/ros2_21_tutorials/learning_topic_cpp) by extensions ['ros']
[0.110s] Level 1:colcon.colcon_core.package_identification:_identify(src/ros2_21_tutorials/learning_topic_cpp) by extension 'ros'
[0.110s] DEBUG:colcon.colcon_core.package_identification:Package 'src/ros2_21_tutorials/learning_topic_cpp' with type 'ros.ament_cmake' and name 'learning_topic_cpp'
[0.110s] Level 1:colcon.colcon_core.package_identification:_identify(src/ros2_21_tutorials/learning_urdf) by extensions ['ignore', 'ignore_ament_install']
[0.110s] Level 1:colcon.colcon_core.package_identification:_identify(src/ros2_21_tutorials/learning_urdf) by extension 'ignore'
[0.110s] Level 1:colcon.colcon_core.package_identification:_identify(src/ros2_21_tutorials/learning_urdf) by extension 'ignore_ament_install'
[0.110s] Level 1:colcon.colcon_core.package_identification:_identify(src/ros2_21_tutorials/learning_urdf) by extensions ['colcon_pkg']
[0.110s] Level 1:colcon.colcon_core.package_identification:_identify(src/ros2_21_tutorials/learning_urdf) by extension 'colcon_pkg'
[0.110s] Level 1:colcon.colcon_core.package_identification:_identify(src/ros2_21_tutorials/learning_urdf) by extensions ['colcon_meta']
[0.110s] Level 1:colcon.colcon_core.package_identification:_identify(src/ros2_21_tutorials/learning_urdf) by extension 'colcon_meta'
[0.110s] Level 1:colcon.colcon_core.package_identification:_identify(src/ros2_21_tutorials/learning_urdf) by extensions ['ros']
[0.110s] Level 1:colcon.colcon_core.package_identification:_identify(src/ros2_21_tutorials/learning_urdf) by extension 'ros'
[0.110s] DEBUG:colcon.colcon_core.package_identification:Package 'src/ros2_21_tutorials/learning_urdf' with type 'ros.ament_python' and name 'learning_urdf'
[0.110s] Level 1:colcon.colcon_core.package_identification:_identify(src/ros2_21_tutorials/python) by extensions ['ignore', 'ignore_ament_install']
[0.110s] Level 1:colcon.colcon_core.package_identification:_identify(src/ros2_21_tutorials/python) by extension 'ignore'
[0.110s] Level 1:colcon.colcon_core.package_identification:_identify(src/ros2_21_tutorials/python) by extension 'ignore_ament_install'
[0.110s] Level 1:colcon.colcon_core.package_identification:_identify(src/ros2_21_tutorials/python) by extensions ['colcon_pkg']
[0.110s] Level 1:colcon.colcon_core.package_identification:_identify(src/ros2_21_tutorials/python) by extension 'colcon_pkg'
[0.110s] Level 1:colcon.colcon_core.package_identification:_identify(src/ros2_21_tutorials/python) by extensions ['colcon_meta']
[0.110s] Level 1:colcon.colcon_core.package_identification:_identify(src/ros2_21_tutorials/python) by extension 'colcon_meta'
[0.110s] Level 1:colcon.colcon_core.package_identification:_identify(src/ros2_21_tutorials/python) by extensions ['ros']
[0.110s] Level 1:colcon.colcon_core.package_identification:_identify(src/ros2_21_tutorials/python) by extension 'ros'
[0.110s] Level 1:colcon.colcon_core.package_identification:_identify(src/ros2_21_tutorials/python) by extensions ['cmake', 'python']
[0.111s] Level 1:colcon.colcon_core.package_identification:_identify(src/ros2_21_tutorials/python) by extension 'cmake'
[0.111s] Level 1:colcon.colcon_core.package_identification:_identify(src/ros2_21_tutorials/python) by extension 'python'
[0.111s] Level 1:colcon.colcon_core.package_identification:_identify(src/ros2_21_tutorials/python) by extensions ['python_setup_py']
[0.111s] Level 1:colcon.colcon_core.package_identification:_identify(src/ros2_21_tutorials/python) by extension 'python_setup_py'
[0.111s] Level 1:colcon.colcon_core.package_discovery:discover_packages(recursive) using defaults
[0.111s] Level 1:colcon.colcon_core.package_discovery:discover_packages(ignore) discover
[0.111s] Level 1:colcon.colcon_core.package_discovery:discover_packages(ignore) using defaults
[0.111s] Level 1:colcon.colcon_core.package_discovery:discover_packages(path) discover
[0.111s] Level 1:colcon.colcon_core.package_discovery:discover_packages(path) using defaults
[0.126s] INFO:colcon.colcon_core.package_selection:Skipping not selected package 'learning_cv' in 'src/ros2_21_tutorials/learning_cv'
[0.126s] INFO:colcon.colcon_core.package_selection:Skipping not selected package 'learning_gazebo' in 'src/ros2_21_tutorials/learning_gazebo'
[0.126s] INFO:colcon.colcon_core.package_selection:Skipping not selected package 'learning_gazebo_harmonic' in 'src/ros2_21_tutorials/learning_gazebo_harmonic'
[0.126s] INFO:colcon.colcon_core.package_selection:Skipping not selected package 'learning_interface' in 'src/ros2_21_tutorials/learning_interface'
[0.126s] INFO:colcon.colcon_core.package_selection:Skipping not selected package 'learning_launch' in 'src/ros2_21_tutorials/learning_launch'
[0.126s] INFO:colcon.colcon_core.package_selection:Skipping not selected package 'learning_node' in 'src/ros2_21_tutorials/learning_node'
[0.126s] INFO:colcon.colcon_core.package_selection:Skipping not selected package 'learning_node_cpp' in 'src/ros2_21_tutorials/learning_node_cpp'
[0.126s] INFO:colcon.colcon_core.package_selection:Skipping not selected package 'learning_parameter' in 'src/ros2_21_tutorials/learning_parameter'
[0.126s] INFO:colcon.colcon_core.package_selection:Skipping not selected package 'learning_parameter_cpp' in 'src/ros2_21_tutorials/learning_parameter_cpp'
[0.126s] INFO:colcon.colcon_core.package_selection:Skipping not selected package 'learning_pkg_c' in 'src/ros2_21_tutorials/learning_pkg_c'
[0.126s] INFO:colcon.colcon_core.package_selection:Skipping not selected package 'learning_pkg_python' in 'src/ros2_21_tutorials/learning_pkg_python'
[0.126s] INFO:colcon.colcon_core.package_selection:Skipping not selected package 'learning_qos' in 'src/ros2_21_tutorials/learning_qos'
[0.126s] INFO:colcon.colcon_core.package_selection:Skipping not selected package 'learning_tf' in 'src/ros2_21_tutorials/learning_tf'
[0.126s] INFO:colcon.colcon_core.package_selection:Skipping not selected package 'learning_tf_cpp' in 'src/ros2_21_tutorials/learning_tf_cpp'
[0.126s] INFO:colcon.colcon_core.package_selection:Skipping not selected package 'learning_topic_cpp' in 'src/ros2_21_tutorials/learning_topic_cpp'
[0.126s] INFO:colcon.colcon_core.package_selection:Skipping not selected package 'learning_urdf' in 'src/ros2_21_tutorials/learning_urdf'
[0.126s] INFO:colcon.colcon_core.package_selection:Skipping not selected package 'learning_action' in 'src/ros2_21_tutorials/learning_action'
[0.126s] INFO:colcon.colcon_core.package_selection:Skipping not selected package 'learning_action_cpp' in 'src/ros2_21_tutorials/learning_action_cpp'
[0.126s] INFO:colcon.colcon_core.package_selection:Skipping not selected package 'learning_service' in 'src/ros2_21_tutorials/learning_service'
[0.126s] INFO:colcon.colcon_core.package_selection:Skipping not selected package 'learning_service_cpp' in 'src/ros2_21_tutorials/learning_service_cpp'
[0.126s] INFO:colcon.colcon_core.package_selection:Skipping not selected package 'learning_topic' in 'src/ros2_21_tutorials/learning_topic'
[0.126s] Level 1:colcon.colcon_core.package_discovery:discover_packages(prefix_path) check parameters
[0.126s] Level 1:colcon.colcon_core.package_discovery:discover_packages(prefix_path) discover
[0.128s] DEBUG:colcon.colcon_installed_package_information.package_discovery:Found 20 installed packages in /home/intel/example_ws/install
[0.129s] DEBUG:colcon.colcon_installed_package_information.package_discovery:Found 322 installed packages in /opt/ros/jazzy
[0.129s] Level 1:colcon.colcon_core.package_discovery:discover_packages(prefix_path) using defaults
[0.152s] Level 5:colcon.colcon_core.verb:set package 'my_robot' build argument 'cmake_args' from command line to 'None'
[0.152s] Level 5:colcon.colcon_core.verb:set package 'my_robot' build argument 'cmake_target' from command line to 'None'
[0.152s] Level 5:colcon.colcon_core.verb:set package 'my_robot' build argument 'cmake_target_skip_unavailable' from command line to 'False'
[0.152s] Level 5:colcon.colcon_core.verb:set package 'my_robot' build argument 'cmake_clean_cache' from command line to 'False'
[0.152s] Level 5:colcon.colcon_core.verb:set package 'my_robot' build argument 'cmake_clean_first' from command line to 'False'
[0.152s] Level 5:colcon.colcon_core.verb:set package 'my_robot' build argument 'cmake_force_configure' from command line to 'False'
[0.152s] Level 5:colcon.colcon_core.verb:set package 'my_robot' build argument 'ament_cmake_args' from command line to 'None'
[0.152s] Level 5:colcon.colcon_core.verb:set package 'my_robot' build argument 'catkin_cmake_args' from command line to 'None'
[0.152s] Level 5:colcon.colcon_core.verb:set package 'my_robot' build argument 'catkin_skip_building_tests' from command line to 'False'
[0.152s] DEBUG:colcon.colcon_core.verb:Building package 'my_robot' with the following arguments: {'ament_cmake_args': None, 'build_base': '/home/intel/example_ws/build/my_robot', 'catkin_cmake_args': None, 'catkin_skip_building_tests': False, 'cmake_args': None, 'cmake_clean_cache': False, 'cmake_clean_first': False, 'cmake_force_configure': False, 'cmake_target': None, 'cmake_target_skip_unavailable': False, 'install_base': '/home/intel/example_ws/install/my_robot', 'merge_install': False, 'path': '/home/intel/example_ws/src/my_robot', 'symlink_install': True, 'test_result_base': None}
[0.153s] INFO:colcon.colcon_core.executor:Executing jobs using 'parallel' executor
[0.153s] DEBUG:colcon.colcon_parallel_executor.executor.parallel:run_until_complete
[0.153s] INFO:colcon.colcon_ros.task.ament_python.build:Building ROS package in '/home/intel/example_ws/src/my_robot' with build type 'ament_python'
[0.154s] Level 1:colcon.colcon_core.shell:create_environment_hook('my_robot', 'ament_prefix_path')
[0.157s] INFO:colcon.colcon_core.plugin_system:Skipping extension 'colcon_core.shell.bat': Not used on non-Windows systems
[0.158s] INFO:colcon.colcon_core.shell:Creating environment hook '/home/intel/example_ws/install/my_robot/share/my_robot/hook/ament_prefix_path.ps1'
[0.159s] INFO:colcon.colcon_core.shell:Creating environment descriptor '/home/intel/example_ws/install/my_robot/share/my_robot/hook/ament_prefix_path.dsv'
[0.159s] INFO:colcon.colcon_core.shell:Creating environment hook '/home/intel/example_ws/install/my_robot/share/my_robot/hook/ament_prefix_path.sh'
[0.160s] INFO:colcon.colcon_core.shell:Skip shell extension 'powershell' for command environment: Not usable outside of PowerShell
[0.160s] DEBUG:colcon.colcon_core.shell:Skip shell extension 'dsv' for command environment
[0.306s] DEBUG:colcon.colcon_parallel_executor.executor.parallel:closing loop
[0.306s] DEBUG:colcon.colcon_parallel_executor.executor.parallel:loop closed
[0.306s] DEBUG:colcon.colcon_parallel_executor.executor.parallel:run_until_complete finished with 'Command '['/usr/bin/python3', '-c', 'import sys;from contextlib import suppress;exec("with suppress(ImportError):    from setuptools.extern.packaging.specifiers    import SpecifierSet");exec("with suppress(ImportError):    from packaging.specifiers import SpecifierSet");from distutils.core import run_setup;dist = run_setup(    \'setup.py\', script_args=(\'--dry-run\',), stop_after=\'config\');skip_keys = (\'cmdclass\', \'distclass\', \'ext_modules\', \'metadata\');data = {    key: value for key, value in dist.__dict__.items()     if (        not key.startswith(\'_\') and         not callable(value) and         key not in skip_keys and         key not in dist.display_option_names    )};data[\'metadata\'] = {    k: v for k, v in dist.metadata.__dict__.items()     if k not in (\'license_files\', \'provides_extras\')};sys.stdout.buffer.write(repr(data).encode(\'utf-8\'))']' returned non-zero exit status 1.'
[0.306s] DEBUG:colcon.colcon_core.event_reactor:joining thread
[0.306s] DEBUG:colcon.colcon_core.event_reactor:joined thread
[0.307s] INFO:colcon.colcon_core.shell:Creating prefix script '/home/intel/example_ws/install/local_setup.ps1'
[0.308s] INFO:colcon.colcon_core.shell:Creating prefix util module '/home/intel/example_ws/install/_local_setup_util_ps1.py'
[0.309s] INFO:colcon.colcon_core.shell:Creating prefix chain script '/home/intel/example_ws/install/setup.ps1'
[0.312s] INFO:colcon.colcon_core.shell:Creating prefix script '/home/intel/example_ws/install/local_setup.sh'
[0.312s] INFO:colcon.colcon_core.shell:Creating prefix util module '/home/intel/example_ws/install/_local_setup_util_sh.py'
[0.313s] INFO:colcon.colcon_core.shell:Creating prefix chain script '/home/intel/example_ws/install/setup.sh'
[0.315s] INFO:colcon.colcon_core.shell:Creating prefix script '/home/intel/example_ws/install/local_setup.bash'
[0.316s] INFO:colcon.colcon_core.shell:Creating prefix chain script '/home/intel/example_ws/install/setup.bash'
[0.318s] INFO:colcon.colcon_core.shell:Creating prefix script '/home/intel/example_ws/install/local_setup.zsh'
[0.319s] INFO:colcon.colcon_core.shell:Creating prefix chain script '/home/intel/example_ws/install/setup.zsh'
