[2.075s] Invoking command in '/home/intel/example_ws/src/ros2_21_tutorials/learning_launch': DEBUGINFOD_URLS=https://debuginfod.ubuntu.com PYTHONPATH=/home/intel/example_ws/build/learning_launch/prefix_override:/usr/lib/python3/dist-packages/colcon_core/task/python/colcon_distutils_commands:/home/intel/example_ws/install/learning_launch/lib/python3.12/site-packages:${PYTHONPATH} /usr/bin/python3 -W ignore:setup.py install is deprecated -W ignore:easy_install command is deprecated setup.py egg_info --egg-base ../../../build/learning_launch build --build-base /home/intel/example_ws/build/learning_launch/build install --record /home/intel/example_ws/build/learning_launch/install.log --single-version-externally-managed install_data
[2.598s] running egg_info
[2.599s] creating ../../../build/learning_launch/learning_launch.egg-info
[2.599s] writing ../../../build/learning_launch/learning_launch.egg-info/PKG-INFO
[2.599s] writing dependency_links to ../../../build/learning_launch/learning_launch.egg-info/dependency_links.txt
[2.599s] writing requirements to ../../../build/learning_launch/learning_launch.egg-info/requires.txt
[2.599s] writing top-level names to ../../../build/learning_launch/learning_launch.egg-info/top_level.txt
[2.599s] writing manifest file '../../../build/learning_launch/learning_launch.egg-info/SOURCES.txt'
[2.599s] reading manifest file '../../../build/learning_launch/learning_launch.egg-info/SOURCES.txt'
[2.599s] writing manifest file '../../../build/learning_launch/learning_launch.egg-info/SOURCES.txt'
[2.599s] running build
[2.599s] running build_py
[2.599s] creating /home/intel/example_ws/build/learning_launch/build
[2.599s] creating /home/intel/example_ws/build/learning_launch/build/lib
[2.599s] creating /home/intel/example_ws/build/learning_launch/build/lib/learning_launch
[2.599s] copying learning_launch/__init__.py -> /home/intel/example_ws/build/learning_launch/build/lib/learning_launch
[2.599s] running install
[2.599s] running install_lib
[2.599s] creating /home/intel/example_ws/install/learning_launch/lib/python3.12/site-packages/learning_launch
[2.599s] copying /home/intel/example_ws/build/learning_launch/build/lib/learning_launch/__init__.py -> /home/intel/example_ws/install/learning_launch/lib/python3.12/site-packages/learning_launch
[2.600s] byte-compiling /home/intel/example_ws/install/learning_launch/lib/python3.12/site-packages/learning_launch/__init__.py to __init__.cpython-312.pyc
[2.600s] running install_data
[2.600s] creating /home/intel/example_ws/install/learning_launch/share/ament_index
[2.600s] creating /home/intel/example_ws/install/learning_launch/share/ament_index/resource_index
[2.600s] creating /home/intel/example_ws/install/learning_launch/share/ament_index/resource_index/packages
[2.600s] copying resource/learning_launch -> /home/intel/example_ws/install/learning_launch/share/ament_index/resource_index/packages
[2.600s] copying package.xml -> /home/intel/example_ws/install/learning_launch/share/learning_launch
[2.600s] creating /home/intel/example_ws/install/learning_launch/share/learning_launch/launch
[2.600s] copying launch/parameters_yaml.launch.py -> /home/intel/example_ws/install/learning_launch/share/learning_launch/launch
[2.600s] copying launch/remapping.launch.py -> /home/intel/example_ws/install/learning_launch/share/learning_launch/launch
[2.600s] copying launch/parameters.launch.py -> /home/intel/example_ws/install/learning_launch/share/learning_launch/launch
[2.600s] copying launch/simple.launch.py -> /home/intel/example_ws/install/learning_launch/share/learning_launch/launch
[2.600s] copying launch/rviz.launch.py -> /home/intel/example_ws/install/learning_launch/share/learning_launch/launch
[2.600s] copying launch/namespaces.launch.py -> /home/intel/example_ws/install/learning_launch/share/learning_launch/launch
[2.600s] copying launch/parameters_nonamespace.launch.py -> /home/intel/example_ws/install/learning_launch/share/learning_launch/launch
[2.600s] creating /home/intel/example_ws/install/learning_launch/share/learning_launch/config
[2.600s] copying config/turtlesim.yaml -> /home/intel/example_ws/install/learning_launch/share/learning_launch/config
[2.600s] creating /home/intel/example_ws/install/learning_launch/share/learning_launch/rviz
[2.600s] copying rviz/turtle_rviz.rviz -> /home/intel/example_ws/install/learning_launch/share/learning_launch/rviz
[2.601s] running install_egg_info
[2.601s] Copying ../../../build/learning_launch/learning_launch.egg-info to /home/intel/example_ws/install/learning_launch/lib/python3.12/site-packages/learning_launch-0.0.0-py3.12.egg-info
[2.601s] running install_scripts
[2.601s] writing list of installed files to '/home/intel/example_ws/build/learning_launch/install.log'
[2.651s] Invoked command in '/home/intel/example_ws/src/ros2_21_tutorials/learning_launch' returned '0': DEBUGINFOD_URLS=https://debuginfod.ubuntu.com PYTHONPATH=/home/intel/example_ws/build/learning_launch/prefix_override:/usr/lib/python3/dist-packages/colcon_core/task/python/colcon_distutils_commands:/home/intel/example_ws/install/learning_launch/lib/python3.12/site-packages:${PYTHONPATH} /usr/bin/python3 -W ignore:setup.py install is deprecated -W ignore:easy_install command is deprecated setup.py egg_info --egg-base ../../../build/learning_launch build --build-base /home/intel/example_ws/build/learning_launch/build install --record /home/intel/example_ws/build/learning_launch/install.log --single-version-externally-managed install_data
