/home/intel/example_ws/install/learning_tf/lib/python3.12/site-packages/learning_tf/static_tf_broadcaster.py
/home/intel/example_ws/install/learning_tf/lib/python3.12/site-packages/learning_tf/tf_listener.py
/home/intel/example_ws/install/learning_tf/lib/python3.12/site-packages/learning_tf/__init__.py
/home/intel/example_ws/install/learning_tf/lib/python3.12/site-packages/learning_tf/turtle_following.py
/home/intel/example_ws/install/learning_tf/lib/python3.12/site-packages/learning_tf/turtle_tf_broadcaster.py
/home/intel/example_ws/install/learning_tf/lib/python3.12/site-packages/learning_tf/__pycache__/static_tf_broadcaster.cpython-312.pyc
/home/intel/example_ws/install/learning_tf/lib/python3.12/site-packages/learning_tf/__pycache__/tf_listener.cpython-312.pyc
/home/intel/example_ws/install/learning_tf/lib/python3.12/site-packages/learning_tf/__pycache__/__init__.cpython-312.pyc
/home/intel/example_ws/install/learning_tf/lib/python3.12/site-packages/learning_tf/__pycache__/turtle_following.cpython-312.pyc
/home/intel/example_ws/install/learning_tf/lib/python3.12/site-packages/learning_tf/__pycache__/turtle_tf_broadcaster.cpython-312.pyc
/home/intel/example_ws/install/learning_tf/share/ament_index/resource_index/packages/learning_tf
/home/intel/example_ws/install/learning_tf/share/learning_tf/package.xml
/home/intel/example_ws/install/learning_tf/share/learning_tf/launch/turtle_following_demo.launch.py
/home/intel/example_ws/install/learning_tf/lib/python3.12/site-packages/learning_tf-0.0.0-py3.12.egg-info/dependency_links.txt
/home/intel/example_ws/install/learning_tf/lib/python3.12/site-packages/learning_tf-0.0.0-py3.12.egg-info/requires.txt
/home/intel/example_ws/install/learning_tf/lib/python3.12/site-packages/learning_tf-0.0.0-py3.12.egg-info/PKG-INFO
/home/intel/example_ws/install/learning_tf/lib/python3.12/site-packages/learning_tf-0.0.0-py3.12.egg-info/entry_points.txt
/home/intel/example_ws/install/learning_tf/lib/python3.12/site-packages/learning_tf-0.0.0-py3.12.egg-info/zip-safe
/home/intel/example_ws/install/learning_tf/lib/python3.12/site-packages/learning_tf-0.0.0-py3.12.egg-info/SOURCES.txt
/home/intel/example_ws/install/learning_tf/lib/python3.12/site-packages/learning_tf-0.0.0-py3.12.egg-info/top_level.txt
/home/intel/example_ws/install/learning_tf/lib/learning_tf/static_tf_broadcaster
/home/intel/example_ws/install/learning_tf/lib/learning_tf/tf_listener
/home/intel/example_ws/install/learning_tf/lib/learning_tf/turtle_following
/home/intel/example_ws/install/learning_tf/lib/learning_tf/turtle_tf_broadcaster
