[0.765s] Invoking command in '/home/intel/example_ws/build/learning_parameter_cpp': CMAKE_PREFIX_PATH=${CMAKE_PREFIX_PATH}:/opt/ros/jazzy DEBUGINFOD_URLS=https://debuginfod.ubuntu.com /usr/bin/cmake /home/intel/example_ws/src/ros2_21_tutorials/learning_parameter_cpp -DCMAKE_INSTALL_PREFIX=/home/intel/example_ws/install/learning_parameter_cpp
[1.218s] -- The C compiler identification is GNU 13.3.0
[1.218s] -- The CXX compiler identification is GNU 13.3.0
[1.218s] -- Detecting C compiler ABI info
[1.218s] -- Detecting C compiler ABI info - done
[1.219s] -- Check for working C compiler: /usr/bin/cc - skipped
[1.219s] -- Detecting C compile features
[1.219s] -- Detecting C compile features - done
[1.219s] -- Detecting CXX compiler ABI info
[1.219s] -- Detecting CXX compiler ABI info - done
[1.219s] -- Check for working CXX compiler: /usr/bin/c++ - skipped
[1.219s] -- Detecting CXX compile features
[1.219s] -- Detecting CXX compile features - done
[1.219s] -- Found ament_cmake: 2.5.6 (/opt/ros/jazzy/share/ament_cmake/cmake)
[1.244s] -- Found Python3: /usr/bin/python3 (found version "3.12.3") found components: Interpreter 
[1.388s] -- Found rclcpp: 28.1.18 (/opt/ros/jazzy/share/rclcpp/cmake)
[1.438s] -- Found rosidl_generator_c: 4.6.7 (/opt/ros/jazzy/share/rosidl_generator_c/cmake)
[1.457s] -- Found rosidl_generator_cpp: 4.6.7 (/opt/ros/jazzy/share/rosidl_generator_cpp/cmake)
[1.480s] -- Using all available rosidl_typesupport_c: rosidl_typesupport_fastrtps_c;rosidl_typesupport_introspection_c
[1.507s] -- Using all available rosidl_typesupport_cpp: rosidl_typesupport_fastrtps_cpp;rosidl_typesupport_introspection_cpp
[1.609s] -- Found rmw_implementation_cmake: 7.3.3 (/opt/ros/jazzy/share/rmw_implementation_cmake/cmake)
[1.613s] -- Found rmw_fastrtps_cpp: 8.4.3 (/opt/ros/jazzy/share/rmw_fastrtps_cpp/cmake)
[1.696s] -- Found OpenSSL: /usr/lib/x86_64-linux-gnu/libcrypto.so (found version "3.0.13")  
[1.722s] -- Found FastRTPS: /opt/ros/jazzy/include (Required is at least version "2.13") 
[1.749s] -- Using RMW implementation 'rmw_fastrtps_cpp' as default
[1.847s] -- Found ament_lint_auto: 0.17.5 (/opt/ros/jazzy/share/ament_lint_auto/cmake)
[1.992s] -- Added test 'cppcheck' to perform static code analysis on C / C++ code
[1.992s] -- Configured cppcheck include dirs: 
[1.992s] -- Configured cppcheck exclude dirs and/or files: 
[1.993s] -- Added test 'lint_cmake' to check CMake code style
[1.993s] -- Added test 'uncrustify' to check C / C++ code style
[1.993s] -- Configured uncrustify additional arguments: 
[1.994s] -- Added test 'xmllint' to check XML markup files
[1.995s] -- Configuring done (1.2s)
[2.005s] -- Generating done (0.0s)
[2.014s] -- Build files have been written to: /home/intel/example_ws/build/learning_parameter_cpp
[2.025s] Invoked command in '/home/intel/example_ws/build/learning_parameter_cpp' returned '0': CMAKE_PREFIX_PATH=${CMAKE_PREFIX_PATH}:/opt/ros/jazzy DEBUGINFOD_URLS=https://debuginfod.ubuntu.com /usr/bin/cmake /home/intel/example_ws/src/ros2_21_tutorials/learning_parameter_cpp -DCMAKE_INSTALL_PREFIX=/home/intel/example_ws/install/learning_parameter_cpp
[2.028s] Invoking command in '/home/intel/example_ws/build/learning_parameter_cpp': CMAKE_PREFIX_PATH=${CMAKE_PREFIX_PATH}:/opt/ros/jazzy DEBUGINFOD_URLS=https://debuginfod.ubuntu.com /usr/bin/cmake --build /home/intel/example_ws/build/learning_parameter_cpp -- -j14 -l14
[2.087s] [ 50%] [32mBuilding CXX object CMakeFiles/param_declare.dir/src/param_declare.cpp.o[0m
[6.957s] [100%] [32m[1mLinking CXX executable param_declare[0m
[7.270s] [100%] Built target param_declare
[7.302s] Invoked command in '/home/intel/example_ws/build/learning_parameter_cpp' returned '0': CMAKE_PREFIX_PATH=${CMAKE_PREFIX_PATH}:/opt/ros/jazzy DEBUGINFOD_URLS=https://debuginfod.ubuntu.com /usr/bin/cmake --build /home/intel/example_ws/build/learning_parameter_cpp -- -j14 -l14
[7.305s] Invoking command in '/home/intel/example_ws/build/learning_parameter_cpp': CMAKE_PREFIX_PATH=${CMAKE_PREFIX_PATH}:/opt/ros/jazzy DEBUGINFOD_URLS=https://debuginfod.ubuntu.com /usr/bin/cmake --install /home/intel/example_ws/build/learning_parameter_cpp
[7.323s] -- Install configuration: ""
[7.323s] -- Installing: /home/intel/example_ws/install/learning_parameter_cpp/lib/learning_parameter_cpp/param_declare
[7.324s] -- Set non-toolchain portion of runtime path of "/home/intel/example_ws/install/learning_parameter_cpp/lib/learning_parameter_cpp/param_declare" to ""
[7.324s] -- Installing: /home/intel/example_ws/install/learning_parameter_cpp/share/ament_index/resource_index/package_run_dependencies/learning_parameter_cpp
[7.326s] -- Installing: /home/intel/example_ws/install/learning_parameter_cpp/share/ament_index/resource_index/parent_prefix_path/learning_parameter_cpp
[7.327s] -- Installing: /home/intel/example_ws/install/learning_parameter_cpp/share/learning_parameter_cpp/environment/ament_prefix_path.sh
[7.327s] -- Installing: /home/intel/example_ws/install/learning_parameter_cpp/share/learning_parameter_cpp/environment/ament_prefix_path.dsv
[7.328s] -- Installing: /home/intel/example_ws/install/learning_parameter_cpp/share/learning_parameter_cpp/environment/path.sh
[7.328s] -- Installing: /home/intel/example_ws/install/learning_parameter_cpp/share/learning_parameter_cpp/environment/path.dsv
[7.328s] -- Installing: /home/intel/example_ws/install/learning_parameter_cpp/share/learning_parameter_cpp/local_setup.bash
[7.328s] -- Installing: /home/intel/example_ws/install/learning_parameter_cpp/share/learning_parameter_cpp/local_setup.sh
[7.328s] -- Installing: /home/intel/example_ws/install/learning_parameter_cpp/share/learning_parameter_cpp/local_setup.zsh
[7.328s] -- Installing: /home/intel/example_ws/install/learning_parameter_cpp/share/learning_parameter_cpp/local_setup.dsv
[7.328s] -- Installing: /home/intel/example_ws/install/learning_parameter_cpp/share/learning_parameter_cpp/package.dsv
[7.328s] -- Installing: /home/intel/example_ws/install/learning_parameter_cpp/share/ament_index/resource_index/packages/learning_parameter_cpp
[7.328s] -- Installing: /home/intel/example_ws/install/learning_parameter_cpp/share/learning_parameter_cpp/cmake/learning_parameter_cppConfig.cmake
[7.330s] -- Installing: /home/intel/example_ws/install/learning_parameter_cpp/share/learning_parameter_cpp/cmake/learning_parameter_cppConfig-version.cmake
[7.330s] -- Installing: /home/intel/example_ws/install/learning_parameter_cpp/share/learning_parameter_cpp/package.xml
[7.335s] Invoked command in '/home/intel/example_ws/build/learning_parameter_cpp' returned '0': CMAKE_PREFIX_PATH=${CMAKE_PREFIX_PATH}:/opt/ros/jazzy DEBUGINFOD_URLS=https://debuginfod.ubuntu.com /usr/bin/cmake --install /home/intel/example_ws/build/learning_parameter_cpp
