[0.568s] Invoking command in '/home/intel/example_ws/build/learning_node_cpp': CMAKE_PREFIX_PATH=${CMAKE_PREFIX_PATH}:/opt/ros/jazzy DEBUGINFOD_URLS=https://debuginfod.ubuntu.com /usr/bin/cmake /home/intel/example_ws/src/ros2_21_tutorials/learning_node_cpp -DCMAKE_INSTALL_PREFIX=/home/intel/example_ws/install/learning_node_cpp
[1.227s] -- The C compiler identification is GNU 13.3.0
[1.228s] -- The CXX compiler identification is GNU 13.3.0
[1.228s] -- Detecting C compiler ABI info
[1.228s] -- Detecting C compiler ABI info - done
[1.228s] -- Check for working C compiler: /usr/bin/cc - skipped
[1.228s] -- Detecting C compile features
[1.228s] -- Detecting C compile features - done
[1.228s] -- Detecting CXX compiler ABI info
[1.228s] -- Detecting CXX compiler ABI info - done
[1.228s] -- Check for working CXX compiler: /usr/bin/c++ - skipped
[1.228s] -- Detecting CXX compile features
[1.228s] -- Detecting CXX compile features - done
[1.228s] -- Found ament_cmake: 2.5.6 (/opt/ros/jazzy/share/ament_cmake/cmake)
[1.228s] -- Found Python3: /usr/bin/python3 (found version "3.12.3") found components: Interpreter 
[1.228s] -- Found rclcpp: 28.1.18 (/opt/ros/jazzy/share/rclcpp/cmake)
[1.228s] -- Found rosidl_generator_c: 4.6.7 (/opt/ros/jazzy/share/rosidl_generator_c/cmake)
[1.228s] -- Found rosidl_generator_cpp: 4.6.7 (/opt/ros/jazzy/share/rosidl_generator_cpp/cmake)
[1.229s] -- Using all available rosidl_typesupport_c: rosidl_typesupport_fastrtps_c;rosidl_typesupport_introspection_c
[1.229s] -- Using all available rosidl_typesupport_cpp: rosidl_typesupport_fastrtps_cpp;rosidl_typesupport_introspection_cpp
[1.400s] -- Found rmw_implementation_cmake: 7.3.3 (/opt/ros/jazzy/share/rmw_implementation_cmake/cmake)
[1.406s] -- Found rmw_fastrtps_cpp: 8.4.3 (/opt/ros/jazzy/share/rmw_fastrtps_cpp/cmake)
[1.529s] -- Found OpenSSL: /usr/lib/x86_64-linux-gnu/libcrypto.so (found version "3.0.13")  
[1.554s] -- Found FastRTPS: /opt/ros/jazzy/include (Required is at least version "2.13") 
[1.588s] -- Using RMW implementation 'rmw_fastrtps_cpp' as default
[1.695s] -- Found ament_lint_auto: 0.17.5 (/opt/ros/jazzy/share/ament_lint_auto/cmake)
[1.827s] -- Added test 'cppcheck' to perform static code analysis on C / C++ code
[1.827s] -- Configured cppcheck include dirs: 
[1.827s] -- Configured cppcheck exclude dirs and/or files: 
[1.828s] -- Added test 'lint_cmake' to check CMake code style
[1.829s] -- Added test 'uncrustify' to check C / C++ code style
[1.830s] -- Configured uncrustify additional arguments: 
[1.830s] -- Added test 'xmllint' to check XML markup files
[1.831s] -- Configuring done (1.3s)
[1.853s] -- Generating done (0.0s)
[1.857s] -- Build files have been written to: /home/intel/example_ws/build/learning_node_cpp
[1.958s] Invoked command in '/home/intel/example_ws/build/learning_node_cpp' returned '0': CMAKE_PREFIX_PATH=${CMAKE_PREFIX_PATH}:/opt/ros/jazzy DEBUGINFOD_URLS=https://debuginfod.ubuntu.com /usr/bin/cmake /home/intel/example_ws/src/ros2_21_tutorials/learning_node_cpp -DCMAKE_INSTALL_PREFIX=/home/intel/example_ws/install/learning_node_cpp
[1.959s] Invoking command in '/home/intel/example_ws/build/learning_node_cpp': CMAKE_PREFIX_PATH=${CMAKE_PREFIX_PATH}:/opt/ros/jazzy DEBUGINFOD_URLS=https://debuginfod.ubuntu.com /usr/bin/cmake --build /home/intel/example_ws/build/learning_node_cpp -- -j14 -l14
[2.030s] [ 50%] [32mBuilding CXX object CMakeFiles/node_helloworld_class.dir/src/node_helloworld_class.cpp.o[0m
[6.238s] [100%] [32m[1mLinking CXX executable node_helloworld_class[0m
[6.855s] [100%] Built target node_helloworld_class
[6.884s] Invoked command in '/home/intel/example_ws/build/learning_node_cpp' returned '0': CMAKE_PREFIX_PATH=${CMAKE_PREFIX_PATH}:/opt/ros/jazzy DEBUGINFOD_URLS=https://debuginfod.ubuntu.com /usr/bin/cmake --build /home/intel/example_ws/build/learning_node_cpp -- -j14 -l14
[6.887s] Invoking command in '/home/intel/example_ws/build/learning_node_cpp': CMAKE_PREFIX_PATH=${CMAKE_PREFIX_PATH}:/opt/ros/jazzy DEBUGINFOD_URLS=https://debuginfod.ubuntu.com /usr/bin/cmake --install /home/intel/example_ws/build/learning_node_cpp
[6.912s] -- Install configuration: ""
[6.912s] -- Installing: /home/intel/example_ws/install/learning_node_cpp/lib/learning_node_cpp/node_helloworld_class
[6.914s] -- Set non-toolchain portion of runtime path of "/home/intel/example_ws/install/learning_node_cpp/lib/learning_node_cpp/node_helloworld_class" to ""
[6.914s] -- Installing: /home/intel/example_ws/install/learning_node_cpp/share/ament_index/resource_index/package_run_dependencies/learning_node_cpp
[6.915s] -- Installing: /home/intel/example_ws/install/learning_node_cpp/share/ament_index/resource_index/parent_prefix_path/learning_node_cpp
[6.915s] -- Installing: /home/intel/example_ws/install/learning_node_cpp/share/learning_node_cpp/environment/ament_prefix_path.sh
[6.916s] -- Installing: /home/intel/example_ws/install/learning_node_cpp/share/learning_node_cpp/environment/ament_prefix_path.dsv
[6.916s] -- Installing: /home/intel/example_ws/install/learning_node_cpp/share/learning_node_cpp/environment/path.sh
[6.916s] -- Installing: /home/intel/example_ws/install/learning_node_cpp/share/learning_node_cpp/environment/path.dsv
[6.917s] -- Installing: /home/intel/example_ws/install/learning_node_cpp/share/learning_node_cpp/local_setup.bash
[6.917s] -- Installing: /home/intel/example_ws/install/learning_node_cpp/share/learning_node_cpp/local_setup.sh
[6.917s] -- Installing: /home/intel/example_ws/install/learning_node_cpp/share/learning_node_cpp/local_setup.zsh
[6.917s] -- Installing: /home/intel/example_ws/install/learning_node_cpp/share/learning_node_cpp/local_setup.dsv
[6.919s] -- Installing: /home/intel/example_ws/install/learning_node_cpp/share/learning_node_cpp/package.dsv
[6.919s] -- Installing: /home/intel/example_ws/install/learning_node_cpp/share/ament_index/resource_index/packages/learning_node_cpp
[6.919s] -- Installing: /home/intel/example_ws/install/learning_node_cpp/share/learning_node_cpp/cmake/learning_node_cppConfig.cmake
[6.919s] -- Installing: /home/intel/example_ws/install/learning_node_cpp/share/learning_node_cpp/cmake/learning_node_cppConfig-version.cmake
[6.919s] -- Installing: /home/intel/example_ws/install/learning_node_cpp/share/learning_node_cpp/package.xml
[6.939s] Invoked command in '/home/intel/example_ws/build/learning_node_cpp' returned '0': CMAKE_PREFIX_PATH=${CMAKE_PREFIX_PATH}:/opt/ros/jazzy DEBUGINFOD_URLS=https://debuginfod.ubuntu.com /usr/bin/cmake --install /home/intel/example_ws/build/learning_node_cpp
